
 Start  Stop   Length Name               Class

 00000H 02519H 0251AH _TEXT              CODE
 0251AH 02788H 0026FH TEST_TEXT          CODE
 0278AH 0285FH 000D6H OS_CPU_A_TEXT      CODE
 02860H 02A20H 001C1H OS_CPU_C_TEXT      CODE
 02A21H 02D9DH 0037DH PC_TEXT            CODE
 02D9EH 04849H 01AACH UCOS_II_TEXT       CODE
 04850H 04850H 00000H _FARDATA           FAR_DATA
 04850H 04850H 00000H _FARBSS            FAR_BSS
 04850H 04850H 00000H _OVERLAY_          OVRINFO
 04850H 04850H 00000H _1STUB_            STUBSEG
 04850H 04D7FH 00530H _DATA              DATA
 04D80H 04D81H 00002H _CVTSEG            DATA
 04D82H 04D87H 00006H _SCNSEG            DATA
 04D88H 04D88H 00000H _CONST             CONST
 04D88H 04D93H 0000CH _INIT_             INITDATA
 04D94H 04D94H 00000H _INITEND_          INITDATA
 04D94H 04D94H 00000H _EXIT_             EXITDATA
 04D94H 04D94H 00000H _EXITEND_          EXITDATA
 04D94H 08FCDH 0423AH _BSS               BSS
 08FCEH 08FCEH 00000H _BSSEND            BSSEND
 08FD0H 0904FH 00080H _STACK             STACK


Detailed map of segments

 0000:0000 0295 C=CODE   S=_TEXT          G=(none)  M=c0.ASM     ACBP=28
 0000:0295 002D C=CODE   S=_TEXT          G=(none)  M=ATEXIT     ACBP=28
 0000:02C2 0093 C=CODE   S=_TEXT          G=(none)  M=EXIT       ACBP=28
 0000:0355 0000 C=CODE   S=_TEXT          G=(none)  M=FILES      ACBP=28
 0000:0355 0000 C=CODE   S=_TEXT          G=(none)  M=FILES2     ACBP=28
 0000:0355 0017 C=CODE   S=_TEXT          G=(none)  M=F_LXMUL    ACBP=28
 0000:036C 0026 C=CODE   S=_TEXT          G=(none)  M=GETDATE    ACBP=28
 0000:0392 00AE C=CODE   S=_TEXT          G=(none)  M=H_LDIV     ACBP=28
 0000:0440 0021 C=CODE   S=_TEXT          G=(none)  M=H_LLSH     ACBP=28
 0000:0461 0021 C=CODE   S=_TEXT          G=(none)  M=H_LURSH    ACBP=28
 0000:0482 0060 C=CODE   S=_TEXT          G=(none)  M=H_PADD     ACBP=28
 0000:04E2 004B C=CODE   S=_TEXT          G=(none)  M=IOERROR    ACBP=28
 0000:052D 0011 C=CODE   S=_TEXT          G=(none)  M=ISATTY     ACBP=28
 0000:053E 00A2 C=CODE   S=_TEXT          G=(none)  M=LONGTOA    ACBP=28
 0000:05E0 0029 C=CODE   S=_TEXT          G=(none)  M=LSEEK      ACBP=28
 0000:0609 0021 C=CODE   S=_TEXT          G=(none)  M=N_PCMP     ACBP=28
 0000:062A 00BA C=CODE   S=_TEXT          G=(none)  M=SETUPIO    ACBP=28
 0000:06E4 0000 C=CODE   S=_TEXT          G=(none)  M=STKLEN     ACBP=28
 0000:06E4 04DB C=CODE   S=_TEXT          G=(none)  M=VPRINTER   ACBP=28
 0000:0BBF 009F C=CODE   S=_TEXT          G=(none)  M=VRAM       ACBP=28
 0000:0C5E 0000 C=CODE   S=_TEXT          G=(none)  M=WSCROLL    ACBP=28
 0000:0C5E 014E C=CODE   S=_TEXT          G=(none)  M=CPRINTF    ACBP=28
 0000:0DAC 01A5 C=CODE   S=_TEXT          G=(none)  M=CRTINIT    ACBP=28
 0000:0F51 001F C=CODE   S=_TEXT          G=(none)  M=CVTFAK     ACBP=28
 0000:0F70 0432 C=CODE   S=_TEXT          G=(none)  M=FARHEAP    ACBP=28
 0000:13A2 0140 C=CODE   S=_TEXT          G=(none)  M=FBRK       ACBP=28
 0000:14E2 005E C=CODE   S=_TEXT          G=(none)  M=GETCH      ACBP=28
 0000:1540 00AC C=CODE   S=_TEXT          G=(none)  M=GPTEXT     ACBP=28
 0000:15EC 0012 C=CODE   S=_TEXT          G=(none)  M=KBHIT      ACBP=28
 0000:15FE 009D C=CODE   S=_TEXT          G=(none)  M=MOVETEXT   ACBP=28
 0000:169B 0017 C=CODE   S=_TEXT          G=(none)  M=PUTCH      ACBP=28
 0000:16B2 0004 C=CODE   S=_TEXT          G=(none)  M=REALCVT    ACBP=28
 0000:16B6 01C7 C=CODE   S=_TEXT          G=(none)  M=SCREEN     ACBP=28
 0000:187D 018E C=CODE   S=_TEXT          G=(none)  M=SCROLL     ACBP=28
 0000:1A0B 001C C=CODE   S=_TEXT          G=(none)  M=SETBLOCK   ACBP=28
 0000:1A27 006A C=CODE   S=_TEXT          G=(none)  M=SETJMP     ACBP=28
 0000:1A91 002C C=CODE   S=_TEXT          G=(none)  M=WHEREXY    ACBP=28
 0000:1ABD 00CD C=CODE   S=_TEXT          G=(none)  M=FFLUSH     ACBP=28
 0000:1B8A 0042 C=CODE   S=_TEXT          G=(none)  M=FLUSHALL   ACBP=28
 0000:1BCC 01E2 C=CODE   S=_TEXT          G=(none)  M=FSEEK      ACBP=28
 0000:1DAE 0024 C=CODE   S=_TEXT          G=(none)  M=MEMCPY     ACBP=28
 0000:1DD2 001B C=CODE   S=_TEXT          G=(none)  M=PRINTF     ACBP=28
 0000:1DED 03C8 C=CODE   S=_TEXT          G=(none)  M=PUTC       ACBP=28
 0000:21B5 011D C=CODE   S=_TEXT          G=(none)  M=SETVBUF    ACBP=28
 0000:22D2 0083 C=CODE   S=_TEXT          G=(none)  M=SPRINTF    ACBP=28
 0000:2355 0151 C=CODE   S=_TEXT          G=(none)  M=WRITE      ACBP=28
 0000:24A6 003C C=CODE   S=_TEXT          G=(none)  M=WRITEA     ACBP=28
 0000:24E2 0038 C=CODE   S=_TEXT          G=(none)  M=XFFLUSH    ACBP=28
 0251:000A 026F C=CODE   S=TEST_TEXT      G=(none)  M=test.c     ACBP=28
 0278:000A 00D6 C=CODE   S=OS_CPU_A_TEXT  G=(none)  M=\SOFTWARE\uCOS-II\Ix86L\BC45\OS_CPU_A.ASM ACBP=48
 0286:0000 01C1 C=CODE   S=OS_CPU_C_TEXT  G=(none)  M=os_cpu_c.c ACBP=28
 02A2:0001 037D C=CODE   S=PC_TEXT        G=(none)  M=pc.c       ACBP=28
 02D9:000E 1AAC C=CODE   S=UCOS_II_TEXT   G=(none)  M=ucos_ii.c  ACBP=28
 0485:0000 0000 C=FAR_DATA S=_FARDATA       G=(none)  M=c0.ASM     ACBP=68
 0485:0000 0000 C=FAR_BSS S=_FARBSS        G=(none)  M=c0.ASM     ACBP=68
 0485:0000 0000 C=OVRINFO S=_OVERLAY_      G=(none)  M=c0.ASM     ACBP=68
 0485:0000 0000 C=STUBSEG S=_1STUB_        G=(none)  M=c0.ASM     ACBP=68
 0485:0000 0093 C=DATA   S=_DATA          G=DGROUP  M=c0.ASM     ACBP=68
 0485:0094 0068 C=DATA   S=_DATA          G=DGROUP  M=test.c     ACBP=48
 0485:00FC 0000 C=DATA   S=_DATA          G=DGROUP  M=\SOFTWARE\uCOS-II\Ix86L\BC45\OS_CPU_A.ASM ACBP=48
 0485:00FC 0000 C=DATA   S=_DATA          G=DGROUP  M=os_cpu_c.c ACBP=48
 0485:00FC 001F C=DATA   S=_DATA          G=DGROUP  M=pc.c       ACBP=48
 0485:011C 012F C=DATA   S=_DATA          G=DGROUP  M=ucos_ii.c  ACBP=48
 0485:024C 0002 C=DATA   S=_DATA          G=DGROUP  M=ATEXIT     ACBP=48
 0485:024E 000C C=DATA   S=_DATA          G=DGROUP  M=EXIT       ACBP=48
 0485:025A 0190 C=DATA   S=_DATA          G=DGROUP  M=FILES      ACBP=48
 0485:03EA 002A C=DATA   S=_DATA          G=DGROUP  M=FILES2     ACBP=48
 0485:0414 0000 C=DATA   S=_DATA          G=DGROUP  M=F_LXMUL    ACBP=48
 0485:0414 0000 C=DATA   S=_DATA          G=DGROUP  M=GETDATE    ACBP=48
 0485:0414 0000 C=DATA   S=_DATA          G=DGROUP  M=H_LDIV     ACBP=48
 0485:0414 0000 C=DATA   S=_DATA          G=DGROUP  M=H_LLSH     ACBP=48
 0485:0414 0000 C=DATA   S=_DATA          G=DGROUP  M=H_LURSH    ACBP=48
 0485:0414 0000 C=DATA   S=_DATA          G=DGROUP  M=H_PADD     ACBP=48
 0485:0414 005B C=DATA   S=_DATA          G=DGROUP  M=IOERROR    ACBP=48
 0485:0470 0000 C=DATA   S=_DATA          G=DGROUP  M=ISATTY     ACBP=48
 0485:0470 0000 C=DATA   S=_DATA          G=DGROUP  M=LONGTOA    ACBP=48
 0485:0470 0000 C=DATA   S=_DATA          G=DGROUP  M=LSEEK      ACBP=48
 0485:0470 0000 C=DATA   S=_DATA          G=DGROUP  M=N_PCMP     ACBP=48
 0485:0470 0000 C=DATA   S=_DATA          G=DGROUP  M=SETUPIO    ACBP=48
 0485:0470 0002 C=DATA   S=_DATA          G=DGROUP  M=STKLEN     ACBP=48
 0485:0472 0067 C=DATA   S=_DATA          G=DGROUP  M=VPRINTER   ACBP=48
 0485:04DA 0000 C=DATA   S=_DATA          G=DGROUP  M=VRAM       ACBP=48
 0485:04DA 0002 C=DATA   S=_DATA          G=DGROUP  M=WSCROLL    ACBP=48
 0485:04DC 0000 C=DATA   S=_DATA          G=DGROUP  M=CPRINTF    ACBP=48
 0485:04DC 0018 C=DATA   S=_DATA          G=DGROUP  M=CRTINIT    ACBP=48
 0485:04F4 0031 C=DATA   S=_DATA          G=DGROUP  M=CVTFAK     ACBP=48
 0485:0526 0000 C=DATA   S=_DATA          G=DGROUP  M=FARHEAP    ACBP=48
 0485:0526 0002 C=DATA   S=_DATA          G=DGROUP  M=FBRK       ACBP=48
 0485:0528 0000 C=DATA   S=_DATA          G=DGROUP  M=GETCH      ACBP=48
 0485:0528 0000 C=DATA   S=_DATA          G=DGROUP  M=GPTEXT     ACBP=48
 0485:0528 0002 C=DATA   S=_DATA          G=DGROUP  M=KBHIT      ACBP=48
 0485:052A 0000 C=DATA   S=_DATA          G=DGROUP  M=MOVETEXT   ACBP=48
 0485:052A 0000 C=DATA   S=_DATA          G=DGROUP  M=PUTCH      ACBP=48
 0485:052A 0000 C=DATA   S=_DATA          G=DGROUP  M=REALCVT    ACBP=48
 0485:052A 0000 C=DATA   S=_DATA          G=DGROUP  M=SCREEN     ACBP=48
 0485:052A 0000 C=DATA   S=_DATA          G=DGROUP  M=SCROLL     ACBP=48
 0485:052A 0000 C=DATA   S=_DATA          G=DGROUP  M=SETBLOCK   ACBP=48
 0485:052A 0000 C=DATA   S=_DATA          G=DGROUP  M=SETJMP     ACBP=48
 0485:052A 0000 C=DATA   S=_DATA          G=DGROUP  M=WHEREXY    ACBP=48
 0485:052A 0000 C=DATA   S=_DATA          G=DGROUP  M=FFLUSH     ACBP=48
 0485:052A 0000 C=DATA   S=_DATA          G=DGROUP  M=FLUSHALL   ACBP=48
 0485:052A 0000 C=DATA   S=_DATA          G=DGROUP  M=FSEEK      ACBP=48
 0485:052A 0000 C=DATA   S=_DATA          G=DGROUP  M=MEMCPY     ACBP=48
 0485:052A 0000 C=DATA   S=_DATA          G=DGROUP  M=PRINTF     ACBP=48
 0485:052A 0001 C=DATA   S=_DATA          G=DGROUP  M=PUTC       ACBP=48
 0485:052C 0004 C=DATA   S=_DATA          G=DGROUP  M=SETVBUF    ACBP=48
 0485:0530 0000 C=DATA   S=_DATA          G=DGROUP  M=SPRINTF    ACBP=48
 0485:0530 0000 C=DATA   S=_DATA          G=DGROUP  M=WRITE      ACBP=48
 0485:0530 0000 C=DATA   S=_DATA          G=DGROUP  M=WRITEA     ACBP=48
 0485:0530 0000 C=DATA   S=_DATA          G=DGROUP  M=XFFLUSH    ACBP=48
 0485:0530 0000 C=DATA   S=_CVTSEG        G=DGROUP  M=c0.ASM     ACBP=48
 0485:0530 0002 C=DATA   S=_CVTSEG        G=DGROUP  M=CVTFAK     ACBP=48
 0485:0532 0000 C=DATA   S=_CVTSEG        G=DGROUP  M=REALCVT    ACBP=48
 0485:0532 0000 C=DATA   S=_SCNSEG        G=DGROUP  M=c0.ASM     ACBP=48
 0485:0532 0006 C=DATA   S=_SCNSEG        G=DGROUP  M=CVTFAK     ACBP=48
 0485:0538 0000 C=CONST  S=_CONST         G=DGROUP  M=c0.ASM     ACBP=48
 0485:0538 0000 C=INITDATA S=_INIT_         G=DGROUP  M=c0.ASM     ACBP=48
 0485:0538 0006 C=INITDATA S=_INIT_         G=DGROUP  M=SETUPIO    ACBP=48
 0485:053E 0006 C=INITDATA S=_INIT_         G=DGROUP  M=CRTINIT    ACBP=48
 0485:0544 0000 C=INITDATA S=_INITEND_      G=DGROUP  M=c0.ASM     ACBP=28
 0485:0544 0000 C=EXITDATA S=_EXIT_         G=DGROUP  M=c0.ASM     ACBP=48
 0485:0544 0000 C=EXITDATA S=_EXITEND_      G=DGROUP  M=c0.ASM     ACBP=28
 0485:0544 0000 C=BSS    S=_BSS           G=DGROUP  M=c0.ASM     ACBP=48
 0485:0544 3000 C=BSS    S=_BSS           G=DGROUP  M=test.c     ACBP=48
 0485:3544 0001 C=BSS    S=_BSS           G=DGROUP  M=os_cpu_c.c ACBP=48
 0485:3546 001B C=BSS    S=_BSS           G=DGROUP  M=pc.c       ACBP=48
 0485:3562 119A C=BSS    S=_BSS           G=DGROUP  M=ucos_ii.c  ACBP=48
 0485:46FC 0080 C=BSS    S=_BSS           G=DGROUP  M=ATEXIT     ACBP=48
 0485:477C 0000 C=BSS    S=_BSS           G=DGROUP  M=IOERROR    ACBP=48
 0485:477C 0000 C=BSS    S=_BSS           G=DGROUP  M=ISATTY     ACBP=48
 0485:477C 0000 C=BSS    S=_BSS           G=DGROUP  M=LONGTOA    ACBP=48
 0485:477C 0000 C=BSS    S=_BSS           G=DGROUP  M=LSEEK      ACBP=48
 0485:477C 0000 C=BSS    S=_BSS           G=DGROUP  M=SETUPIO    ACBP=48
 0485:477C 0000 C=BSS    S=_BSS           G=DGROUP  M=VPRINTER   ACBP=48
 0485:477C 0000 C=BSS    S=_BSS           G=DGROUP  M=VRAM       ACBP=48
 0485:477C 0000 C=BSS    S=_BSS           G=DGROUP  M=CRTINIT    ACBP=48
 0485:477C 0000 C=BSS    S=_BSS           G=DGROUP  M=GETCH      ACBP=48
 0485:477C 0000 C=BSS    S=_BSS           G=DGROUP  M=KBHIT      ACBP=48
 0485:477C 0000 C=BSS    S=_BSS           G=DGROUP  M=SETBLOCK   ACBP=48
 0485:477C 0000 C=BSS    S=_BSS           G=DGROUP  M=SETJMP     ACBP=48
 0485:477C 0000 C=BSS    S=_BSS           G=DGROUP  M=MEMCPY     ACBP=48
 0485:477C 0001 C=BSS    S=_BSS           G=DGROUP  M=PUTC       ACBP=48
 0485:477E 0000 C=BSS    S=_BSS           G=DGROUP  M=WRITEA     ACBP=48
 0485:477E 0000 C=BSSEND S=_BSSEND        G=DGROUP  M=c0.ASM     ACBP=28
 08FD:0000 0080 C=STACK  S=_STACK         G=(none)  M=c0.ASM     ACBP=74

  Address         Publics by Name

 0485:0000 idle  DATASEG@
 0000:0291 idle  DGROUP@
 0000:0395 idle  F_LDIV@
 0000:03A4 idle  F_LMOD@
 0000:039C       F_LUDIV@
 0000:03AC idle  F_LUMOD@
 0000:0443       F_LXLSH@
 0000:0355       F_LXMUL@
 0000:0464       F_LXURSH@
 0000:0485 idle  F_PADD@
 0000:04B4 idle  F_PSUB@
 0000:0395 idle  LDIV@
 0000:03A4 idle  LMOD@
 0000:039C idle  LUDIV@
 0000:03AC idle  LUMOD@
 0000:0443 idle  LXLSH@
 0000:0355 idle  LXMUL@
 0000:0464 idle  LXURSH@
 0000:0392 idle  N_LDIV@
 0000:03A1 idle  N_LMOD@
 0000:0399 idle  N_LUDIV@
 0000:03A9 idle  N_LUMOD@
 0000:0440       N_LXLSH@
 0000:0461 idle  N_LXURSH@
 0000:0482       N_PADD@
 0000:0609       N_PCMP@
 0000:04B1 idle  N_PSUB@
 0000:0485 idle  PADD@
 0000:04B4 idle  PSUB@
 0000:027A       _abort
 0000:0295 idle  _atexit
 0000:0D90 idle  _cprintf
 0485:04EB       _directvideo
 0485:007F       _errno
 0000:031A       _exit
 0000:10B0 idle  _farfree
 0000:11C4 idle  _farmalloc
 0000:1328 idle  _farrealloc
 0000:1ABD       _fflush
 0000:1B8A       _flushall
 0000:1E09 idle  _fputc
 0000:1F9E idle  _fputchar
 0000:10B0       _free
 0000:1C4E       _fseek
 0000:1CCE idle  _ftell
 0000:14E2       _getch
 0000:14FE idle  _getche
 0000:036C       _getdate
 0000:1540       _gettext
 0000:037F       _gettime
 0000:052D       _isatty
 0000:15EC       _kbhit
 0485:0094 idle  _limits
 0000:1A5D       _longjmp
 0000:05E0       _lseek
 0251:000A       _main
 0000:11BA       _malloc
 0000:1DAE       _memcpy
 0000:15FE       _movetext
 0485:45B3 idle  _OSCPUUsage
 0278:0028       _OSCtxSw
 0485:46F8 idle  _OSCtxSwCtr
 0485:46F4 idle  _OSEventFreeList
 0485:45B4 idle  _OSEventTbl
 0485:4196 idle  _OSIdleCtr
 0485:45AF idle  _OSIdleCtrMax
 0485:45AB idle  _OSIdleCtrRun
 02D9:000E       _OSInit
 0251:0264       _OSInitHookBegin
 0251:0265       _OSInitHookEnd
 0278:0063       _OSIntCtxSw
 02D9:003C idle  _OSIntEnter
 02D9:004F       _OSIntExit
 0485:41A8 idle  _OSIntExitY
 0485:41A9       _OSIntNesting
 0485:41A7 idle  _OSLockNesting
 0485:011C idle  _OSMapTbl
 02D9:095B idle  _OSMboxAccept
 02D9:09A6 idle  _OSMboxCreate
 02D9:0A1B idle  _OSMboxDel
 02D9:0B39 idle  _OSMboxPend
 02D9:0C3B idle  _OSMboxPost
 02D9:0CB3 idle  _OSMboxPostOpt
 02D9:0D56 idle  _OSMboxQuery
 0485:41A6       _OSPrioCur
 0485:41A5       _OSPrioHighRdy
 02D9:0E4A idle  _OSQAccept
 02D9:0EEA idle  _OSQCreate
 02D9:100D idle  _OSQDel
 02D9:118A idle  _OSQFlush
 0485:35DE idle  _OSQFreeList
 02D9:11E2 idle  _OSQPend
 02D9:1328 idle  _OSQPost
 02D9:13F0 idle  _OSQPostFront
 02D9:14B2 idle  _OSQPostOpt
 02D9:15F0 idle  _OSQQuery
 0485:3566 idle  _OSQTbl
 0485:41A4 idle  _OSRdyGrp
 0485:419C idle  _OSRdyTbl
 0485:419B       _OSRunning
 02D9:00C5 idle  _OSSchedLock
 02D9:00DB idle  _OSSchedUnlock
 02D9:0108       _OSStart
 0278:000A       _OSStartHighRdy
 02D9:013D       _OSStatInit
 0485:45AA idle  _OSStatRdy
 02D9:177B       _OSTaskCreateExt
 0251:0266       _OSTaskCreateHook
 0485:419A idle  _OSTaskCtr
 0251:026B idle  _OSTaskDelHook
 0251:0270       _OSTaskIdleHook
 0485:3D96 idle  _OSTaskIdleStk
 0251:0271       _OSTaskStatHook
 0485:41AA idle  _OSTaskStatStk
 02D9:186B idle  _OSTaskStkChk
 0286:0000       _OSTaskStkInit
 0286:00E6 idle  _OSTaskStkInit_FPE_x86
 0251:0272       _OSTaskSwHook
 0485:3D92       _OSTCBCur
 0485:3D8E idle  _OSTCBFreeList
 0485:3D8A       _OSTCBHighRdy
 0251:0273       _OSTCBInitHook
 0485:3D86 idle  _OSTCBList
 0485:3C86 idle  _OSTCBPrioTbl
 0485:35E2 idle  _OSTCBTbl
 0485:3544       _OSTickDOSCtr
 0278:0090       _OSTickISR
 0485:3562 idle  _OSTime
 02D9:1950       _OSTimeDly
 02D9:1997 idle  _OSTimeDlyHMSM
 02D9:1A86       _OSTimeGet
 02D9:1AA5 idle  _OSTimeSet
 02D9:0178       _OSTimeTick
 0251:0278       _OSTimeTickHook
 0485:0124 idle  _OSUnMapTbl
 02D9:0218 idle  _OSVersion
 02D9:021C idle  _OS_EventTaskRdy
 02D9:02E6 idle  _OS_EventTaskWait
 02D9:0353 idle  _OS_EventTO
 02D9:03A7 idle  _OS_EventWaitListInit
 02D9:172B idle  _OS_QInit
 02D9:05DD idle  _OS_Sched
 02D9:063E idle  _OS_TaskIdle
 02D9:0663 idle  _OS_TaskStat
 02D9:072F idle  _OS_TCBInit
 02A2:0001 idle  _PC_DispChar
 02A2:003F idle  _PC_DispClrCol
 02A2:0085 idle  _PC_DispClrRow
 02A2:00BE idle  _PC_DispClrScr
 02A2:00EF idle  _PC_DispStr
 02A2:013E idle  _PC_DOSReturn
 02A2:0152       _PC_DOSSaveReturn
 02A2:01C0 idle  _PC_ElapsedInit
 02A2:01D4 idle  _PC_ElapsedStart
 02A2:01FA idle  _PC_ElapsedStop
 02A2:024B idle  _PC_GetDateTime
 02A2:029E idle  _PC_GetKey
 02A2:02C5       _PC_SetTickRate
 0485:3546 idle  _PC_TickISR
 02A2:0312 idle  _PC_VectGet
 02A2:0349       _PC_VectSet
 0000:1DD2       _printf
 0000:169B       _putch
 0000:1596       _puttext
 0000:1321 idle  _realloc
 0000:1A0B       _setblock
 0000:1A27       _setjmp
 0000:21B5       _setvbuf
 0000:2312       _sprintf
 0485:1544 idle  _task1_stk
 0251:0182 idle  _task2
 0485:0544 idle  _task2_stk
 0000:1522 idle  _ungetch
 0000:2334 idle  _vsprintf
 0000:1A9B idle  _wherex
 0000:1AAA idle  _wherey
 0485:2544 idle  _worker_stk
 0000:1000 idle  __AHINCR
 0000:000C idle  __AHSHIFT
 0485:024C       __atexitcnt
 0485:46FC       __atexittbl
 0000:1418       __brk
 0485:008B       __brklvl
 0485:006B idle  __C0argc
 0485:006D idle  __C0argv
 0000:0E72 idle  __c0crtinit
 0485:0071 idle  __C0environ
 0485:0529       __cChar
 0000:033B idle  __cexit
 0485:0528       __cFlag
 0000:016A       __checknull
 0000:0157       __cleanup
 0000:0C5E       __CPUTN
 0000:0E8F idle  __crtinit
 0000:0000  Abs  __cvtfak
 0000:0349 idle  __c_exit
 0485:0414 idle  __doserrno
 0000:051B idle  __DOSERROR
 0485:0416 idle  __dosErrorToSV
 0485:0075 idle  __envLng
 0485:0077 idle  __envseg
 0485:0079 idle  __envSize
 0000:0329       __exit
 0485:024E       __exitbuf
 0485:0252 idle  __exitfopen
 0485:0256 idle  __exitopen
 0000:1DED idle  __fputc
 0000:1FB2       __FPUTN
 0485:0087       __heapbase
 0485:008F       __heaptop
 0485:005B idle  __Int0Vector
 0485:005F idle  __Int4Vector
 0485:0063 idle  __Int5Vector
 0485:0067 idle  __Int6Vector
 0000:04E2       __IOERROR
 0000:053E       __LONGTOA
 0000:0293 idle  __MMODEL
 0485:03EA       __nfile
 0000:14FB idle  __Ngetche
 0000:151F idle  __Nungetch
 0485:03EC       __openfd
 0485:007D idle  __osmajor
 0485:007E idle  __osminor
 0485:007D idle  __osversion
 0485:007B       __psp
 0000:16B2       __REALCVT
 0485:0530       __RealCvtVector
 0000:01C0       __restorezero
 0000:1457       __sbrk
 0485:0532 idle  __ScanTodVector
 0000:17EC       __SCREENIO
 0000:189F       __SCROLL
 0000:062A       __setupio
 0485:0081 idle  __StartTime
 0485:0470       __stklen
 0485:025A       __streams
 0000:016B       __terminate
 0000:0000 idle  __turboCrt
 0000:05C0 idle  __UTOA
 0000:1828       __VALIDATEXY
 0485:007D idle  __version
 0485:04DC       __video
 0000:0DE7       __VideoInt
 0000:06FC       __VPRINTER
 0000:0BBF       __VPTR
 0000:0BE4       __VRAM
 0000:1A91       __wherexy
 0000:24A6       __write
 0485:04DA       __wscroll
 0000:24E2       __xfflush
 0485:0085 idle  ___brklvl
 0000:0F70 idle  ___first
 0000:0F72 idle  ___last
 0000:0F74 idle  ___rover
 0000:2355       ___write

  Address         Publics by Value

 0000:0000 idle  __turboCrt
 0000:0000  Abs  __cvtfak
 0000:000C idle  __AHSHIFT
 0000:0157       __cleanup
 0000:016A       __checknull
 0000:016B       __terminate
 0000:01C0       __restorezero
 0000:027A       _abort
 0000:0291 idle  DGROUP@
 0000:0293 idle  __MMODEL
 0000:0295 idle  _atexit
 0000:031A       _exit
 0000:0329       __exit
 0000:033B idle  __cexit
 0000:0349 idle  __c_exit
 0000:0355       F_LXMUL@
 0000:0355 idle  LXMUL@
 0000:036C       _getdate
 0000:037F       _gettime
 0000:0392 idle  N_LDIV@
 0000:0395 idle  LDIV@
 0000:0395 idle  F_LDIV@
 0000:0399 idle  N_LUDIV@
 0000:039C       F_LUDIV@
 0000:039C idle  LUDIV@
 0000:03A1 idle  N_LMOD@
 0000:03A4 idle  F_LMOD@
 0000:03A4 idle  LMOD@
 0000:03A9 idle  N_LUMOD@
 0000:03AC idle  LUMOD@
 0000:03AC idle  F_LUMOD@
 0000:0440       N_LXLSH@
 0000:0443       F_LXLSH@
 0000:0443 idle  LXLSH@
 0000:0461 idle  N_LXURSH@
 0000:0464       F_LXURSH@
 0000:0464 idle  LXURSH@
 0000:0482       N_PADD@
 0000:0485 idle  F_PADD@
 0000:0485 idle  PADD@
 0000:04B1 idle  N_PSUB@
 0000:04B4 idle  F_PSUB@
 0000:04B4 idle  PSUB@
 0000:04E2       __IOERROR
 0000:051B idle  __DOSERROR
 0000:052D       _isatty
 0000:053E       __LONGTOA
 0000:05C0 idle  __UTOA
 0000:05E0       _lseek
 0000:0609       N_PCMP@
 0000:062A       __setupio
 0000:06FC       __VPRINTER
 0000:0BBF       __VPTR
 0000:0BE4       __VRAM
 0000:0C5E       __CPUTN
 0000:0D90 idle  _cprintf
 0000:0DE7       __VideoInt
 0000:0E72 idle  __c0crtinit
 0000:0E8F idle  __crtinit
 0000:0F70 idle  ___first
 0000:0F72 idle  ___last
 0000:0F74 idle  ___rover
 0000:1000 idle  __AHINCR
 0000:10B0       _free
 0000:10B0 idle  _farfree
 0000:11BA       _malloc
 0000:11C4 idle  _farmalloc
 0000:1321 idle  _realloc
 0000:1328 idle  _farrealloc
 0000:1418       __brk
 0000:1457       __sbrk
 0000:14E2       _getch
 0000:14FB idle  __Ngetche
 0000:14FE idle  _getche
 0000:151F idle  __Nungetch
 0000:1522 idle  _ungetch
 0000:1540       _gettext
 0000:1596       _puttext
 0000:15EC       _kbhit
 0000:15FE       _movetext
 0000:169B       _putch
 0000:16B2       __REALCVT
 0000:17EC       __SCREENIO
 0000:1828       __VALIDATEXY
 0000:189F       __SCROLL
 0000:1A0B       _setblock
 0000:1A27       _setjmp
 0000:1A5D       _longjmp
 0000:1A91       __wherexy
 0000:1A9B idle  _wherex
 0000:1AAA idle  _wherey
 0000:1ABD       _fflush
 0000:1B8A       _flushall
 0000:1C4E       _fseek
 0000:1CCE idle  _ftell
 0000:1DAE       _memcpy
 0000:1DD2       _printf
 0000:1DED idle  __fputc
 0000:1E09 idle  _fputc
 0000:1F9E idle  _fputchar
 0000:1FB2       __FPUTN
 0000:21B5       _setvbuf
 0000:2312       _sprintf
 0000:2334 idle  _vsprintf
 0000:2355       ___write
 0000:24A6       __write
 0000:24E2       __xfflush
 0251:000A       _main
 0251:0182 idle  _task2
 0251:0264       _OSInitHookBegin
 0251:0265       _OSInitHookEnd
 0251:0266       _OSTaskCreateHook
 0251:026B idle  _OSTaskDelHook
 0251:0270       _OSTaskIdleHook
 0251:0271       _OSTaskStatHook
 0251:0272       _OSTaskSwHook
 0251:0273       _OSTCBInitHook
 0251:0278       _OSTimeTickHook
 0278:000A       _OSStartHighRdy
 0278:0028       _OSCtxSw
 0278:0063       _OSIntCtxSw
 0278:0090       _OSTickISR
 0286:0000       _OSTaskStkInit
 0286:00E6 idle  _OSTaskStkInit_FPE_x86
 02A2:0001 idle  _PC_DispChar
 02A2:003F idle  _PC_DispClrCol
 02A2:0085 idle  _PC_DispClrRow
 02A2:00BE idle  _PC_DispClrScr
 02A2:00EF idle  _PC_DispStr
 02A2:013E idle  _PC_DOSReturn
 02A2:0152       _PC_DOSSaveReturn
 02A2:01C0 idle  _PC_ElapsedInit
 02A2:01D4 idle  _PC_ElapsedStart
 02A2:01FA idle  _PC_ElapsedStop
 02A2:024B idle  _PC_GetDateTime
 02A2:029E idle  _PC_GetKey
 02A2:02C5       _PC_SetTickRate
 02A2:0312 idle  _PC_VectGet
 02A2:0349       _PC_VectSet
 02D9:000E       _OSInit
 02D9:003C idle  _OSIntEnter
 02D9:004F       _OSIntExit
 02D9:00C5 idle  _OSSchedLock
 02D9:00DB idle  _OSSchedUnlock
 02D9:0108       _OSStart
 02D9:013D       _OSStatInit
 02D9:0178       _OSTimeTick
 02D9:0218 idle  _OSVersion
 02D9:021C idle  _OS_EventTaskRdy
 02D9:02E6 idle  _OS_EventTaskWait
 02D9:0353 idle  _OS_EventTO
 02D9:03A7 idle  _OS_EventWaitListInit
 02D9:05DD idle  _OS_Sched
 02D9:063E idle  _OS_TaskIdle
 02D9:0663 idle  _OS_TaskStat
 02D9:072F idle  _OS_TCBInit
 02D9:095B idle  _OSMboxAccept
 02D9:09A6 idle  _OSMboxCreate
 02D9:0A1B idle  _OSMboxDel
 02D9:0B39 idle  _OSMboxPend
 02D9:0C3B idle  _OSMboxPost
 02D9:0CB3 idle  _OSMboxPostOpt
 02D9:0D56 idle  _OSMboxQuery
 02D9:0E4A idle  _OSQAccept
 02D9:0EEA idle  _OSQCreate
 02D9:100D idle  _OSQDel
 02D9:118A idle  _OSQFlush
 02D9:11E2 idle  _OSQPend
 02D9:1328 idle  _OSQPost
 02D9:13F0 idle  _OSQPostFront
 02D9:14B2 idle  _OSQPostOpt
 02D9:15F0 idle  _OSQQuery
 02D9:172B idle  _OS_QInit
 02D9:177B       _OSTaskCreateExt
 02D9:186B idle  _OSTaskStkChk
 02D9:1950       _OSTimeDly
 02D9:1997 idle  _OSTimeDlyHMSM
 02D9:1A86       _OSTimeGet
 02D9:1AA5 idle  _OSTimeSet
 0485:0000 idle  DATASEG@
 0485:005B idle  __Int0Vector
 0485:005F idle  __Int4Vector
 0485:0063 idle  __Int5Vector
 0485:0067 idle  __Int6Vector
 0485:006B idle  __C0argc
 0485:006D idle  __C0argv
 0485:0071 idle  __C0environ
 0485:0075 idle  __envLng
 0485:0077 idle  __envseg
 0485:0079 idle  __envSize
 0485:007B       __psp
 0485:007D idle  __osversion
 0485:007D idle  __osmajor
 0485:007D idle  __version
 0485:007E idle  __osminor
 0485:007F       _errno
 0485:0081 idle  __StartTime
 0485:0085 idle  ___brklvl
 0485:0087       __heapbase
 0485:008B       __brklvl
 0485:008F       __heaptop
 0485:0094 idle  _limits
 0485:011C idle  _OSMapTbl
 0485:0124 idle  _OSUnMapTbl
 0485:024C       __atexitcnt
 0485:024E       __exitbuf
 0485:0252 idle  __exitfopen
 0485:0256 idle  __exitopen
 0485:025A       __streams
 0485:03EA       __nfile
 0485:03EC       __openfd
 0485:0414 idle  __doserrno
 0485:0416 idle  __dosErrorToSV
 0485:0470       __stklen
 0485:04DA       __wscroll
 0485:04DC       __video
 0485:04EB       _directvideo
 0485:0528       __cFlag
 0485:0529       __cChar
 0485:0530       __RealCvtVector
 0485:0532 idle  __ScanTodVector
 0485:0544 idle  _task2_stk
 0485:1544 idle  _task1_stk
 0485:2544 idle  _worker_stk
 0485:3544       _OSTickDOSCtr
 0485:3546 idle  _PC_TickISR
 0485:3562 idle  _OSTime
 0485:3566 idle  _OSQTbl
 0485:35DE idle  _OSQFreeList
 0485:35E2 idle  _OSTCBTbl
 0485:3C86 idle  _OSTCBPrioTbl
 0485:3D86 idle  _OSTCBList
 0485:3D8A       _OSTCBHighRdy
 0485:3D8E idle  _OSTCBFreeList
 0485:3D92       _OSTCBCur
 0485:3D96 idle  _OSTaskIdleStk
 0485:4196 idle  _OSIdleCtr
 0485:419A idle  _OSTaskCtr
 0485:419B       _OSRunning
 0485:419C idle  _OSRdyTbl
 0485:41A4 idle  _OSRdyGrp
 0485:41A5       _OSPrioHighRdy
 0485:41A6       _OSPrioCur
 0485:41A7 idle  _OSLockNesting
 0485:41A8 idle  _OSIntExitY
 0485:41A9       _OSIntNesting
 0485:41AA idle  _OSTaskStatStk
 0485:45AA idle  _OSStatRdy
 0485:45AB idle  _OSIdleCtrRun
 0485:45AF idle  _OSIdleCtrMax
 0485:45B3 idle  _OSCPUUsage
 0485:45B4 idle  _OSEventTbl
 0485:46F4 idle  _OSEventFreeList
 0485:46F8 idle  _OSCtxSwCtr
 0485:46FC       __atexittbl

Program entry point at 0000:0000

