Archive member included because of file (symbol)

c:/altera/11.0sp1/nios2eds/bin/gnu/h-i686-mingw32/bin/../lib/gcc/nios2-elf/4.1.2/../../../../nios2-elf/lib\libc.a(lib_a-puts.o)
                              obj/hello_ucosii.o (puts)
c:/altera/11.0sp1/nios2eds/bin/gnu/h-i686-mingw32/bin/../lib/gcc/nios2-elf/4.1.2/../../../../nios2-elf/lib\libc.a(lib_a-strlen.o)
                              c:/altera/11.0sp1/nios2eds/bin/gnu/h-i686-mingw32/bin/../lib/gcc/nios2-elf/4.1.2/../../../../nios2-elf/lib\libc.a(lib_a-puts.o) (strlen)
c:/altera/11.0sp1/nios2eds/bin/gnu/h-i686-mingw32/bin/../lib/gcc/nios2-elf/4.1.2/../../../../nios2-elf/lib\libc.a(lib_a-fvwrite.o)
                              c:/altera/11.0sp1/nios2eds/bin/gnu/h-i686-mingw32/bin/../lib/gcc/nios2-elf/4.1.2/../../../../nios2-elf/lib\libc.a(lib_a-puts.o) (__sfvwrite_r)
c:/altera/11.0sp1/nios2eds/bin/gnu/h-i686-mingw32/bin/../lib/gcc/nios2-elf/4.1.2/../../../../nios2-elf/lib\libc.a(lib_a-impure.o)
                              c:/altera/11.0sp1/nios2eds/bin/gnu/h-i686-mingw32/bin/../lib/gcc/nios2-elf/4.1.2/../../../../nios2-elf/lib\libc.a(lib_a-puts.o) (_impure_ptr)
c:/altera/11.0sp1/nios2eds/bin/gnu/h-i686-mingw32/bin/../lib/gcc/nios2-elf/4.1.2/../../../../nios2-elf/lib\libc.a(lib_a-mallocr.o)
                              c:/altera/11.0sp1/nios2eds/bin/gnu/h-i686-mingw32/bin/../lib/gcc/nios2-elf/4.1.2/../../../../nios2-elf/lib\libc.a(lib_a-fvwrite.o) (_malloc_r)
c:/altera/11.0sp1/nios2eds/bin/gnu/h-i686-mingw32/bin/../lib/gcc/nios2-elf/4.1.2/../../../../nios2-elf/lib\libc.a(lib_a-memchr.o)
                              c:/altera/11.0sp1/nios2eds/bin/gnu/h-i686-mingw32/bin/../lib/gcc/nios2-elf/4.1.2/../../../../nios2-elf/lib\libc.a(lib_a-fvwrite.o) (memchr)
c:/altera/11.0sp1/nios2eds/bin/gnu/h-i686-mingw32/bin/../lib/gcc/nios2-elf/4.1.2/../../../../nios2-elf/lib\libc.a(lib_a-memcpy.o)
                              c:/altera/11.0sp1/nios2eds/bin/gnu/h-i686-mingw32/bin/../lib/gcc/nios2-elf/4.1.2/../../../../nios2-elf/lib\libc.a(lib_a-fvwrite.o) (memcpy)
c:/altera/11.0sp1/nios2eds/bin/gnu/h-i686-mingw32/bin/../lib/gcc/nios2-elf/4.1.2/../../../../nios2-elf/lib\libc.a(lib_a-memmove.o)
                              c:/altera/11.0sp1/nios2eds/bin/gnu/h-i686-mingw32/bin/../lib/gcc/nios2-elf/4.1.2/../../../../nios2-elf/lib\libc.a(lib_a-fvwrite.o) (memmove)
c:/altera/11.0sp1/nios2eds/bin/gnu/h-i686-mingw32/bin/../lib/gcc/nios2-elf/4.1.2/../../../../nios2-elf/lib\libc.a(lib_a-reallocr.o)
                              c:/altera/11.0sp1/nios2eds/bin/gnu/h-i686-mingw32/bin/../lib/gcc/nios2-elf/4.1.2/../../../../nios2-elf/lib\libc.a(lib_a-fvwrite.o) (_realloc_r)
c:/altera/11.0sp1/nios2eds/bin/gnu/h-i686-mingw32/bin/../lib/gcc/nios2-elf/4.1.2/../../../../nios2-elf/lib\libc.a(lib_a-sbrkr.o)
                              c:/altera/11.0sp1/nios2eds/bin/gnu/h-i686-mingw32/bin/../lib/gcc/nios2-elf/4.1.2/../../../../nios2-elf/lib\libc.a(lib_a-mallocr.o) (_sbrk_r)
c:/altera/11.0sp1/nios2eds/bin/gnu/h-i686-mingw32/bin/../lib/gcc/nios2-elf/4.1.2/../../../../nios2-elf/lib\libc.a(lib_a-wsetup.o)
                              c:/altera/11.0sp1/nios2eds/bin/gnu/h-i686-mingw32/bin/../lib/gcc/nios2-elf/4.1.2/../../../../nios2-elf/lib\libc.a(lib_a-fvwrite.o) (__swsetup_r)
c:/altera/11.0sp1/nios2eds/bin/gnu/h-i686-mingw32/bin/../lib/gcc/nios2-elf/4.1.2/../../../../nios2-elf/lib\libc.a(lib_a-fflush.o)
                              c:/altera/11.0sp1/nios2eds/bin/gnu/h-i686-mingw32/bin/../lib/gcc/nios2-elf/4.1.2/../../../../nios2-elf/lib\libc.a(lib_a-fvwrite.o) (_fflush_r)
c:/altera/11.0sp1/nios2eds/bin/gnu/h-i686-mingw32/bin/../lib/gcc/nios2-elf/4.1.2/../../../../nios2-elf/lib\libc.a(lib_a-findfp.o)
                              c:/altera/11.0sp1/nios2eds/bin/gnu/h-i686-mingw32/bin/../lib/gcc/nios2-elf/4.1.2/../../../../nios2-elf/lib\libc.a(lib_a-wsetup.o) (__sinit)
c:/altera/11.0sp1/nios2eds/bin/gnu/h-i686-mingw32/bin/../lib/gcc/nios2-elf/4.1.2/../../../../nios2-elf/lib\libc.a(lib_a-freer.o)
                              c:/altera/11.0sp1/nios2eds/bin/gnu/h-i686-mingw32/bin/../lib/gcc/nios2-elf/4.1.2/../../../../nios2-elf/lib\libc.a(lib_a-fvwrite.o) (_free_r)
c:/altera/11.0sp1/nios2eds/bin/gnu/h-i686-mingw32/bin/../lib/gcc/nios2-elf/4.1.2/../../../../nios2-elf/lib\libc.a(lib_a-fwalk.o)
                              c:/altera/11.0sp1/nios2eds/bin/gnu/h-i686-mingw32/bin/../lib/gcc/nios2-elf/4.1.2/../../../../nios2-elf/lib\libc.a(lib_a-fflush.o) (_fwalk_reent)
c:/altera/11.0sp1/nios2eds/bin/gnu/h-i686-mingw32/bin/../lib/gcc/nios2-elf/4.1.2/../../../../nios2-elf/lib\libc.a(lib_a-int_errno.o)
                              c:/altera/11.0sp1/nios2eds/bin/gnu/h-i686-mingw32/bin/../lib/gcc/nios2-elf/4.1.2/../../../../nios2-elf/lib\libc.a(lib_a-sbrkr.o) (errno)
c:/altera/11.0sp1/nios2eds/bin/gnu/h-i686-mingw32/bin/../lib/gcc/nios2-elf/4.1.2/../../../../nios2-elf/lib\libc.a(lib_a-makebuf.o)
[...]
Memory Configuration

Name             Origin             Length             Attributes
reset            0x00000000         0x00000020
epcs             0x00000020         0x000007e0
sdram_BEFORE_EXCEPTION 0x04000000         0x00000020
sdram            0x04000020         0x01ffffe0
*default*        0x00000000         0xffffffff

Linker script and memory map

LOAD ../Lab_2_bsp//obj/HAL/src/crt0.o
LOAD obj/hello_ucosii.o
LOAD c:/altera/11.0sp1/nios2eds/bin/gnu/h-i686-mingw32/bin/../lib/gcc/nios2-elf/4.1.2/../../../../nios2-elf/lib\libstdc++.a
LOAD c:/altera/11.0sp1/nios2eds/bin/gnu/h-i686-mingw32/bin/../lib/gcc/nios2-elf/4.1.2/../../../../nios2-elf/lib\libm.a
LOAD c:/altera/11.0sp1/nios2eds/bin/gnu/h-i686-mingw32/bin/../lib/gcc/nios2-elf/4.1.2\libgcc.a
START GROUP
LOAD c:/altera/11.0sp1/nios2eds/bin/gnu/h-i686-mingw32/bin/../lib/gcc/nios2-elf/4.1.2/../../../../nios2-elf/lib\libc.a
LOAD c:/altera/11.0sp1/nios2eds/bin/gnu/h-i686-mingw32/bin/../lib/gcc/nios2-elf/4.1.2\libgcc.a
LOAD ../Lab_2_bsp/\libucosii_bsp.a
END GROUP
LOAD c:/altera/11.0sp1/nios2eds/bin/gnu/h-i686-mingw32/bin/../lib/gcc/nios2-elf/4.1.2\libgcc.a
                0x00000000                __alt_mem_epcs = 0x0
                0x04000000                __alt_mem_sdram = 0x4000000

.entry          0x00000000        0x0
 *(.entry)
 .entry         0x00000000        0x0 ../Lab_2_bsp//obj/HAL/src/crt0.o
                0x00000000                __reset

.exceptions     0x04000020      0x19c
                0x04000020                PROVIDE (__ram_exceptions_start, ABSOLUTE (.))
                0x04000020                . = ALIGN (0x20)
 *(.irq)
 *(.exceptions.entry.label)
 .exceptions.entry.label
                0x04000020        0x0 ../Lab_2_bsp/\libucosii_bsp.a(alt_irq_entry.o)
                0x04000020                alt_irq_entry
 .exceptions.entry.label
                0x04000020        0x0 ../Lab_2_bsp/\libucosii_bsp.a(alt_exception_entry.o)
                0x04000020                alt_exception
 *(.exceptions.entry.user)
 *(.exceptions.entry)
 .exceptions.entry
                0x04000020       0x54 ../Lab_2_bsp/\libucosii_bsp.a(alt_exception_entry.o)
 *(.exceptions.irqtest.user)
 *(.exceptions.irqtest)
 .exceptions.irqtest
                0x04000074       0x10 ../Lab_2_bsp/\libucosii_bsp.a(alt_irq_entry.o)
 *(.exceptions.irqhandler.user)
 *(.exceptions.irqhandler)
 .exceptions.irqhandler
                0x04000084        0x4 ../Lab_2_bsp/\libucosii_bsp.a(alt_irq_entry.o)
 *(.exceptions.irqreturn.user)
 *(.exceptions.irqreturn)
 .exceptions.irqreturn
                0x04000088        0x4 ../Lab_2_bsp/\libucosii_bsp.a(alt_irq_entry.o)
 *(.exceptions.notirq.label)
 .exceptions.notirq.label
                0x0400008c        0x0 ../Lab_2_bsp/\libucosii_bsp.a(alt_irq_entry.o)
 *(.exceptions.notirq.user)
 *(.exceptions.notirq)
 .exceptions.notirq
                0x0400008c        0x8 ../Lab_2_bsp/\libucosii_bsp.a(alt_exception_entry.o)
 *(.exceptions.soft.user)
 *(.exceptions.soft)
 *(.exceptions.unknown.user)
 *(.exceptions.unknown)
 .exceptions.unknown
                0x04000094        0x4 ../Lab_2_bsp/\libucosii_bsp.a(alt_exception_entry.o)
 *(.exceptions.exit.label)
 .exceptions.exit.label
                0x04000098        0x0 ../Lab_2_bsp/\libucosii_bsp.a(alt_irq_entry.o)
 .exceptions.exit.label
                0x04000098        0x0 ../Lab_2_bsp/\libucosii_bsp.a(alt_exception_entry.o)
 *(.exceptions.exit.user)
 *(.exceptions.exit)
 .exceptions.exit
                0x04000098       0x54 ../Lab_2_bsp/\libucosii_bsp.a(alt_exception_entry.o)
 *(.exceptions)
 .exceptions    0x040000ec       0xd0 ../Lab_2_bsp/\libucosii_bsp.a(alt_irq_handler.o)
                0x040000ec                alt_irq_handler
                0x040001bc                PROVIDE (__ram_exceptions_end, ABSOLUTE (.))
                0x04000020                PROVIDE (__flash_exceptions_start, LOADADDR (.exceptions))

.text           0x040001bc    0x16518
                0x040001bc                PROVIDE (stext, ABSOLUTE (.))
 *(.interp)
 *(.hash)
 *(.dynsym)
 *(.dynstr)
 *(.gnu.version)
 *(.gnu.version_d)
 *(.gnu.version_r)
 *(.rel.init)
 *(.rela.init)
 *(.rel.text .rel.text.* .rel.gnu.linkonce.t.*)
 *(.rela.text .rela.text.* .rela.gnu.linkonce.t.*)
 *(.rel.fini)
 *(.rela.fini)
 *(.rel.rodata .rel.rodata.* .rel.gnu.linkonce.r.*)
 *(.rela.rodata .rela.rodata.* .rela.gnu.linkonce.r.*)
 *(.rel.data .rel.data.* .rel.gnu.linkonce.d.*)
 *(.rela.data .rela.data.* .rela.gnu.linkonce.d.*)
 *(.rel.tdata .rel.tdata.* .rel.gnu.linkonce.td.*)
 *(.rela.tdata .rela.tdata.* .rela.gnu.linkonce.td.*)
 *(.rel.tbss .rel.tbss.* .rel.gnu.linkonce.tb.*)
 *(.rela.tbss .rela.tbss.* .rela.gnu.linkonce.tb.*)
 *(.rel.ctors)
 *(.rela.ctors)
 *(.rel.dtors)
 *(.rela.dtors)
 *(.rel.got)
 *(.rela.got)
 *(.rel.sdata .rel.sdata.* .rel.gnu.linkonce.s.*)
 *(.rela.sdata .rela.sdata.* .rela.gnu.linkonce.s.*)
 *(.rel.sbss .rel.sbss.* .rel.gnu.linkonce.sb.*)
 *(.rela.sbss .rela.sbss.* .rela.gnu.linkonce.sb.*)
 *(.rel.sdata2 .rel.sdata2.* .rel.gnu.linkonce.s2.*)
 *(.rela.sdata2 .rela.sdata2.* .rela.gnu.linkonce.s2.*)
 *(.rel.sbss2 .rel.sbss2.* .rel.gnu.linkonce.sb2.*)
 *(.rela.sbss2 .rela.sbss2.* .rela.gnu.linkonce.sb2.*)
 *(.rel.bss .rel.bss.* .rel.gnu.linkonce.b.*)
 *(.rela.bss .rela.bss.* .rela.gnu.linkonce.b.*)
 *(.rel.plt)
 *(.rela.plt)
 *(.rel.dyn)
 *(.init)
 *(.plt)
 *(.text .stub .text.* .gnu.linkonce.t.*)
 .text          0x040001bc       0x38 ../Lab_2_bsp//obj/HAL/src/crt0.o
                0x040001bc                _start
 .text          0x040001f4      0x500 obj/hello_ucosii.o
                0x040001f4                main
                0x0400045c                task2
                0x040005a8                task3
 .text          0x040006f4       0xb4 c:/altera/11.0sp1/nios2eds/bin/gnu/h-i686-mingw32/bin/../lib/gcc/nios2-elf/4.1.2/../../../../nios2-elf/lib\libc.a(lib_a-puts.o)
                0x040006f4                _puts_r
                0x04000794                puts
 .text          0x040007a8       0x74 c:/altera/11.0sp1/nios2eds/bin/gnu/h-i686-mingw32/bin/../lib/gcc/nios2-elf/4.1.2/../../../../nios2-elf/lib\libc.a(lib_a-strlen.o)
                0x040007a8                strlen
 .text          0x0400081c      0x49c c:/altera/11.0sp1/nios2eds/bin/gnu/h-i686-mingw32/bin/../lib/gcc/nios2-elf/4.1.2/../../../../nios2-elf/lib\libc.a(lib_a-fvwrite.o)
                0x0400081c                __sfvwrite_r
 .text          0x04000cb8        0x0 c:/altera/11.0sp1/nios2eds/bin/gnu/h-i686-mingw32/bin/../lib/gcc/nios2-elf/4.1.2/../../../../nios2-elf/lib\libc.a(lib_a-impure.o)
 .text          0x04000cb8      0x740 c:/altera/11.0sp1/nios2eds/bin/gnu/h-i686-mingw32/bin/../lib/gcc/nios2-elf/4.1.2/../../../../nios2-elf/lib\libc.a(lib_a-mallocr.o)
                0x04000cb8                _malloc_r
 .text          0x040013f8       0xe4 c:/altera/11.0sp1/nios2eds/bin/gnu/h-i686-mingw32/bin/../lib/gcc/nios2-elf/4.1.2/../../../../nios2-elf/lib\libc.a(lib_a-memchr.o)
                0x040013f8                memchr
 .text          0x040014dc       0xa0 c:/altera/11.0sp1/nios2eds/bin/gnu/h-i686-mingw32/bin/../lib/gcc/nios2-elf/4.1.2/../../../../nios2-elf/lib\libc.a(lib_a-memcpy.o)
                0x040014dc                memcpy
 .text          0x0400157c       0xe0 c:/altera/11.0sp1/nios2eds/bin/gnu/h-i686-mingw32/bin/../lib/gcc/nios2-elf/4.1.2/../../../../nios2-elf/lib\libc.a(lib_a-memmove.o)
                0x0400157c                memmove
 .text          0x0400165c      0x5f4 c:/altera/11.0sp1/nios2eds/bin/gnu/h-i686-mingw32/bin/../lib/gcc/nios2-elf/4.1.2/../../../../nios2-elf/lib\libc.a(lib_a-reallocr.o)
                0x0400165c                _realloc_r
 .text          0x04001c50       0x70 c:/altera/11.0sp1/nios2eds/bin/gnu/h-i686-mingw32/bin/../lib/gcc/nios2-elf/4.1.2/../../../../nios2-elf/lib\libc.a(lib_a-sbrkr.o)
                0x04001c50                _sbrk_r
 .text          0x04001cc0      0x13c c:/altera/11.0sp1/nios2eds/bin/gnu/h-i686-mingw32/bin/../lib/gcc/nios2-elf/4.1.2/../../../../nios2-elf/lib\libc.a(lib_a-wsetup.o)
                0x04001cc0                __swsetup_r
 .text          0x04001dfc      0x230 c:/altera/11.0sp1/nios2eds/bin/gnu/h-i686-mingw32/bin/../lib/gcc/nios2-elf/4.1.2/../../../../nios2-elf/lib\libc.a(lib_a-fflush.o)
                0x04001dfc                _fflush_r
                0x04001ff8                fflush
 .text          0x0400202c      0x2c0 c:/altera/11.0sp1/nios2eds/bin/gnu/h-i686-mingw32/bin/../lib/gcc/nios2-elf/4.1.2/../../../../nios2-elf/lib\libc.a(lib_a-findfp.o)
                0x04002084                __sfp_lock_acquire
                0x04002088                __sfp_lock_release
                0x0400208c                __sinit_lock_acquire
                0x04002090                __sinit_lock_release
                0x04002094                __sinit
                0x04002148                __fp_unlock_all
                0x04002160                __fp_lock_all
                0x04002178                _cleanup_r
                0x04002184                _cleanup
                0x04002194                __sfmoreglue
                0x040021fc                __sfp
 .text          0x040022ec      0x440 c:/altera/11.0sp1/nios2eds/bin/gnu/h-i686-mingw32/bin/../lib/gcc/nios2-elf/4.1.2/../../../../nios2-elf/lib\libc.a(lib_a-freer.o)
                0x040022ec                _malloc_trim_r
                0x04002418                _free_r
 .text          0x0400272c      0x180 c:/altera/11.0sp1/nios2eds/bin/gnu/h-i686-mingw32/bin/../lib/gcc/nios2-elf/4.1.2/../../../../nios2-elf/lib\libc.a(lib_a-fwalk.o)
                0x0400272c                _fwalk_reent
                0x040027f4                _fwalk
 .text          0x040028ac        0x0 c:/altera/11.0sp1/nios2eds/bin/gnu/h-i686-mingw32/bin/../lib/gcc/nios2-elf/4.1.2/../../../../nios2-elf/lib\libc.a(lib_a-int_errno.o)
 .text          0x040028ac      0x194 c:/altera/11.0sp1/nios2eds/bin/gnu/h-i686-mingw32/bin/../lib/gcc/nios2-elf/4.1.2/../../../../nios2-elf/lib\libc.a(lib_a-makebuf.o)
                0x040028ac                __smakebuf_r
 .text          0x04002a40       0x98 c:/altera/11.0sp1/nios2eds/bin/gnu/h-i686-mingw32/bin/../lib/gcc/nios2-elf/4.1.2/../../../../nios2-elf/lib\libc.a(lib_a-memset.o)
                0x04002a40                memset
 .text          0x04002ad8      0x14c c:/altera/11.0sp1/nios2eds/bin/gnu/h-i686-mingw32/bin/../lib/gcc/nios2-elf/4.1.2/../../../../nios2-elf/lib\libc.a(lib_a-stdio.o)
                0x04002ad8                __sclose
                0x04002ae0                __sseek
                0x04002b48                __swrite
                0x04002bc4                __sread
 .text          0x04002c24       0x78 c:/altera/11.0sp1/nios2eds/bin/gnu/h-i686-mingw32/bin/../lib/gcc/nios2-elf/4.1.2/../../../../nios2-elf/lib\libc.a(lib_a-writer.o)
                0x04002c24                _write_r
 .text          0x04002c9c       0x70 c:/altera/11.0sp1/nios2eds/bin/gnu/h-i686-mingw32/bin/../lib/gcc/nios2-elf/4.1.2/../../../../nios2-elf/lib\libc.a(lib_a-closer.o)
                0x04002c9c                _close_r
 .text          0x04002d0c      0x124 c:/altera/11.0sp1/nios2eds/bin/gnu/h-i686-mingw32/bin/../lib/gcc/nios2-elf/4.1.2/../../../../nios2-elf/lib\libc.a(lib_a-fclose.o)
                0x04002d0c                _fclose_r
                0x04002e1c                fclose
 .text          0x04002e30       0x74 c:/altera/11.0sp1/nios2eds/bin/gnu/h-i686-mingw32/bin/../lib/gcc/nios2-elf/4.1.2/../../../../nios2-elf/lib\libc.a(lib_a-fstatr.o)
                0x04002e30                _fstat_r
 .text          0x04002ea4       0x70 c:/altera/11.0sp1/nios2eds/bin/gnu/h-i686-mingw32/bin/../lib/gcc/nios2-elf/4.1.2/../../../../nios2-elf/lib\libc.a(lib_a-isattyr.o)
                0x04002ea4                _isatty_r
 .text          0x04002f14       0x78 c:/altera/11.0sp1/nios2eds/bin/gnu/h-i686-mingw32/bin/../lib/gcc/nios2-elf/4.1.2/../../../../nios2-elf/lib\libc.a(lib_a-lseekr.o)
                0x04002f14                _lseek_r
 .text          0x04002f8c       0x78 c:/altera/11.0sp1/nios2eds/bin/gnu/h-i686-mingw32/bin/../lib/gcc/nios2-elf/4.1.2/../../../../nios2-elf/lib\libc.a(lib_a-readr.o)
                0x04002f8c                _read_r
 .text          0x04003004      0x15c ../Lab_2_bsp/\libucosii_bsp.a(alt_close.o)
                0x04003004                close
 .text          0x04003160       0x2c ../Lab_2_bsp/\libucosii_bsp.a(alt_dev.o)
 .text          0x0400318c        0x0 ../Lab_2_bsp/\libucosii_bsp.a(alt_errno.o)
 .text          0x0400318c      0x134 ../Lab_2_bsp/\libucosii_bsp.a(alt_fstat.o)
                0x0400318c                fstat
 .text          0x040032c0      0x120 ../Lab_2_bsp/\libucosii_bsp.a(alt_isatty.o)
                0x040032c0                isatty
 .text          0x040033e0      0x150 ../Lab_2_bsp/\libucosii_bsp.a(alt_lseek.o)
                0x040033e0                lseek
 .text          0x04003530       0xc8 ../Lab_2_bsp/\libucosii_bsp.a(alt_main.o)
                0x04003530                alt_main
 .text          0x040035f8      0x180 ../Lab_2_bsp/\libucosii_bsp.a(alt_read.o)
                0x040035f8                read
 .text          0x04003778       0x60 ../Lab_2_bsp/\libucosii_bsp.a(alt_release_fd.o)
                0x04003778                alt_release_fd
 .text          0x040037d8       0xbc ../Lab_2_bsp/\libucosii_bsp.a(alt_sbrk.o)
                0x040037d8                sbrk
 .text          0x04003894      0x180 ../Lab_2_bsp/\libucosii_bsp.a(alt_write.o)
                0x04003894                write
 .text          0x04003a14      0x108 ../Lab_2_bsp/\libucosii_bsp.a(alt_env_lock.o)
                0x04003a14                __env_lock
                0x04003ac0                __env_unlock
 .text          0x04003b1c      0x1d8 ../Lab_2_bsp/\libucosii_bsp.a(alt_malloc_lock.o)
                0x04003b1c                __malloc_lock
                0x04003c24                __malloc_unlock
 .text          0x04003cf4     0x2264 ../Lab_2_bsp/\libucosii_bsp.a(os_core.o)
                0x04003cf4                OSEventNameGet
                0x04003e24                OSEventNameSet
                0x04003f68                OSEventPendMulti
                0x0400461c                OSInit
                0x04004670                OSIntEnter
                0x040046ec                OSIntExit
                0x040047fc                OSSchedLock
                0x04004888                OSSchedUnlock
                0x0400496c                OSStart
                0x040049dc                OSStatInit
                0x04004a88                OSTimeTick
                0x04004cd8                OSVersion
                0x04004cf8                OS_Dummy
                0x04004d14                OS_EventTaskRdy
                0x04004ea8                OS_EventTaskWait
                0x04004fb8                OS_EventTaskWaitMulti
                0x0400510c                OS_EventTaskRemove
                0x040051c4                OS_EventTaskRemoveMulti
                0x040052c8                OS_EventWaitListInit
                0x04005694                OS_MemClr
                0x040056e8                OS_MemCopy
                0x04005754                OS_Sched
                0x04005838                OSNextTask
                0x04005974                OS_StrCopy
                0x040059f4                OS_StrLen
                0x04005a4c                OS_TaskIdle
                0x04005aa8                OS_TaskStat
                0x04005b70                OS_TaskStatStkChk
                0x04005c38                OS_TCBInit
 .text          0x04005f58      0x18c ../Lab_2_bsp/\libucosii_bsp.a(os_dbg.o)
                0x04005f58                OSDebugInit
 .text          0x040060e4     0x193c ../Lab_2_bsp/\libucosii_bsp.a(os_flag.o)
                0x040060e4                OSFlagAccept
                0x04006418                OSFlagCreate
                0x04006554                OSFlagDel
                0x040067fc                OSFlagNameGet
                0x04006940                OSFlagNameSet
                0x04006a94                OSFlagPend
                0x040070d8                OSFlagPendGetFlagsRdy
                0x04007140                OSFlagPost
                0x040074e8                OSFlagQuery
                0x04007780                OS_FlagInit
                0x04007974                OS_FlagUnlink
 .text          0x04007a20      0x808 ../Lab_2_bsp/\libucosii_bsp.a(os_mem.o)
                0x04007a20                OSMemCreate
                0x04007c3c                OSMemGet
                0x04007d40                OSMemNameGet
                0x04007e4c                OSMemNameSet
                0x04007f6c                OSMemPut
                0x0400805c                OSMemQuery
                0x04008158                OS_MemInit
 .text          0x04008228     0x1334 ../Lab_2_bsp/\libucosii_bsp.a(os_q.o)
                0x04008228                OSQAccept
                0x0400837c                OSQCreate
                0x04008590                OSQDel
                0x04008890                OSQFlush
                0x04008958                OSQPend
                0x04008c78                OSQPendAbort
                0x04008df4                OSQPost
                0x04008f74                OSQPostFront
                0x040090fc                OSQPostOpt
                0x04009330                OSQQuery
                0x040094b0                OS_QInit
 .text          0x0400955c      0xbc8 ../Lab_2_bsp/\libucosii_bsp.a(os_sem.o)
                0x0400955c                OSSemAccept
                0x0400961c                OSSemCreate
                0x04009730                OSSemDel
                0x040099d0                OSSemPend
                0x04009c4c                OSSemPendAbort
                0x04009dc8                OSSemPost
                0x04009ef0                OSSemQuery
                0x0400a020                OSSemSet
 .text          0x0400a124     0x1a40 ../Lab_2_bsp/\libucosii_bsp.a(os_task.o)
                0x0400a124                OSTaskChangePrio
                0x0400a698                OSTaskCreate
                0x0400a86c                OSTaskCreateExt
                0x0400aa6c                OSTaskDel
                0x0400ae78                OSTaskDelReq
                0x0400afe8                OSTaskNameGet
                0x0400b1a0                OSTaskNameSet
                0x0400b364                OSTaskResume
                0x0400b57c                OSTaskStkChk
                0x0400b778                OSTaskSuspend
                0x0400b9a4                OSTaskQuery
                0x0400bae8                OS_TaskStkClr
 .text          0x0400bb64      0x59c ../Lab_2_bsp/\libucosii_bsp.a(os_time.o)
                0x0400bb64                OSTimeDly
                0x0400bcb0                OSTimeDlyHMSM
                0x0400be28                OSTimeDlyResume
                0x0400c038                OSTimeGet
                0x0400c09c                OSTimeSet
 .text          0x0400c100       0xd0 ../Lab_2_bsp/\libucosii_bsp.a(alt_sys_init.o)
                0x0400c100                alt_irq_init
                0x0400c134                alt_sys_init
 .text          0x0400c1d0      0x934 ../Lab_2_bsp/\libucosii_bsp.a(altera_avalon_epcs_flash_controller.o)
                0x0400c1d0                alt_epcs_flash_init
                0x0400c550                alt_epcs_flash_write
                0x0400c7d0                alt_epcs_flash_get_info
                0x0400c860                alt_epcs_flash_erase_block
                0x0400c968                alt_epcs_flash_write_block
                0x0400ca78                alt_epcs_flash_read
 .text          0x0400cb04      0x148 ../Lab_2_bsp/\libucosii_bsp.a(altera_avalon_jtag_uart_fd.o)
                0x0400cb04                altera_avalon_jtag_uart_read_fd
                0x0400cb5c                altera_avalon_jtag_uart_write_fd
                0x0400cbb4                altera_avalon_jtag_uart_close_fd
                0x0400cbfc                altera_avalon_jtag_uart_ioctl_fd
 .text          0x0400cc4c      0x584 ../Lab_2_bsp/\libucosii_bsp.a(altera_avalon_jtag_uart_init.o)
                0x0400cc4c                altera_avalon_jtag_uart_init
                0x0400d15c                altera_avalon_jtag_uart_close
 .text          0x0400d1d0       0xf4 ../Lab_2_bsp/\libucosii_bsp.a(altera_avalon_jtag_uart_ioctl.o)
                0x0400d1d0                altera_avalon_jtag_uart_ioctl
 .text          0x0400d2c4      0x2c0 ../Lab_2_bsp/\libucosii_bsp.a(altera_avalon_jtag_uart_read.o)
                0x0400d2c4                altera_avalon_jtag_uart_read
 .text          0x0400d584      0x2dc ../Lab_2_bsp/\libucosii_bsp.a(altera_avalon_jtag_uart_write.o)
                0x0400d584                altera_avalon_jtag_uart_write
 .text          0x0400d860      0x100 ../Lab_2_bsp/\libucosii_bsp.a(altera_avalon_timer_sc.o)
                0x0400d8d0                alt_avalon_timer_sc_init
 .text          0x0400d960      0x460 ../Lab_2_bsp/\libucosii_bsp.a(epcs_commands.o)
                0x0400d960                epcs_read_status_register
                0x0400d9c0                epcs_sector_erase
                0x0400daac                epcs_read_buffer
                0x0400db60                epcs_write_enable
                0x0400dbb0                epcs_write_status_register
                0x0400dc14                epcs_write_buffer
                0x0400dcec                epcs_read_electronic_signature
                0x0400dd58                epcs_read_device_id
 .text          0x0400ddc0      0x154 ../Lab_2_bsp/\libucosii_bsp.a(alt_alarm_start.o)
                0x0400ddc0                alt_alarm_start
 .text          0x0400df14      0x114 ../Lab_2_bsp/\libucosii_bsp.a(alt_dev_llist_insert.o)
                0x0400df14                alt_dev_llist_insert
 .text          0x0400e028       0x64 ../Lab_2_bsp/\libucosii_bsp.a(alt_do_ctors.o)
                0x0400e028                _do_ctors
 .text          0x0400e08c       0x64 ../Lab_2_bsp/\libucosii_bsp.a(alt_do_dtors.o)
                0x0400e08c                _do_dtors
 .text          0x0400e0f0       0xd0 ../Lab_2_bsp/\libucosii_bsp.a(alt_flash_dev.o)
                0x0400e0f0                alt_flash_open_dev
                0x0400e16c                alt_flash_close_dev
 .text          0x0400e1c0      0x1d4 ../Lab_2_bsp/\libucosii_bsp.a(alt_iic.o)
                0x0400e1c0                alt_ic_isr_register
                0x0400e210                alt_ic_irq_enable
                0x0400e2ac                alt_ic_irq_disable
                0x0400e34c                alt_ic_irq_enabled
 .text          0x0400e394       0xf8 ../Lab_2_bsp/\libucosii_bsp.a(alt_iic_isr_register.o)
                0x0400e394                alt_iic_isr_register
 .text          0x0400e48c      0x13c ../Lab_2_bsp/\libucosii_bsp.a(alt_io_redirect.o)
                0x0400e550                alt_io_redirect
 .text          0x0400e5c8        0x0 ../Lab_2_bsp/\libucosii_bsp.a(alt_irq_entry.o)
 .text          0x0400e5c8        0x0 ../Lab_2_bsp/\libucosii_bsp.a(alt_irq_handler.o)
 .text          0x0400e5c8        0x0 ../Lab_2_bsp/\libucosii_bsp.a(alt_irq_vars.o)
 .text          0x0400e5c8      0x2c4 ../Lab_2_bsp/\libucosii_bsp.a(alt_open.o)
                0x0400e6a4                open
 .text          0x0400e88c      0x1a8 ../Lab_2_bsp/\libucosii_bsp.a(alt_tick.o)
                0x0400e88c                alt_alarm_stop
                0x0400e924                alt_tick
 .text          0x0400ea34       0x20 ../Lab_2_bsp/\libucosii_bsp.a(altera_nios2_irq.o)
                0x0400ea34                altera_nios2_irq_init
 .text          0x0400ea54       0xd0 ../Lab_2_bsp/\libucosii_bsp.a(os_cpu_a.o)
                0x0400ea54                OSCtxSw
                0x0400ea54                OSIntCtxSw
                0x0400eae0                OSStartHighRdy
                0x0400eb00                OSStartTsk
 .text          0x0400eb24      0x418 ../Lab_2_bsp/\libucosii_bsp.a(os_cpu_c.o)
                0x0400eb24                OSTaskStkInit
                0x0400ee34                OSTaskCreateHook
                0x0400ee54                OSTaskDelHook
                0x0400ee74                OSTaskSwHook
                0x0400ee90                OSTaskStatHook
                0x0400eeac                OSTimeTickHook
                0x0400eec8                OSInitHookBegin
                0x0400eee4                OSInitHookEnd
                0x0400ef00                OSTaskIdleHook
                0x0400ef1c                OSTCBInitHook
 .text          0x0400ef3c      0x238 ../Lab_2_bsp/\libucosii_bsp.a(altera_avalon_spi.o)
                0x0400ef3c                alt_avalon_spi_command
 .text          0x0400f174        0x0 ../Lab_2_bsp/\libucosii_bsp.a(alt_exception_entry.o)
 .text          0x0400f174       0x94 ../Lab_2_bsp/\libucosii_bsp.a(alt_find_dev.o)
                0x0400f174                alt_find_dev
 .text          0x0400f208      0x120 ../Lab_2_bsp/\libucosii_bsp.a(alt_find_file.o)
                0x0400f208                alt_find_file
 .text          0x0400f328       0xf4 ../Lab_2_bsp/\libucosii_bsp.a(alt_get_fd.o)
                0x0400f328                alt_get_fd
 .text          0x0400f41c       0x14 c:/altera/11.0sp1/nios2eds/bin/gnu/h-i686-mingw32/bin/../lib/gcc/nios2-elf/4.1.2/../../../../nios2-elf/lib\libc.a(lib_a-atexit.o)
                0x0400f41c                atexit
 .text          0x0400f430       0x38 c:/altera/11.0sp1/nios2eds/bin/gnu/h-i686-mingw32/bin/../lib/gcc/nios2-elf/4.1.2/../../../../nios2-elf/lib\libc.a(lib_a-exit.o)
                0x0400f430                exit
 .text          0x0400f468       0x74 c:/altera/11.0sp1/nios2eds/bin/gnu/h-i686-mingw32/bin/../lib/gcc/nios2-elf/4.1.2/../../../../nios2-elf/lib\libc.a(lib_a-memcmp.o)
                0x0400f468                memcmp
 .text          0x0400f4dc       0x78 c:/altera/11.0sp1/nios2eds/bin/gnu/h-i686-mingw32/bin/../lib/gcc/nios2-elf/4.1.2/../../../../nios2-elf/lib\libc.a(lib_a-printf.o)
                0x0400f4dc                printf
                0x0400f520                _printf_r
 .text          0x0400f554     0x1f28 c:/altera/11.0sp1/nios2eds/bin/gnu/h-i686-mingw32/bin/../lib/gcc/nios2-elf/4.1.2/../../../../nios2-elf/lib\libc.a(lib_a-vfprintf.o)
                0x0400f5ac                ___vfprintf_internal_r
                0x04011458                __vfprintf_internal
 .text          0x0401147c      0x134 c:/altera/11.0sp1/nios2eds/bin/gnu/h-i686-mingw32/bin/../lib/gcc/nios2-elf/4.1.2/../../../../nios2-elf/lib\libc.a(lib_a-__atexit.o)
                0x0401147c                __register_exitproc
 .text          0x040115b0      0x1b4 c:/altera/11.0sp1/nios2eds/bin/gnu/h-i686-mingw32/bin/../lib/gcc/nios2-elf/4.1.2/../../../../nios2-elf/lib\libc.a(lib_a-__call_atexit.o)
                0x040115b4                __call_exitprocs
 .text          0x04011764     0x17cc c:/altera/11.0sp1/nios2eds/bin/gnu/h-i686-mingw32/bin/../lib/gcc/nios2-elf/4.1.2/../../../../nios2-elf/lib\libc.a(lib_a-dtoa.o)
                0x0401197c                _dtoa_r
 .text          0x04012f30       0xc4 c:/altera/11.0sp1/nios2eds/bin/gnu/h-i686-mingw32/bin/../lib/gcc/nios2-elf/4.1.2/../../../../nios2-elf/lib\libc.a(lib_a-locale.o)
                0x04012f30                __locale_charset
                0x04012f38                _localeconv_r
                0x04012f44                localeconv
                0x04012f54                _setlocale_r
                0x04012fd8                setlocale
 .text          0x04012ff4      0xff4 c:/altera/11.0sp1/nios2eds/bin/gnu/h-i686-mingw32/bin/../lib/gcc/nios2-elf/4.1.2/../../../../nios2-elf/lib\libc.a(lib_a-mprec.o)
                0x04012ff4                _Bfree
                0x0401301c                __hi0bits
                0x0401308c                __lo0bits
                0x04013150                __mcmp
                0x040131b0                __ulp
                0x04013230                __b2d
                0x04013350                __ratio
                0x04013400                _mprec_log10
                0x04013494                __copybits
                0x040134ec                __any_on
                0x04013574                _Balloc
                0x04013630                __d2b
                0x040137ac                __mdiff
                0x04013938                __lshift
                0x04013a84                __multiply
                0x04013c6c                __i2b
                0x04013ca8                __multadd
                0x04013da8                __pow5mult
                0x04013ec8                __s2b
 .text          0x04013fe8       0x40 c:/altera/11.0sp1/nios2eds/bin/gnu/h-i686-mingw32/bin/../lib/gcc/nios2-elf/4.1.2/../../../../nios2-elf/lib\libc.a(lib_a-s_isinfd.o)
                0x04013fe8                __isinfd
 .text          0x04014028       0x30 c:/altera/11.0sp1/nios2eds/bin/gnu/h-i686-mingw32/bin/../lib/gcc/nios2-elf/4.1.2/../../../../nios2-elf/lib\libc.a(lib_a-s_isnand.o)
                0x04014028                __isnand
 .text          0x04014058       0xbc c:/altera/11.0sp1/nios2eds/bin/gnu/h-i686-mingw32/bin/../lib/gcc/nios2-elf/4.1.2/../../../../nios2-elf/lib\libc.a(lib_a-strcmp.o)
                0x04014058                strcmp
 .text          0x04014114       0xb4 c:/altera/11.0sp1/nios2eds/bin/gnu/h-i686-mingw32/bin/../lib/gcc/nios2-elf/4.1.2/../../../../nios2-elf/lib\libc.a(lib_a-callocr.o)
                0x04014114                _calloc_r
 .text          0x040141c8      0x5dc c:/altera/11.0sp1/nios2eds/bin/gnu/h-i686-mingw32/bin/../lib/gcc/nios2-elf/4.1.2\libgcc.a(_udivdi3.o)
                0x040141c8                __udivdi3
 .text          0x040147a4      0x5b0 c:/altera/11.0sp1/nios2eds/bin/gnu/h-i686-mingw32/bin/../lib/gcc/nios2-elf/4.1.2\libgcc.a(_umoddi3.o)
                0x040147a4                __umoddi3
 .text          0x04014d54      0x504 c:/altera/11.0sp1/nios2eds/bin/gnu/h-i686-mingw32/bin/../lib/gcc/nios2-elf/4.1.2\libgcc.a(_addsub_df.o)
                0x04015164                __subdf3
                0x040151e4                __adddf3
 .text          0x04015258      0x3c4 c:/altera/11.0sp1/nios2eds/bin/gnu/h-i686-mingw32/bin/../lib/gcc/nios2-elf/4.1.2\libgcc.a(_mul_df.o)
                0x04015258                __muldf3
 .text          0x0401561c      0x258 c:/altera/11.0sp1/nios2eds/bin/gnu/h-i686-mingw32/bin/../lib/gcc/nios2-elf/4.1.2\libgcc.a(_div_df.o)
                0x0401561c                __divdf3
 .text          0x04015874       0x88 c:/altera/11.0sp1/nios2eds/bin/gnu/h-i686-mingw32/bin/../lib/gcc/nios2-elf/4.1.2\libgcc.a(_eq_df.o)
                0x04015874                __eqdf2
 .text          0x040158fc       0x88 c:/altera/11.0sp1/nios2eds/bin/gnu/h-i686-mingw32/bin/../lib/gcc/nios2-elf/4.1.2\libgcc.a(_ne_df.o)
                0x040158fc                __nedf2
 .text          0x04015984       0x88 c:/altera/11.0sp1/nios2eds/bin/gnu/h-i686-mingw32/bin/../lib/gcc/nios2-elf/4.1.2\libgcc.a(_gt_df.o)
                0x04015984                __gtdf2
 .text          0x04015a0c       0x88 c:/altera/11.0sp1/nios2eds/bin/gnu/h-i686-mingw32/bin/../lib/gcc/nios2-elf/4.1.2\libgcc.a(_ge_df.o)
                0x04015a0c                __gedf2
 .text          0x04015a94       0x88 c:/altera/11.0sp1/nios2eds/bin/gnu/h-i686-mingw32/bin/../lib/gcc/nios2-elf/4.1.2\libgcc.a(_lt_df.o)
                0x04015a94                __ltdf2
 .text          0x04015b1c       0xf8 c:/altera/11.0sp1/nios2eds/bin/gnu/h-i686-mingw32/bin/../lib/gcc/nios2-elf/4.1.2\libgcc.a(_si_to_df.o)
                0x04015b1c                __floatsidf
 .text          0x04015c14       0xd8 c:/altera/11.0sp1/nios2eds/bin/gnu/h-i686-mingw32/bin/../lib/gcc/nios2-elf/4.1.2\libgcc.a(_df_to_si.o)
                0x04015c14                __fixdfsi
 .text          0x04015cec        0x0 c:/altera/11.0sp1/nios2eds/bin/gnu/h-i686-mingw32/bin/../lib/gcc/nios2-elf/4.1.2\libgcc.a(_thenan_df.o)
 .text          0x04015cec      0x194 c:/altera/11.0sp1/nios2eds/bin/gnu/h-i686-mingw32/bin/../lib/gcc/nios2-elf/4.1.2\libgcc.a(_usi_to_df.o)
                0x04015cec                __floatunsidf
 .text          0x04015e80      0x14c c:/altera/11.0sp1/nios2eds/bin/gnu/h-i686-mingw32/bin/../lib/gcc/nios2-elf/4.1.2\libgcc.a(lib2-divmod.o)
                0x04015efc                __divsi3
                0x04015f5c                __modsi3
                0x04015fbc                __udivsi3
                0x04015fc4                __umodsi3
 .text          0x04015fcc       0x98 c:/altera/11.0sp1/nios2eds/bin/gnu/h-i686-mingw32/bin/../lib/gcc/nios2-elf/4.1.2\libgcc.a(_muldi3.o)
                0x04015fcc                __muldi3
 .text          0x04016064        0x0 c:/altera/11.0sp1/nios2eds/bin/gnu/h-i686-mingw32/bin/../lib/gcc/nios2-elf/4.1.2\libgcc.a(_clz.o)
 .text          0x04016064       0x80 c:/altera/11.0sp1/nios2eds/bin/gnu/h-i686-mingw32/bin/../lib/gcc/nios2-elf/4.1.2\libgcc.a(_clzsi2.o)
                0x04016064                __clzsi2
 .text          0x040160e4      0x314 c:/altera/11.0sp1/nios2eds/bin/gnu/h-i686-mingw32/bin/../lib/gcc/nios2-elf/4.1.2\libgcc.a(_pack_df.o)
                0x040160e4                __pack_d
 .text          0x040163f8      0x138 c:/altera/11.0sp1/nios2eds/bin/gnu/h-i686-mingw32/bin/../lib/gcc/nios2-elf/4.1.2\libgcc.a(_unpack_df.o)
                0x040163f8                __unpack_d
 .text          0x04016530       0xc8 c:/altera/11.0sp1/nios2eds/bin/gnu/h-i686-mingw32/bin/../lib/gcc/nios2-elf/4.1.2\libgcc.a(_fpcmp_parts_df.o)
                0x04016530                __fpcmp_parts_d
 .text          0x040165f8       0x6c ../Lab_2_bsp/\libucosii_bsp.a(alt_exit.o)
                0x04016638                _exit
 *(.gnu.warning.*)
 *(.fini)
                0x04016664                PROVIDE (__etext, ABSOLUTE (.))
                0x04016664                PROVIDE (_etext, ABSOLUTE (.))
                0x04016664                PROVIDE (etext, ABSOLUTE (.))
 *(.eh_frame_hdr)
                0x04016664                . = ALIGN (0x4)
                0x04016664                PROVIDE (__preinit_array_start, ABSOLUTE (.))
 *(.preinit_array)
                0x04016664                PROVIDE (__preinit_array_end, ABSOLUTE (.))
                0x04016664                PROVIDE (__init_array_start, ABSOLUTE (.))
 *(.init_array)
                0x04016664                PROVIDE (__init_array_end, ABSOLUTE (.))
                0x04016664                PROVIDE (__fini_array_start, ABSOLUTE (.))
 *(.fini_array)
                0x04016664                PROVIDE (__fini_array_end, ABSOLUTE (.))
 *(.eh_frame)
 .eh_frame      0x04016664       0x40 c:/altera/11.0sp1/nios2eds/bin/gnu/h-i686-mingw32/bin/../lib/gcc/nios2-elf/4.1.2\libgcc.a(_udivdi3.o)
 .eh_frame      0x040166a4       0x2c c:/altera/11.0sp1/nios2eds/bin/gnu/h-i686-mingw32/bin/../lib/gcc/nios2-elf/4.1.2\libgcc.a(_umoddi3.o)
                                 0x40 (size before relaxing)
 *(.gcc_except_table)
 *(.dynamic)
                0x040166d0                PROVIDE (__CTOR_LIST__, ABSOLUTE (.))
 *(.ctors)
 *(SORT(.ctors.*))
 .ctors.65535   0x040166d0        0x4 c:/altera/11.0sp1/nios2eds/bin/gnu/h-i686-mingw32/bin/../lib/gcc/nios2-elf/4.1.2/../../../../nios2-elf/lib\libc.a(lib_a-__call_atexit.o)
                0x040166d4                PROVIDE (__CTOR_END__, ABSOLUTE (.))
                0x040166d4                PROVIDE (__DTOR_LIST__, ABSOLUTE (.))
 *(.dtors)
 *(SORT(.dtors.*))
                0x040166d4                PROVIDE (__DTOR_END__, ABSOLUTE (.))
 *(.jcr)
                0x040166d4                . = ALIGN (0x4)

.rodata         0x040166d4      0x4fc
                0x040166d4                PROVIDE (__ram_rodata_start, ABSOLUTE (.))
                0x040166d4                . = ALIGN (0x4)
 *(.rodata .rodata.* .gnu.linkonce.r.*)
 .rodata        0x040166d4       0x68 obj/hello_ucosii.o
 .rodata.str1.4
                0x0401673c        0x2 c:/altera/11.0sp1/nios2eds/bin/gnu/h-i686-mingw32/bin/../lib/gcc/nios2-elf/4.1.2/../../../../nios2-elf/lib\libc.a(lib_a-puts.o)
                                  0x4 (size before relaxing)
 *fill*         0x0401673e        0x2 00
 .rodata.str1.4
                0x04016740        0x2 c:/altera/11.0sp1/nios2eds/bin/gnu/h-i686-mingw32/bin/../lib/gcc/nios2-elf/4.1.2/../../../../nios2-elf/lib\libc.a(lib_a-impure.o)
                                  0x4 (size before relaxing)
 *fill*         0x04016742        0x2 00
 .rodata        0x04016744        0xc ../Lab_2_bsp/\libucosii_bsp.a(alt_dev.o)
 .rodata        0x04016750       0x10 ../Lab_2_bsp/\libucosii_bsp.a(alt_main.o)
 .rodata        0x04016760      0x148 ../Lab_2_bsp/\libucosii_bsp.a(os_core.o)
                0x04016760                OSUnMapTbl
 .rodata        0x040168a8       0x1c ../Lab_2_bsp/\libucosii_bsp.a(alt_sys_init.o)
 .rodata        0x040168c4        0x4 ../Lab_2_bsp/\libucosii_bsp.a(os_cpu_c.o)
 .rodata.str1.4
                0x040168c8       0x5e c:/altera/11.0sp1/nios2eds/bin/gnu/h-i686-mingw32/bin/../lib/gcc/nios2-elf/4.1.2/../../../../nios2-elf/lib\libc.a(lib_a-vfprintf.o)
                                 0x60 (size before relaxing)
 .rodata        0x04016926       0x20 c:/altera/11.0sp1/nios2eds/bin/gnu/h-i686-mingw32/bin/../lib/gcc/nios2-elf/4.1.2/../../../../nios2-elf/lib\libc.a(lib_a-vfprintf.o)
 *fill*         0x04016946        0x2 00
 .rodata.str1.4
                0x04016948       0x10 c:/altera/11.0sp1/nios2eds/bin/gnu/h-i686-mingw32/bin/../lib/gcc/nios2-elf/4.1.2/../../../../nios2-elf/lib\libc.a(lib_a-dtoa.o)
                                 0x14 (size before relaxing)
 .rodata.str1.4
                0x04016958       0x10 c:/altera/11.0sp1/nios2eds/bin/gnu/h-i686-mingw32/bin/../lib/gcc/nios2-elf/4.1.2/../../../../nios2-elf/lib\libc.a(lib_a-locale.o)
                                 0x18 (size before relaxing)
 .rodata        0x04016968       0x30 c:/altera/11.0sp1/nios2eds/bin/gnu/h-i686-mingw32/bin/../lib/gcc/nios2-elf/4.1.2/../../../../nios2-elf/lib\libc.a(lib_a-locale.o)
 .rodata        0x04016998      0x124 c:/altera/11.0sp1/nios2eds/bin/gnu/h-i686-mingw32/bin/../lib/gcc/nios2-elf/4.1.2/../../../../nios2-elf/lib\libc.a(lib_a-mprec.o)
                0x04016998                __mprec_tens
                0x04016a60                __mprec_bigtens
                0x04016a88                __mprec_tinytens
 .rodata        0x04016abc       0x14 c:/altera/11.0sp1/nios2eds/bin/gnu/h-i686-mingw32/bin/../lib/gcc/nios2-elf/4.1.2\libgcc.a(_thenan_df.o)
                0x04016abc                __thenan_df
 .rodata        0x04016ad0      0x100 c:/altera/11.0sp1/nios2eds/bin/gnu/h-i686-mingw32/bin/../lib/gcc/nios2-elf/4.1.2\libgcc.a(_clz.o)
                0x04016ad0                __clz_tab
 *(.rodata1)
                0x04016bd0                . = ALIGN (0x4)
                0x04016bd0                PROVIDE (__ram_rodata_end, ABSOLUTE (.))
                0x040166d4                PROVIDE (__flash_rodata_start, LOADADDR (.rodata))

.rwdata         0x04016bd0     0x1bd0
                0x04016bd0                PROVIDE (__ram_rwdata_start, ABSOLUTE (.))
                0x04016bd0                . = ALIGN (0x4)
 *(.got.plt)
 *(.got)
 *(.data1)
 *(.data .data.* .gnu.linkonce.d.*)
 .data          0x04016bd0        0x0 ../Lab_2_bsp//obj/HAL/src/crt0.o
 .data          0x04016bd0       0x20 obj/hello_ucosii.o
                0x04016bd0                limits
 .data          0x04016bf0        0x0 c:/altera/11.0sp1/nios2eds/bin/gnu/h-i686-mingw32/bin/../lib/gcc/nios2-elf/4.1.2/../../../../nios2-elf/lib\libc.a(lib_a-puts.o)
 .data          0x04016bf0        0x0 c:/altera/11.0sp1/nios2eds/bin/gnu/h-i686-mingw32/bin/../lib/gcc/nios2-elf/4.1.2/../../../../nios2-elf/lib\libc.a(lib_a-strlen.o)
 .data          0x04016bf0        0x0 c:/altera/11.0sp1/nios2eds/bin/gnu/h-i686-mingw32/bin/../lib/gcc/nios2-elf/4.1.2/../../../../nios2-elf/lib\libc.a(lib_a-fvwrite.o)
 .data          0x04016bf0      0x400 c:/altera/11.0sp1/nios2eds/bin/gnu/h-i686-mingw32/bin/../lib/gcc/nios2-elf/4.1.2/../../../../nios2-elf/lib\libc.a(lib_a-impure.o)
 .data          0x04016ff0      0x408 c:/altera/11.0sp1/nios2eds/bin/gnu/h-i686-mingw32/bin/../lib/gcc/nios2-elf/4.1.2/../../../../nios2-elf/lib\libc.a(lib_a-mallocr.o)
                0x04016ff0                __malloc_av_
 .data          0x040173f8        0x0 c:/altera/11.0sp1/nios2eds/bin/gnu/h-i686-mingw32/bin/../lib/gcc/nios2-elf/4.1.2/../../../../nios2-elf/lib\libc.a(lib_a-memchr.o)
 .data          0x040173f8        0x0 c:/altera/11.0sp1/nios2eds/bin/gnu/h-i686-mingw32/bin/../lib/gcc/nios2-elf/4.1.2/../../../../nios2-elf/lib\libc.a(lib_a-memcpy.o)
 .data          0x040173f8        0x0 c:/altera/11.0sp1/nios2eds/bin/gnu/h-i686-mingw32/bin/../lib/gcc/nios2-elf/4.1.2/../../../../nios2-elf/lib\libc.a(lib_a-memmove.o)
 .data          0x040173f8        0x0 c:/altera/11.0sp1/nios2eds/bin/gnu/h-i686-mingw32/bin/../lib/gcc/nios2-elf/4.1.2/../../../../nios2-elf/lib\libc.a(lib_a-reallocr.o)
 .data          0x040173f8        0x0 c:/altera/11.0sp1/nios2eds/bin/gnu/h-i686-mingw32/bin/../lib/gcc/nios2-elf/4.1.2/../../../../nios2-elf/lib\libc.a(lib_a-sbrkr.o)
 .data          0x040173f8        0x0 c:/altera/11.0sp1/nios2eds/bin/gnu/h-i686-mingw32/bin/../lib/gcc/nios2-elf/4.1.2/../../../../nios2-elf/lib\libc.a(lib_a-wsetup.o)
 .data          0x040173f8        0x0 c:/altera/11.0sp1/nios2eds/bin/gnu/h-i686-mingw32/bin/../lib/gcc/nios2-elf/4.1.2/../../../../nios2-elf/lib\libc.a(lib_a-fflush.o)
 .data          0x040173f8        0x0 c:/altera/11.0sp1/nios2eds/bin/gnu/h-i686-mingw32/bin/../lib/gcc/nios2-elf/4.1.2/../../../../nios2-elf/lib\libc.a(lib_a-findfp.o)
 .data          0x040173f8        0x0 c:/altera/11.0sp1/nios2eds/bin/gnu/h-i686-mingw32/bin/../lib/gcc/nios2-elf/4.1.2/../../../../nios2-elf/lib\libc.a(lib_a-freer.o)
 .data          0x040173f8        0x0 c:/altera/11.0sp1/nios2eds/bin/gnu/h-i686-mingw32/bin/../lib/gcc/nios2-elf/4.1.2/../../../../nios2-elf/lib\libc.a(lib_a-fwalk.o)
 .data          0x040173f8        0x0 c:/altera/11.0sp1/nios2eds/bin/gnu/h-i686-mingw32/bin/../lib/gcc/nios2-elf/4.1.2/../../../../nios2-elf/lib\libc.a(lib_a-int_errno.o)
 .data          0x040173f8        0x0 c:/altera/11.0sp1/nios2eds/bin/gnu/h-i686-mingw32/bin/../lib/gcc/nios2-elf/4.1.2/../../../../nios2-elf/lib\libc.a(lib_a-makebuf.o)
 .data          0x040173f8        0x0 c:/altera/11.0sp1/nios2eds/bin/gnu/h-i686-mingw32/bin/../lib/gcc/nios2-elf/4.1.2/../../../../nios2-elf/lib\libc.a(lib_a-memset.o)
 .data          0x040173f8        0x0 c:/altera/11.0sp1/nios2eds/bin/gnu/h-i686-mingw32/bin/../lib/gcc/nios2-elf/4.1.2/../../../../nios2-elf/lib\libc.a(lib_a-stdio.o)
 .data          0x040173f8        0x0 c:/altera/11.0sp1/nios2eds/bin/gnu/h-i686-mingw32/bin/../lib/gcc/nios2-elf/4.1.2/../../../../nios2-elf/lib\libc.a(lib_a-writer.o)
 .data          0x040173f8        0x0 c:/altera/11.0sp1/nios2eds/bin/gnu/h-i686-mingw32/bin/../lib/gcc/nios2-elf/4.1.2/../../../../nios2-elf/lib\libc.a(lib_a-closer.o)
 .data          0x040173f8        0x0 c:/altera/11.0sp1/nios2eds/bin/gnu/h-i686-mingw32/bin/../lib/gcc/nios2-elf/4.1.2/../../../../nios2-elf/lib\libc.a(lib_a-fclose.o)
 .data          0x040173f8        0x0 c:/altera/11.0sp1/nios2eds/bin/gnu/h-i686-mingw32/bin/../lib/gcc/nios2-elf/4.1.2/../../../../nios2-elf/lib\libc.a(lib_a-fstatr.o)
 .data          0x040173f8        0x0 c:/altera/11.0sp1/nios2eds/bin/gnu/h-i686-mingw32/bin/../lib/gcc/nios2-elf/4.1.2/../../../../nios2-elf/lib\libc.a(lib_a-isattyr.o)
 .data          0x040173f8        0x0 c:/altera/11.0sp1/nios2eds/bin/gnu/h-i686-mingw32/bin/../lib/gcc/nios2-elf/4.1.2/../../../../nios2-elf/lib\libc.a(lib_a-lseekr.o)
 .data          0x040173f8        0x0 c:/altera/11.0sp1/nios2eds/bin/gnu/h-i686-mingw32/bin/../lib/gcc/nios2-elf/4.1.2/../../../../nios2-elf/lib\libc.a(lib_a-readr.o)
 .data          0x040173f8        0x0 ../Lab_2_bsp/\libucosii_bsp.a(alt_close.o)
 .data          0x040173f8      0x1a8 ../Lab_2_bsp/\libucosii_bsp.a(alt_dev.o)
                0x040173f8                alt_dev_null
                0x04017420                alt_fd_list
 .data          0x040175a0        0x0 ../Lab_2_bsp/\libucosii_bsp.a(alt_errno.o)
 .data          0x040175a0        0x0 ../Lab_2_bsp/\libucosii_bsp.a(alt_fstat.o)
 .data          0x040175a0        0x0 ../Lab_2_bsp/\libucosii_bsp.a(alt_isatty.o)
 .data          0x040175a0        0x0 ../Lab_2_bsp/\libucosii_bsp.a(alt_lseek.o)
 .data          0x040175a0        0x0 ../Lab_2_bsp/\libucosii_bsp.a(alt_main.o)
 .data          0x040175a0        0x0 ../Lab_2_bsp/\libucosii_bsp.a(alt_read.o)
 .data          0x040175a0        0x0 ../Lab_2_bsp/\libucosii_bsp.a(alt_release_fd.o)
 .data          0x040175a0        0x0 ../Lab_2_bsp/\libucosii_bsp.a(alt_sbrk.o)
 .data          0x040175a0        0x0 ../Lab_2_bsp/\libucosii_bsp.a(alt_write.o)
 .data          0x040175a0        0x0 ../Lab_2_bsp/\libucosii_bsp.a(alt_env_lock.o)
 .data          0x040175a0        0x0 ../Lab_2_bsp/\libucosii_bsp.a(alt_malloc_lock.o)
 .data          0x040175a0        0x0 ../Lab_2_bsp/\libucosii_bsp.a(os_core.o)
 .data          0x040175a0        0x0 ../Lab_2_bsp/\libucosii_bsp.a(os_dbg.o)
 .data          0x040175a0        0x0 ../Lab_2_bsp/\libucosii_bsp.a(os_flag.o)
 .data          0x040175a0        0x0 ../Lab_2_bsp/\libucosii_bsp.a(os_mem.o)
 .data          0x040175a0        0x0 ../Lab_2_bsp/\libucosii_bsp.a(os_q.o)
 .data          0x040175a0        0x0 ../Lab_2_bsp/\libucosii_bsp.a(os_sem.o)
 .data          0x040175a0        0x0 ../Lab_2_bsp/\libucosii_bsp.a(os_task.o)
 .data          0x040175a0        0x0 ../Lab_2_bsp/\libucosii_bsp.a(os_time.o)
 .data          0x040175a0     0x1130 ../Lab_2_bsp/\libucosii_bsp.a(alt_sys_init.o)
 .data          0x040186d0        0x0 ../Lab_2_bsp/\libucosii_bsp.a(altera_avalon_epcs_flash_controller.o)
 .data          0x040186d0        0x0 ../Lab_2_bsp/\libucosii_bsp.a(altera_avalon_jtag_uart_fd.o)
 .data          0x040186d0        0x0 ../Lab_2_bsp/\libucosii_bsp.a(altera_avalon_jtag_uart_init.o)
 .data          0x040186d0        0x0 ../Lab_2_bsp/\libucosii_bsp.a(altera_avalon_jtag_uart_ioctl.o)
 .data          0x040186d0        0x0 ../Lab_2_bsp/\libucosii_bsp.a(altera_avalon_jtag_uart_read.o)
 .data          0x040186d0        0x0 ../Lab_2_bsp/\libucosii_bsp.a(altera_avalon_jtag_uart_write.o)
 .data          0x040186d0        0x0 ../Lab_2_bsp/\libucosii_bsp.a(altera_avalon_timer_sc.o)
 .data          0x040186d0        0x0 ../Lab_2_bsp/\libucosii_bsp.a(epcs_commands.o)
 .data          0x040186d0        0x0 ../Lab_2_bsp/\libucosii_bsp.a(alt_alarm_start.o)
 .data          0x040186d0        0x0 ../Lab_2_bsp/\libucosii_bsp.a(alt_dev_llist_insert.o)
 .data          0x040186d0        0x0 ../Lab_2_bsp/\libucosii_bsp.a(alt_do_ctors.o)
 .data          0x040186d0        0x0 ../Lab_2_bsp/\libucosii_bsp.a(alt_do_dtors.o)
 .data          0x040186d0        0x0 ../Lab_2_bsp/\libucosii_bsp.a(alt_flash_dev.o)
 .data          0x040186d0        0x0 ../Lab_2_bsp/\libucosii_bsp.a(alt_iic.o)
 .data          0x040186d0        0x0 ../Lab_2_bsp/\libucosii_bsp.a(alt_iic_isr_register.o)
 .data          0x040186d0        0x0 ../Lab_2_bsp/\libucosii_bsp.a(alt_io_redirect.o)
 .data          0x040186d0        0x0 ../Lab_2_bsp/\libucosii_bsp.a(alt_irq_entry.o)
 .data          0x040186d0        0x0 ../Lab_2_bsp/\libucosii_bsp.a(alt_irq_handler.o)
 .data          0x040186d0        0x0 ../Lab_2_bsp/\libucosii_bsp.a(alt_irq_vars.o)
 .data          0x040186d0        0x0 ../Lab_2_bsp/\libucosii_bsp.a(alt_open.o)
 .data          0x040186d0        0x0 ../Lab_2_bsp/\libucosii_bsp.a(alt_tick.o)
 .data          0x040186d0        0x0 ../Lab_2_bsp/\libucosii_bsp.a(altera_nios2_irq.o)
 .data          0x040186d0        0x0 ../Lab_2_bsp/\libucosii_bsp.a(os_cpu_a.o)
 .data          0x040186d0        0x0 ../Lab_2_bsp/\libucosii_bsp.a(os_cpu_c.o)
 .data          0x040186d0        0x0 ../Lab_2_bsp/\libucosii_bsp.a(altera_avalon_spi.o)
 .data          0x040186d0        0x0 ../Lab_2_bsp/\libucosii_bsp.a(alt_exception_entry.o)
 .data          0x040186d0        0x0 ../Lab_2_bsp/\libucosii_bsp.a(alt_find_dev.o)
 .data          0x040186d0        0x0 ../Lab_2_bsp/\libucosii_bsp.a(alt_find_file.o)
 .data          0x040186d0        0x0 ../Lab_2_bsp/\libucosii_bsp.a(alt_get_fd.o)
 .data          0x040186d0        0x0 c:/altera/11.0sp1/nios2eds/bin/gnu/h-i686-mingw32/bin/../lib/gcc/nios2-elf/4.1.2/../../../../nios2-elf/lib\libc.a(lib_a-atexit.o)
 .data          0x040186d0        0x0 c:/altera/11.0sp1/nios2eds/bin/gnu/h-i686-mingw32/bin/../lib/gcc/nios2-elf/4.1.2/../../../../nios2-elf/lib\libc.a(lib_a-exit.o)
 .data          0x040186d0        0x0 c:/altera/11.0sp1/nios2eds/bin/gnu/h-i686-mingw32/bin/../lib/gcc/nios2-elf/4.1.2/../../../../nios2-elf/lib\libc.a(lib_a-memcmp.o)
 .data          0x040186d0        0x0 c:/altera/11.0sp1/nios2eds/bin/gnu/h-i686-mingw32/bin/../lib/gcc/nios2-elf/4.1.2/../../../../nios2-elf/lib\libc.a(lib_a-printf.o)
 .data          0x040186d0        0x0 c:/altera/11.0sp1/nios2eds/bin/gnu/h-i686-mingw32/bin/../lib/gcc/nios2-elf/4.1.2/../../../../nios2-elf/lib\libc.a(lib_a-vfprintf.o)
 .data          0x040186d0        0x0 c:/altera/11.0sp1/nios2eds/bin/gnu/h-i686-mingw32/bin/../lib/gcc/nios2-elf/4.1.2/../../../../nios2-elf/lib\libc.a(lib_a-__atexit.o)
 .data          0x040186d0        0x0 c:/altera/11.0sp1/nios2eds/bin/gnu/h-i686-mingw32/bin/../lib/gcc/nios2-elf/4.1.2/../../../../nios2-elf/lib\libc.a(lib_a-__call_atexit.o)
 .data          0x040186d0        0x0 c:/altera/11.0sp1/nios2eds/bin/gnu/h-i686-mingw32/bin/../lib/gcc/nios2-elf/4.1.2/../../../../nios2-elf/lib\libc.a(lib_a-dtoa.o)
 .data          0x040186d0        0xc c:/altera/11.0sp1/nios2eds/bin/gnu/h-i686-mingw32/bin/../lib/gcc/nios2-elf/4.1.2/../../../../nios2-elf/lib\libc.a(lib_a-locale.o)
                0x040186d0                __lc_ctype
 .data          0x040186dc        0x0 c:/altera/11.0sp1/nios2eds/bin/gnu/h-i686-mingw32/bin/../lib/gcc/nios2-elf/4.1.2/../../../../nios2-elf/lib\libc.a(lib_a-mprec.o)
 .data          0x040186dc        0x0 c:/altera/11.0sp1/nios2eds/bin/gnu/h-i686-mingw32/bin/../lib/gcc/nios2-elf/4.1.2/../../../../nios2-elf/lib\libc.a(lib_a-s_isinfd.o)
 .data          0x040186dc        0x0 c:/altera/11.0sp1/nios2eds/bin/gnu/h-i686-mingw32/bin/../lib/gcc/nios2-elf/4.1.2/../../../../nios2-elf/lib\libc.a(lib_a-s_isnand.o)
 .data          0x040186dc        0x0 c:/altera/11.0sp1/nios2eds/bin/gnu/h-i686-mingw32/bin/../lib/gcc/nios2-elf/4.1.2/../../../../nios2-elf/lib\libc.a(lib_a-strcmp.o)
 .data          0x040186dc        0x0 c:/altera/11.0sp1/nios2eds/bin/gnu/h-i686-mingw32/bin/../lib/gcc/nios2-elf/4.1.2/../../../../nios2-elf/lib\libc.a(lib_a-callocr.o)
 .data          0x040186dc        0x0 c:/altera/11.0sp1/nios2eds/bin/gnu/h-i686-mingw32/bin/../lib/gcc/nios2-elf/4.1.2\libgcc.a(_udivdi3.o)
 .data          0x040186dc        0x0 c:/altera/11.0sp1/nios2eds/bin/gnu/h-i686-mingw32/bin/../lib/gcc/nios2-elf/4.1.2\libgcc.a(_umoddi3.o)
 .data          0x040186dc        0x0 c:/altera/11.0sp1/nios2eds/bin/gnu/h-i686-mingw32/bin/../lib/gcc/nios2-elf/4.1.2\libgcc.a(_addsub_df.o)
 .data          0x040186dc        0x0 c:/altera/11.0sp1/nios2eds/bin/gnu/h-i686-mingw32/bin/../lib/gcc/nios2-elf/4.1.2\libgcc.a(_mul_df.o)
 .data          0x040186dc        0x0 c:/altera/11.0sp1/nios2eds/bin/gnu/h-i686-mingw32/bin/../lib/gcc/nios2-elf/4.1.2\libgcc.a(_div_df.o)
 .data          0x040186dc        0x0 c:/altera/11.0sp1/nios2eds/bin/gnu/h-i686-mingw32/bin/../lib/gcc/nios2-elf/4.1.2\libgcc.a(_eq_df.o)
 .data          0x040186dc        0x0 c:/altera/11.0sp1/nios2eds/bin/gnu/h-i686-mingw32/bin/../lib/gcc/nios2-elf/4.1.2\libgcc.a(_ne_df.o)
 .data          0x040186dc        0x0 c:/altera/11.0sp1/nios2eds/bin/gnu/h-i686-mingw32/bin/../lib/gcc/nios2-elf/4.1.2\libgcc.a(_gt_df.o)
 .data          0x040186dc        0x0 c:/altera/11.0sp1/nios2eds/bin/gnu/h-i686-mingw32/bin/../lib/gcc/nios2-elf/4.1.2\libgcc.a(_ge_df.o)
 .data          0x040186dc        0x0 c:/altera/11.0sp1/nios2eds/bin/gnu/h-i686-mingw32/bin/../lib/gcc/nios2-elf/4.1.2\libgcc.a(_lt_df.o)
 .data          0x040186dc        0x0 c:/altera/11.0sp1/nios2eds/bin/gnu/h-i686-mingw32/bin/../lib/gcc/nios2-elf/4.1.2\libgcc.a(_si_to_df.o)
 .data          0x040186dc        0x0 c:/altera/11.0sp1/nios2eds/bin/gnu/h-i686-mingw32/bin/../lib/gcc/nios2-elf/4.1.2\libgcc.a(_df_to_si.o)
 .data          0x040186dc        0x0 c:/altera/11.0sp1/nios2eds/bin/gnu/h-i686-mingw32/bin/../lib/gcc/nios2-elf/4.1.2\libgcc.a(_thenan_df.o)
 .data          0x040186dc        0x0 c:/altera/11.0sp1/nios2eds/bin/gnu/h-i686-mingw32/bin/../lib/gcc/nios2-elf/4.1.2\libgcc.a(_usi_to_df.o)
 .data          0x040186dc        0x0 c:/altera/11.0sp1/nios2eds/bin/gnu/h-i686-mingw32/bin/../lib/gcc/nios2-elf/4.1.2\libgcc.a(lib2-divmod.o)
 .data          0x040186dc        0x0 c:/altera/11.0sp1/nios2eds/bin/gnu/h-i686-mingw32/bin/../lib/gcc/nios2-elf/4.1.2\libgcc.a(_muldi3.o)
 .data          0x040186dc        0x0 c:/altera/11.0sp1/nios2eds/bin/gnu/h-i686-mingw32/bin/../lib/gcc/nios2-elf/4.1.2\libgcc.a(_clz.o)
 .data          0x040186dc        0x0 c:/altera/11.0sp1/nios2eds/bin/gnu/h-i686-mingw32/bin/../lib/gcc/nios2-elf/4.1.2\libgcc.a(_clzsi2.o)
 .data          0x040186dc        0x0 c:/altera/11.0sp1/nios2eds/bin/gnu/h-i686-mingw32/bin/../lib/gcc/nios2-elf/4.1.2\libgcc.a(_pack_df.o)
 .data          0x040186dc        0x0 c:/altera/11.0sp1/nios2eds/bin/gnu/h-i686-mingw32/bin/../lib/gcc/nios2-elf/4.1.2\libgcc.a(_unpack_df.o)
 .data          0x040186dc        0x0 c:/altera/11.0sp1/nios2eds/bin/gnu/h-i686-mingw32/bin/../lib/gcc/nios2-elf/4.1.2\libgcc.a(_fpcmp_parts_df.o)
 .data          0x040186dc        0x0 ../Lab_2_bsp/\libucosii_bsp.a(alt_exit.o)
                0x040206dc                _gp = ABSOLUTE ((. + 0x8000))
                0x040206dc                PROVIDE (gp, _gp)
 *(.rwdata .rwdata.*)
 *(.sdata .sdata.* .gnu.linkonce.s.*)
 .sdata         0x040186dc        0x8 c:/altera/11.0sp1/nios2eds/bin/gnu/h-i686-mingw32/bin/../lib/gcc/nios2-elf/4.1.2/../../../../nios2-elf/lib\libc.a(lib_a-impure.o)
                0x040186dc                _impure_ptr
                0x040186e0                _global_impure_ptr
 .sdata         0x040186e4        0x8 c:/altera/11.0sp1/nios2eds/bin/gnu/h-i686-mingw32/bin/../lib/gcc/nios2-elf/4.1.2/../../../../nios2-elf/lib\libc.a(lib_a-mallocr.o)
                0x040186e4                __malloc_trim_threshold
                0x040186e8                __malloc_sbrk_base
 .sdata         0x040186ec       0x14 ../Lab_2_bsp/\libucosii_bsp.a(alt_dev.o)
                0x040186ec                alt_fs_list
                0x040186f4                alt_dev_list
                0x040186fc                alt_max_fd
 .sdata         0x04018700        0x4 ../Lab_2_bsp/\libucosii_bsp.a(alt_errno.o)
                0x04018700                alt_errno
 .sdata         0x04018704        0x4 ../Lab_2_bsp/\libucosii_bsp.a(alt_sbrk.o)
 .sdata         0x04018708        0x4 ../Lab_2_bsp/\libucosii_bsp.a(alt_env_lock.o)
 .sdata         0x0401870c        0x4 ../Lab_2_bsp/\libucosii_bsp.a(alt_malloc_lock.o)
 .sdata         0x04018710       0x74 ../Lab_2_bsp/\libucosii_bsp.a(os_dbg.o)
                0x04018710                OSDebugEn
                0x04018714                OSEndiannessTest
                0x04018718                OSEventEn
                0x0401871a                OSEventMax
                0x0401871c                OSEventNameSize
                0x0401871e                OSEventSize
                0x04018720                OSEventTblSize
                0x04018722                OSEventMultiEn
                0x04018724                OSFlagEn
                0x04018726                OSFlagGrpSize
                0x04018728                OSFlagNodeSize
                0x0401872a                OSFlagWidth
                0x0401872c                OSFlagMax
                0x0401872e                OSFlagNameSize
                0x04018730                OSLowestPrio
                0x04018732                OSMboxEn
                0x04018734                OSMemEn
                0x04018736                OSMemMax
                0x04018738                OSMemNameSize
                0x0401873a                OSMemSize
                0x0401873c                OSMemTblSize
                0x0401873e                OSMutexEn
                0x04018740                OSPtrSize
                0x04018742                OSQEn
                0x04018744                OSQMax
                0x04018746                OSQSize
                0x04018748                OSRdyTblSize
                0x0401874a                OSSemEn
                0x0401874c                OSStkWidth
                0x0401874e                OSTaskCreateEn
                0x04018750                OSTaskCreateExtEn
                0x04018752                OSTaskDelEn
                0x04018754                OSTaskIdleStkSize
                0x04018756                OSTaskProfileEn
                0x04018758                OSTaskMax
                0x0401875a                OSTaskNameSize
                0x0401875c                OSTaskStatEn
                0x0401875e                OSTaskStatStkSize
                0x04018760                OSTaskStatStkChkEn
                0x04018762                OSTaskSwHookEn
                0x04018764                OSTCBPrioTblMax
                0x04018766                OSTCBSize
                0x04018768                OSTicksPerSec
                0x0401876a                OSTimeTickHookEn
                0x0401876c                OSVersionNbr
                0x0401876e                OSTmrEn
                0x04018770                OSTmrCfgMax
                0x04018772                OSTmrCfgNameSize
                0x04018774                OSTmrCfgWheelSize
                0x04018776                OSTmrCfgTicksPerSec
                0x04018778                OSTmrSize
                0x0401877a                OSTmrTblSize
                0x0401877c                OSTmrWheelSize
                0x0401877e                OSTmrWheelTblSize
                0x04018780                OSDataSize
 .sdata         0x04018784        0x8 ../Lab_2_bsp/\libucosii_bsp.a(alt_flash_dev.o)
                0x04018784                alt_flash_dev_list
 .sdata         0x0401878c        0x4 ../Lab_2_bsp/\libucosii_bsp.a(alt_irq_vars.o)
                0x0401878c                alt_priority_mask
 .sdata         0x04018790        0x8 ../Lab_2_bsp/\libucosii_bsp.a(alt_tick.o)
                0x04018790                alt_alarm_list
 .sdata         0x04018798        0x8 c:/altera/11.0sp1/nios2eds/bin/gnu/h-i686-mingw32/bin/../lib/gcc/nios2-elf/4.1.2/../../../../nios2-elf/lib\libc.a(lib_a-locale.o)
                0x04018798                __mb_cur_max
 *(.sdata2 .sdata2.* .gnu.linkonce.s2.*)
                0x040187a0                . = ALIGN (0x4)
                0x040187a0                _edata = ABSOLUTE (.)
                0x040187a0                PROVIDE (edata, ABSOLUTE (.))
                0x040187a0                PROVIDE (__ram_rwdata_end, ABSOLUTE (.))
                0x04016bd0                PROVIDE (__flash_rwdata_start, LOADADDR (.rwdata))

.bss            0x040187a0     0xb7ac
                0x040187a0                __bss_start = ABSOLUTE (.)
                0x040187a0                PROVIDE (__sbss_start, ABSOLUTE (.))
                0x040187a0                PROVIDE (___sbss_start, ABSOLUTE (.))
 *(.dynsbss)
 *(.sbss .sbss.* .gnu.linkonce.sb.*)
 .sbss          0x040187a0        0xc c:/altera/11.0sp1/nios2eds/bin/gnu/h-i686-mingw32/bin/../lib/gcc/nios2-elf/4.1.2/../../../../nios2-elf/lib\libc.a(lib_a-mallocr.o)
                0x040187a0                __malloc_top_pad
                0x040187a4                __malloc_max_sbrked_mem
                0x040187a8                __malloc_max_total_mem
 .sbss          0x040187ac        0x4 c:/altera/11.0sp1/nios2eds/bin/gnu/h-i686-mingw32/bin/../lib/gcc/nios2-elf/4.1.2/../../../../nios2-elf/lib\libc.a(lib_a-int_errno.o)
                0x040187ac                errno
 .sbss          0x040187b0        0x4 ../Lab_2_bsp/\libucosii_bsp.a(alt_dev.o)
                0x040187b0                alt_fd_list_lock
 .sbss          0x040187b4        0xc ../Lab_2_bsp/\libucosii_bsp.a(alt_main.o)
                0x040187b4                alt_argc
                0x040187b8                alt_argv
                0x040187bc                alt_envp
 .sbss          0x040187c0        0x8 ../Lab_2_bsp/\libucosii_bsp.a(alt_env_lock.o)
                0x040187c4                alt_envsem
 .sbss          0x040187c8        0x8 ../Lab_2_bsp/\libucosii_bsp.a(alt_malloc_lock.o)
                0x040187cc                alt_heapsem
 .sbss          0x040187d0       0x58 ../Lab_2_bsp/\libucosii_bsp.a(os_core.o)
                0x040187d0                OSLockNesting
                0x040187d1                OSRunning
                0x040187d4                OSIdleCtr
                0x040187d8                OSPrioHighRdy
                0x040187d9                OSPrioCur
                0x040187da                flag
                0x040187dc                OSTCBList
                0x040187e0                OSTickStepState
                0x040187e4                OSCtxSwCtr
                0x040187e8                OSIdleCtrMax
                0x040187ec                OSTCBFreeList
                0x040187f0                OSCPUUsage
                0x040187f1                OSTaskCtr
                0x040187f4                OSMemFreeList
                0x040187f8                OSTCBHighRdy
                0x040187fc                OSQFreeList
                0x04018800                OSRdyGrp
                0x04018801                OSRdyTbl
                0x0401880c                OSEventFreeList
                0x04018810                OSIntNesting
                0x04018814                OSTCBCur
                0x04018818                OSTime
                0x0401881c                OSFlagFreeList
                0x04018820                OSStatRdy
                0x04018824                OSIdleCtrRun
 .sbss          0x04018828        0x4 ../Lab_2_bsp/\libucosii_bsp.a(alt_irq_vars.o)
                0x04018828                alt_irq_active
 .sbss          0x0401882c        0x8 ../Lab_2_bsp/\libucosii_bsp.a(alt_tick.o)
                0x0401882c                _alt_tick_rate
                0x04018830                _alt_nticks
 .sbss          0x04018834        0xc c:/altera/11.0sp1/nios2eds/bin/gnu/h-i686-mingw32/bin/../lib/gcc/nios2-elf/4.1.2/../../../../nios2-elf/lib\libc.a(lib_a-locale.o)
                0x04018834                __nlocale_changed
                0x04018838                __mlocale_changed
                0x0401883c                _PathLocale
 *(.sbss2 .sbss2.* .gnu.linkonce.sb2.*)
 *(.scommon)
                0x04018840                PROVIDE (__sbss_end, ABSOLUTE (.))
                0x04018840                PROVIDE (___sbss_end, ABSOLUTE (.))
 *(.dynbss)
 *(.bss .bss.* .gnu.linkonce.b.*)
 .bss           0x04018840        0x0 ../Lab_2_bsp//obj/HAL/src/crt0.o
 .bss           0x04018840        0x0 obj/hello_ucosii.o
 .bss           0x04018840        0x0 c:/altera/11.0sp1/nios2eds/bin/gnu/h-i686-mingw32/bin/../lib/gcc/nios2-elf/4.1.2/../../../../nios2-elf/lib\libc.a(lib_a-puts.o)
 .bss           0x04018840        0x0 c:/altera/11.0sp1/nios2eds/bin/gnu/h-i686-mingw32/bin/../lib/gcc/nios2-elf/4.1.2/../../../../nios2-elf/lib\libc.a(lib_a-strlen.o)
 .bss           0x04018840        0x0 c:/altera/11.0sp1/nios2eds/bin/gnu/h-i686-mingw32/bin/../lib/gcc/nios2-elf/4.1.2/../../../../nios2-elf/lib\libc.a(lib_a-fvwrite.o)
 .bss           0x04018840        0x0 c:/altera/11.0sp1/nios2eds/bin/gnu/h-i686-mingw32/bin/../lib/gcc/nios2-elf/4.1.2/../../../../nios2-elf/lib\libc.a(lib_a-impure.o)
 .bss           0x04018840       0x28 c:/altera/11.0sp1/nios2eds/bin/gnu/h-i686-mingw32/bin/../lib/gcc/nios2-elf/4.1.2/../../../../nios2-elf/lib\libc.a(lib_a-mallocr.o)
                0x04018840                __malloc_current_mallinfo
 .bss           0x04018868        0x0 c:/altera/11.0sp1/nios2eds/bin/gnu/h-i686-mingw32/bin/../lib/gcc/nios2-elf/4.1.2/../../../../nios2-elf/lib\libc.a(lib_a-memchr.o)
 .bss           0x04018868        0x0 c:/altera/11.0sp1/nios2eds/bin/gnu/h-i686-mingw32/bin/../lib/gcc/nios2-elf/4.1.2/../../../../nios2-elf/lib\libc.a(lib_a-memcpy.o)
 .bss           0x04018868        0x0 c:/altera/11.0sp1/nios2eds/bin/gnu/h-i686-mingw32/bin/../lib/gcc/nios2-elf/4.1.2/../../../../nios2-elf/lib\libc.a(lib_a-memmove.o)
 .bss           0x04018868        0x0 c:/altera/11.0sp1/nios2eds/bin/gnu/h-i686-mingw32/bin/../lib/gcc/nios2-elf/4.1.2/../../../../nios2-elf/lib\libc.a(lib_a-reallocr.o)
 .bss           0x04018868        0x0 c:/altera/11.0sp1/nios2eds/bin/gnu/h-i686-mingw32/bin/../lib/gcc/nios2-elf/4.1.2/../../../../nios2-elf/lib\libc.a(lib_a-sbrkr.o)
 .bss           0x04018868        0x0 c:/altera/11.0sp1/nios2eds/bin/gnu/h-i686-mingw32/bin/../lib/gcc/nios2-elf/4.1.2/../../../../nios2-elf/lib\libc.a(lib_a-wsetup.o)
 .bss           0x04018868        0x0 c:/altera/11.0sp1/nios2eds/bin/gnu/h-i686-mingw32/bin/../lib/gcc/nios2-elf/4.1.2/../../../../nios2-elf/lib\libc.a(lib_a-fflush.o)
 .bss           0x04018868        0x0 c:/altera/11.0sp1/nios2eds/bin/gnu/h-i686-mingw32/bin/../lib/gcc/nios2-elf/4.1.2/../../../../nios2-elf/lib\libc.a(lib_a-findfp.o)
 .bss           0x04018868        0x0 c:/altera/11.0sp1/nios2eds/bin/gnu/h-i686-mingw32/bin/../lib/gcc/nios2-elf/4.1.2/../../../../nios2-elf/lib\libc.a(lib_a-freer.o)
 .bss           0x04018868        0x0 c:/altera/11.0sp1/nios2eds/bin/gnu/h-i686-mingw32/bin/../lib/gcc/nios2-elf/4.1.2/../../../../nios2-elf/lib\libc.a(lib_a-fwalk.o)
 .bss           0x04018868        0x0 c:/altera/11.0sp1/nios2eds/bin/gnu/h-i686-mingw32/bin/../lib/gcc/nios2-elf/4.1.2/../../../../nios2-elf/lib\libc.a(lib_a-int_errno.o)
 .bss           0x04018868        0x0 c:/altera/11.0sp1/nios2eds/bin/gnu/h-i686-mingw32/bin/../lib/gcc/nios2-elf/4.1.2/../../../../nios2-elf/lib\libc.a(lib_a-makebuf.o)
 .bss           0x04018868        0x0 c:/altera/11.0sp1/nios2eds/bin/gnu/h-i686-mingw32/bin/../lib/gcc/nios2-elf/4.1.2/../../../../nios2-elf/lib\libc.a(lib_a-memset.o)
 .bss           0x04018868        0x0 c:/altera/11.0sp1/nios2eds/bin/gnu/h-i686-mingw32/bin/../lib/gcc/nios2-elf/4.1.2/../../../../nios2-elf/lib\libc.a(lib_a-stdio.o)
 .bss           0x04018868        0x0 c:/altera/11.0sp1/nios2eds/bin/gnu/h-i686-mingw32/bin/../lib/gcc/nios2-elf/4.1.2/../../../../nios2-elf/lib\libc.a(lib_a-writer.o)
 .bss           0x04018868        0x0 c:/altera/11.0sp1/nios2eds/bin/gnu/h-i686-mingw32/bin/../lib/gcc/nios2-elf/4.1.2/../../../../nios2-elf/lib\libc.a(lib_a-closer.o)
 .bss           0x04018868        0x0 c:/altera/11.0sp1/nios2eds/bin/gnu/h-i686-mingw32/bin/../lib/gcc/nios2-elf/4.1.2/../../../../nios2-elf/lib\libc.a(lib_a-fclose.o)
 .bss           0x04018868        0x0 c:/altera/11.0sp1/nios2eds/bin/gnu/h-i686-mingw32/bin/../lib/gcc/nios2-elf/4.1.2/../../../../nios2-elf/lib\libc.a(lib_a-fstatr.o)
 .bss           0x04018868        0x0 c:/altera/11.0sp1/nios2eds/bin/gnu/h-i686-mingw32/bin/../lib/gcc/nios2-elf/4.1.2/../../../../nios2-elf/lib\libc.a(lib_a-isattyr.o)
 .bss           0x04018868        0x0 c:/altera/11.0sp1/nios2eds/bin/gnu/h-i686-mingw32/bin/../lib/gcc/nios2-elf/4.1.2/../../../../nios2-elf/lib\libc.a(lib_a-lseekr.o)
 .bss           0x04018868        0x0 c:/altera/11.0sp1/nios2eds/bin/gnu/h-i686-mingw32/bin/../lib/gcc/nios2-elf/4.1.2/../../../../nios2-elf/lib\libc.a(lib_a-readr.o)
 .bss           0x04018868        0x0 ../Lab_2_bsp/\libucosii_bsp.a(alt_close.o)
 .bss           0x04018868        0x0 ../Lab_2_bsp/\libucosii_bsp.a(alt_dev.o)
 .bss           0x04018868        0x0 ../Lab_2_bsp/\libucosii_bsp.a(alt_errno.o)
 .bss           0x04018868        0x0 ../Lab_2_bsp/\libucosii_bsp.a(alt_fstat.o)
 .bss           0x04018868        0x0 ../Lab_2_bsp/\libucosii_bsp.a(alt_isatty.o)
 .bss           0x04018868        0x0 ../Lab_2_bsp/\libucosii_bsp.a(alt_lseek.o)
 .bss           0x04018868        0x0 ../Lab_2_bsp/\libucosii_bsp.a(alt_main.o)
 .bss           0x04018868        0x0 ../Lab_2_bsp/\libucosii_bsp.a(alt_read.o)
 .bss           0x04018868        0x0 ../Lab_2_bsp/\libucosii_bsp.a(alt_release_fd.o)
 .bss           0x04018868        0x0 ../Lab_2_bsp/\libucosii_bsp.a(alt_sbrk.o)
 .bss           0x04018868        0x0 ../Lab_2_bsp/\libucosii_bsp.a(alt_write.o)
 .bss           0x04018868        0x0 ../Lab_2_bsp/\libucosii_bsp.a(alt_env_lock.o)
 .bss           0x04018868        0x0 ../Lab_2_bsp/\libucosii_bsp.a(alt_malloc_lock.o)
 .bss           0x04018868        0x0 ../Lab_2_bsp/\libucosii_bsp.a(os_core.o)
 .bss           0x04018868        0x0 ../Lab_2_bsp/\libucosii_bsp.a(os_dbg.o)
 .bss           0x04018868        0x0 ../Lab_2_bsp/\libucosii_bsp.a(os_flag.o)
 .bss           0x04018868        0x0 ../Lab_2_bsp/\libucosii_bsp.a(os_mem.o)
 .bss           0x04018868        0x0 ../Lab_2_bsp/\libucosii_bsp.a(os_q.o)
 .bss           0x04018868        0x0 ../Lab_2_bsp/\libucosii_bsp.a(os_sem.o)
 .bss           0x04018868        0x0 ../Lab_2_bsp/\libucosii_bsp.a(os_task.o)
 .bss           0x04018868        0x0 ../Lab_2_bsp/\libucosii_bsp.a(os_time.o)
 .bss           0x04018868        0x0 ../Lab_2_bsp/\libucosii_bsp.a(alt_sys_init.o)
 .bss           0x04018868        0x0 ../Lab_2_bsp/\libucosii_bsp.a(altera_avalon_epcs_flash_controller.o)
 .bss           0x04018868        0x0 ../Lab_2_bsp/\libucosii_bsp.a(altera_avalon_jtag_uart_fd.o)
 .bss           0x04018868        0x0 ../Lab_2_bsp/\libucosii_bsp.a(altera_avalon_jtag_uart_init.o)
 .bss           0x04018868        0x0 ../Lab_2_bsp/\libucosii_bsp.a(altera_avalon_jtag_uart_ioctl.o)
 .bss           0x04018868        0x0 ../Lab_2_bsp/\libucosii_bsp.a(altera_avalon_jtag_uart_read.o)
 .bss           0x04018868        0x0 ../Lab_2_bsp/\libucosii_bsp.a(altera_avalon_jtag_uart_write.o)
 .bss           0x04018868        0x0 ../Lab_2_bsp/\libucosii_bsp.a(altera_avalon_timer_sc.o)
 .bss           0x04018868        0x0 ../Lab_2_bsp/\libucosii_bsp.a(epcs_commands.o)
 .bss           0x04018868        0x0 ../Lab_2_bsp/\libucosii_bsp.a(alt_alarm_start.o)
 .bss           0x04018868        0x0 ../Lab_2_bsp/\libucosii_bsp.a(alt_dev_llist_insert.o)
 .bss           0x04018868        0x0 ../Lab_2_bsp/\libucosii_bsp.a(alt_do_ctors.o)
 .bss           0x04018868        0x0 ../Lab_2_bsp/\libucosii_bsp.a(alt_do_dtors.o)
 .bss           0x04018868        0x0 ../Lab_2_bsp/\libucosii_bsp.a(alt_flash_dev.o)
 .bss           0x04018868        0x0 ../Lab_2_bsp/\libucosii_bsp.a(alt_iic.o)
 .bss           0x04018868        0x0 ../Lab_2_bsp/\libucosii_bsp.a(alt_iic_isr_register.o)
 .bss           0x04018868        0x0 ../Lab_2_bsp/\libucosii_bsp.a(alt_io_redirect.o)
 .bss           0x04018868        0x0 ../Lab_2_bsp/\libucosii_bsp.a(alt_irq_entry.o)
 .bss           0x04018868        0x0 ../Lab_2_bsp/\libucosii_bsp.a(alt_irq_handler.o)
 .bss           0x04018868        0x0 ../Lab_2_bsp/\libucosii_bsp.a(alt_irq_vars.o)
 .bss           0x04018868        0x0 ../Lab_2_bsp/\libucosii_bsp.a(alt_open.o)
 .bss           0x04018868        0x0 ../Lab_2_bsp/\libucosii_bsp.a(alt_tick.o)
 .bss           0x04018868        0x0 ../Lab_2_bsp/\libucosii_bsp.a(altera_nios2_irq.o)
 .bss           0x04018868        0x0 ../Lab_2_bsp/\libucosii_bsp.a(os_cpu_a.o)
 .bss           0x04018868        0x0 ../Lab_2_bsp/\libucosii_bsp.a(os_cpu_c.o)
 .bss           0x04018868        0x0 ../Lab_2_bsp/\libucosii_bsp.a(altera_avalon_spi.o)
 .bss           0x04018868        0x0 ../Lab_2_bsp/\libucosii_bsp.a(alt_exception_entry.o)
 .bss           0x04018868        0x0 ../Lab_2_bsp/\libucosii_bsp.a(alt_find_dev.o)
 .bss           0x04018868        0x0 ../Lab_2_bsp/\libucosii_bsp.a(alt_find_file.o)
 .bss           0x04018868        0x0 ../Lab_2_bsp/\libucosii_bsp.a(alt_get_fd.o)
 .bss           0x04018868        0x0 c:/altera/11.0sp1/nios2eds/bin/gnu/h-i686-mingw32/bin/../lib/gcc/nios2-elf/4.1.2/../../../../nios2-elf/lib\libc.a(lib_a-atexit.o)
 .bss           0x04018868        0x0 c:/altera/11.0sp1/nios2eds/bin/gnu/h-i686-mingw32/bin/../lib/gcc/nios2-elf/4.1.2/../../../../nios2-elf/lib\libc.a(lib_a-exit.o)
 .bss           0x04018868        0x0 c:/altera/11.0sp1/nios2eds/bin/gnu/h-i686-mingw32/bin/../lib/gcc/nios2-elf/4.1.2/../../../../nios2-elf/lib\libc.a(lib_a-memcmp.o)
 .bss           0x04018868        0x0 c:/altera/11.0sp1/nios2eds/bin/gnu/h-i686-mingw32/bin/../lib/gcc/nios2-elf/4.1.2/../../../../nios2-elf/lib\libc.a(lib_a-printf.o)
 .bss           0x04018868        0x0 c:/altera/11.0sp1/nios2eds/bin/gnu/h-i686-mingw32/bin/../lib/gcc/nios2-elf/4.1.2/../../../../nios2-elf/lib\libc.a(lib_a-vfprintf.o)
 .bss           0x04018868        0x0 c:/altera/11.0sp1/nios2eds/bin/gnu/h-i686-mingw32/bin/../lib/gcc/nios2-elf/4.1.2/../../../../nios2-elf/lib\libc.a(lib_a-__atexit.o)
 .bss           0x04018868        0x0 c:/altera/11.0sp1/nios2eds/bin/gnu/h-i686-mingw32/bin/../lib/gcc/nios2-elf/4.1.2/../../../../nios2-elf/lib\libc.a(lib_a-__call_atexit.o)
 .bss           0x04018868        0x0 c:/altera/11.0sp1/nios2eds/bin/gnu/h-i686-mingw32/bin/../lib/gcc/nios2-elf/4.1.2/../../../../nios2-elf/lib\libc.a(lib_a-dtoa.o)
 .bss           0x04018868        0x0 c:/altera/11.0sp1/nios2eds/bin/gnu/h-i686-mingw32/bin/../lib/gcc/nios2-elf/4.1.2/../../../../nios2-elf/lib\libc.a(lib_a-locale.o)
 .bss           0x04018868        0x0 c:/altera/11.0sp1/nios2eds/bin/gnu/h-i686-mingw32/bin/../lib/gcc/nios2-elf/4.1.2/../../../../nios2-elf/lib\libc.a(lib_a-mprec.o)
 .bss           0x04018868        0x0 c:/altera/11.0sp1/nios2eds/bin/gnu/h-i686-mingw32/bin/../lib/gcc/nios2-elf/4.1.2/../../../../nios2-elf/lib\libc.a(lib_a-s_isinfd.o)
 .bss           0x04018868        0x0 c:/altera/11.0sp1/nios2eds/bin/gnu/h-i686-mingw32/bin/../lib/gcc/nios2-elf/4.1.2/../../../../nios2-elf/lib\libc.a(lib_a-s_isnand.o)
 .bss           0x04018868        0x0 c:/altera/11.0sp1/nios2eds/bin/gnu/h-i686-mingw32/bin/../lib/gcc/nios2-elf/4.1.2/../../../../nios2-elf/lib\libc.a(lib_a-strcmp.o)
 .bss           0x04018868        0x0 c:/altera/11.0sp1/nios2eds/bin/gnu/h-i686-mingw32/bin/../lib/gcc/nios2-elf/4.1.2/../../../../nios2-elf/lib\libc.a(lib_a-callocr.o)
 .bss           0x04018868        0x0 c:/altera/11.0sp1/nios2eds/bin/gnu/h-i686-mingw32/bin/../lib/gcc/nios2-elf/4.1.2\libgcc.a(_udivdi3.o)
 .bss           0x04018868        0x0 c:/altera/11.0sp1/nios2eds/bin/gnu/h-i686-mingw32/bin/../lib/gcc/nios2-elf/4.1.2\libgcc.a(_umoddi3.o)
 .bss           0x04018868        0x0 c:/altera/11.0sp1/nios2eds/bin/gnu/h-i686-mingw32/bin/../lib/gcc/nios2-elf/4.1.2\libgcc.a(_addsub_df.o)
 .bss           0x04018868        0x0 c:/altera/11.0sp1/nios2eds/bin/gnu/h-i686-mingw32/bin/../lib/gcc/nios2-elf/4.1.2\libgcc.a(_mul_df.o)
 .bss           0x04018868        0x0 c:/altera/11.0sp1/nios2eds/bin/gnu/h-i686-mingw32/bin/../lib/gcc/nios2-elf/4.1.2\libgcc.a(_div_df.o)
 .bss           0x04018868        0x0 c:/altera/11.0sp1/nios2eds/bin/gnu/h-i686-mingw32/bin/../lib/gcc/nios2-elf/4.1.2\libgcc.a(_eq_df.o)
 .bss           0x04018868        0x0 c:/altera/11.0sp1/nios2eds/bin/gnu/h-i686-mingw32/bin/../lib/gcc/nios2-elf/4.1.2\libgcc.a(_ne_df.o)
 .bss           0x04018868        0x0 c:/altera/11.0sp1/nios2eds/bin/gnu/h-i686-mingw32/bin/../lib/gcc/nios2-elf/4.1.2\libgcc.a(_gt_df.o)
 .bss           0x04018868        0x0 c:/altera/11.0sp1/nios2eds/bin/gnu/h-i686-mingw32/bin/../lib/gcc/nios2-elf/4.1.2\libgcc.a(_ge_df.o)
 .bss           0x04018868        0x0 c:/altera/11.0sp1/nios2eds/bin/gnu/h-i686-mingw32/bin/../lib/gcc/nios2-elf/4.1.2\libgcc.a(_lt_df.o)
 .bss           0x04018868        0x0 c:/altera/11.0sp1/nios2eds/bin/gnu/h-i686-mingw32/bin/../lib/gcc/nios2-elf/4.1.2\libgcc.a(_si_to_df.o)
 .bss           0x04018868        0x0 c:/altera/11.0sp1/nios2eds/bin/gnu/h-i686-mingw32/bin/../lib/gcc/nios2-elf/4.1.2\libgcc.a(_df_to_si.o)
 .bss           0x04018868        0x0 c:/altera/11.0sp1/nios2eds/bin/gnu/h-i686-mingw32/bin/../lib/gcc/nios2-elf/4.1.2\libgcc.a(_thenan_df.o)
 .bss           0x04018868        0x0 c:/altera/11.0sp1/nios2eds/bin/gnu/h-i686-mingw32/bin/../lib/gcc/nios2-elf/4.1.2\libgcc.a(_usi_to_df.o)
 .bss           0x04018868        0x0 c:/altera/11.0sp1/nios2eds/bin/gnu/h-i686-mingw32/bin/../lib/gcc/nios2-elf/4.1.2\libgcc.a(lib2-divmod.o)
 .bss           0x04018868        0x0 c:/altera/11.0sp1/nios2eds/bin/gnu/h-i686-mingw32/bin/../lib/gcc/nios2-elf/4.1.2\libgcc.a(_muldi3.o)
 .bss           0x04018868        0x0 c:/altera/11.0sp1/nios2eds/bin/gnu/h-i686-mingw32/bin/../lib/gcc/nios2-elf/4.1.2\libgcc.a(_clz.o)
 .bss           0x04018868        0x0 c:/altera/11.0sp1/nios2eds/bin/gnu/h-i686-mingw32/bin/../lib/gcc/nios2-elf/4.1.2\libgcc.a(_clzsi2.o)
 .bss           0x04018868        0x0 c:/altera/11.0sp1/nios2eds/bin/gnu/h-i686-mingw32/bin/../lib/gcc/nios2-elf/4.1.2\libgcc.a(_pack_df.o)
 .bss           0x04018868        0x0 c:/altera/11.0sp1/nios2eds/bin/gnu/h-i686-mingw32/bin/../lib/gcc/nios2-elf/4.1.2\libgcc.a(_unpack_df.o)
 .bss           0x04018868        0x0 c:/altera/11.0sp1/nios2eds/bin/gnu/h-i686-mingw32/bin/../lib/gcc/nios2-elf/4.1.2\libgcc.a(_fpcmp_parts_df.o)
 .bss           0x04018868        0x0 ../Lab_2_bsp/\libucosii_bsp.a(alt_exit.o)
 *(COMMON)
 COMMON         0x04018868     0x8000 obj/hello_ucosii.o
                0x04018868                task1_stk
                0x0401a868                worker_stk
                0x0401c868                task2_stk
                0x0401e868                task3_stk
 COMMON         0x04020868     0x3454 ../Lab_2_bsp/\libucosii_bsp.a(os_core.o)
                0x04020868                OSFlagTbl
                0x04020bd8                OSMemTbl
                0x04021808                OSTaskStatStk
                0x04022008                msgBuffer
                0x0402203c                OSQTbl
                0x0402221c                OSTaskIdleStk
                0x04022a1c                OSEventTbl
                0x0402364c                OSTCBTbl
                0x04023bbc                OSTCBPrioTbl
 COMMON         0x04023cbc      0x100 ../Lab_2_bsp/\libucosii_bsp.a(alt_irq_handler.o)
                0x04023cbc                alt_irq
 COMMON         0x04023dbc      0x190 c:/altera/11.0sp1/nios2eds/bin/gnu/h-i686-mingw32/bin/../lib/gcc/nios2-elf/4.1.2/../../../../nios2-elf/lib\libc.a(lib_a-atexit.o)
                0x04023dbc                _atexit0
                0x04023f4c                . = ALIGN (0x4)
                0x04023f4c                __bss_end = ABSOLUTE (.)

.epcs           0x00000020        0x0
                0x00000020                PROVIDE (_alt_partition_epcs_start, ABSOLUTE (.))
 *(.epcs. epcs.*)
                0x00000020                . = ALIGN (0x4)
                0x00000020                PROVIDE (_alt_partition_epcs_end, ABSOLUTE (.))
                0x00000020                PROVIDE (_alt_partition_epcs_load_addr, LOADADDR (.epcs))

.sdram          0x04023f4c        0x0
                0x04023f4c                PROVIDE (_alt_partition_sdram_start, ABSOLUTE (.))
 *(.sdram. sdram.*)
                0x04023f4c                . = ALIGN (0x4)
                0x04023f4c                PROVIDE (_alt_partition_sdram_end, ABSOLUTE (.))
                0x04023f4c                _end = ABSOLUTE (.)
                0x04023f4c                end = ABSOLUTE (.)
                0x04023f4c                __alt_stack_base = ABSOLUTE (.)
                0x04023f4c                PROVIDE (_alt_partition_sdram_load_addr, LOADADDR (.sdram))

.stab
 *(.stab)

.stabstr
 *(.stabstr)

.stab.excl
 *(.stab.excl)

.stab.exclstr
 *(.stab.exclstr)

.stab.index
 *(.stab.index)

.stab.indexstr
 *(.stab.indexstr)

.comment        0x00000000       0x26
 *(.comment)
 .comment       0x00000000       0x26 obj/hello_ucosii.o
                                 0x27 (size before relaxing)
 .comment       0x00000000       0x27 c:/altera/11.0sp1/nios2eds/bin/gnu/h-i686-mingw32/bin/../lib/gcc/nios2-elf/4.1.2/../../../../nios2-elf/lib\libc.a(lib_a-puts.o)
 .comment       0x00000000       0x27 c:/altera/11.0sp1/nios2eds/bin/gnu/h-i686-mingw32/bin/../lib/gcc/nios2-elf/4.1.2/../../../../nios2-elf/lib\libc.a(lib_a-strlen.o)
 .comment       0x00000000       0x27 c:/altera/11.0sp1/nios2eds/bin/gnu/h-i686-mingw32/bin/../lib/gcc/nios2-elf/4.1.2/../../../../nios2-elf/lib\libc.a(lib_a-fvwrite.o)
 .comment       0x00000000       0x27 c:/altera/11.0sp1/nios2eds/bin/gnu/h-i686-mingw32/bin/../lib/gcc/nios2-elf/4.1.2/../../../../nios2-elf/lib\libc.a(lib_a-impure.o)
 .comment       0x00000000       0x27 c:/altera/11.0sp1/nios2eds/bin/gnu/h-i686-mingw32/bin/../lib/gcc/nios2-elf/4.1.2/../../../../nios2-elf/lib\libc.a(lib_a-mallocr.o)
 .comment       0x00000000       0x27 c:/altera/11.0sp1/nios2eds/bin/gnu/h-i686-mingw32/bin/../lib/gcc/nios2-elf/4.1.2/../../../../nios2-elf/lib\libc.a(lib_a-memchr.o)
 .comment       0x00000000       0x27 c:/altera/11.0sp1/nios2eds/bin/gnu/h-i686-mingw32/bin/../lib/gcc/nios2-elf/4.1.2/../../../../nios2-elf/lib\libc.a(lib_a-memcpy.o)
 .comment       0x00000000       0x27 c:/altera/11.0sp1/nios2eds/bin/gnu/h-i686-mingw32/bin/../lib/gcc/nios2-elf/4.1.2/../../../../nios2-elf/lib\libc.a(lib_a-memmove.o)
 .comment       0x00000000       0x27 c:/altera/11.0sp1/nios2eds/bin/gnu/h-i686-mingw32/bin/../lib/gcc/nios2-elf/4.1.2/../../../../nios2-elf/lib\libc.a(lib_a-reallocr.o)
 .comment       0x00000000       0x27 c:/altera/11.0sp1/nios2eds/bin/gnu/h-i686-mingw32/bin/../lib/gcc/nios2-elf/4.1.2/../../../../nios2-elf/lib\libc.a(lib_a-sbrkr.o)
 .comment       0x00000000       0x27 c:/altera/11.0sp1/nios2eds/bin/gnu/h-i686-mingw32/bin/../lib/gcc/nios2-elf/4.1.2/../../../../nios2-elf/lib\libc.a(lib_a-wsetup.o)
 .comment       0x00000000       0x27 c:/altera/11.0sp1/nios2eds/bin/gnu/h-i686-mingw32/bin/../lib/gcc/nios2-elf/4.1.2/../../../../nios2-elf/lib\libc.a(lib_a-fflush.o)
 .comment       0x00000000       0x27 c:/altera/11.0sp1/nios2eds/bin/gnu/h-i686-mingw32/bin/../lib/gcc/nios2-elf/4.1.2/../../../../nios2-elf/lib\libc.a(lib_a-findfp.o)
 .comment       0x00000000       0x27 c:/altera/11.0sp1/nios2eds/bin/gnu/h-i686-mingw32/bin/../lib/gcc/nios2-elf/4.1.2/../../../../nios2-elf/lib\libc.a(lib_a-freer.o)
 .comment       0x00000000       0x27 c:/altera/11.0sp1/nios2eds/bin/gnu/h-i686-mingw32/bin/../lib/gcc/nios2-elf/4.1.2/../../../../nios2-elf/lib\libc.a(lib_a-fwalk.o)
 .comment       0x00000000       0x27 c:/altera/11.0sp1/nios2eds/bin/gnu/h-i686-mingw32/bin/../lib/gcc/nios2-elf/4.1.2/../../../../nios2-elf/lib\libc.a(lib_a-int_errno.o)
 .comment       0x00000000       0x27 c:/altera/11.0sp1/nios2eds/bin/gnu/h-i686-mingw32/bin/../lib/gcc/nios2-elf/4.1.2/../../../../nios2-elf/lib\libc.a(lib_a-makebuf.o)
 .comment       0x00000000       0x27 c:/altera/11.0sp1/nios2eds/bin/gnu/h-i686-mingw32/bin/../lib/gcc/nios2-elf/4.1.2/../../../../nios2-elf/lib\libc.a(lib_a-memset.o)
 .comment       0x00000000       0x27 c:/altera/11.0sp1/nios2eds/bin/gnu/h-i686-mingw32/bin/../lib/gcc/nios2-elf/4.1.2/../../../../nios2-elf/lib\libc.a(lib_a-stdio.o)
 .comment       0x00000000       0x27 c:/altera/11.0sp1/nios2eds/bin/gnu/h-i686-mingw32/bin/../lib/gcc/nios2-elf/4.1.2/../../../../nios2-elf/lib\libc.a(lib_a-writer.o)
 .comment       0x00000000       0x27 c:/altera/11.0sp1/nios2eds/bin/gnu/h-i686-mingw32/bin/../lib/gcc/nios2-elf/4.1.2/../../../../nios2-elf/lib\libc.a(lib_a-closer.o)
 .comment       0x00000000       0x27 c:/altera/11.0sp1/nios2eds/bin/gnu/h-i686-mingw32/bin/../lib/gcc/nios2-elf/4.1.2/../../../../nios2-elf/lib\libc.a(lib_a-fclose.o)
 .comment       0x00000000       0x27 c:/altera/11.0sp1/nios2eds/bin/gnu/h-i686-mingw32/bin/../lib/gcc/nios2-elf/4.1.2/../../../../nios2-elf/lib\libc.a(lib_a-fstatr.o)
 .comment       0x00000000       0x27 c:/altera/11.0sp1/nios2eds/bin/gnu/h-i686-mingw32/bin/../lib/gcc/nios2-elf/4.1.2/../../../../nios2-elf/lib\libc.a(lib_a-isattyr.o)
 .comment       0x00000000       0x27 c:/altera/11.0sp1/nios2eds/bin/gnu/h-i686-mingw32/bin/../lib/gcc/nios2-elf/4.1.2/../../../../nios2-elf/lib\libc.a(lib_a-lseekr.o)
 .comment       0x00000000       0x27 c:/altera/11.0sp1/nios2eds/bin/gnu/h-i686-mingw32/bin/../lib/gcc/nios2-elf/4.1.2/../../../../nios2-elf/lib\libc.a(lib_a-readr.o)
 .comment       0x00000000       0x27 ../Lab_2_bsp/\libucosii_bsp.a(alt_close.o)
 .comment       0x00000000       0x27 ../Lab_2_bsp/\libucosii_bsp.a(alt_dev.o)
 .comment       0x00000000       0x27 ../Lab_2_bsp/\libucosii_bsp.a(alt_errno.o)
 .comment       0x00000000       0x27 ../Lab_2_bsp/\libucosii_bsp.a(alt_fstat.o)
 .comment       0x00000000       0x27 ../Lab_2_bsp/\libucosii_bsp.a(alt_isatty.o)
 .comment       0x00000000       0x27 ../Lab_2_bsp/\libucosii_bsp.a(alt_lseek.o)
 .comment       0x00000000       0x27 ../Lab_2_bsp/\libucosii_bsp.a(alt_main.o)
 .comment       0x00000000       0x27 ../Lab_2_bsp/\libucosii_bsp.a(alt_read.o)
 .comment       0x00000000       0x27 ../Lab_2_bsp/\libucosii_bsp.a(alt_release_fd.o)
 .comment       0x00000000       0x27 ../Lab_2_bsp/\libucosii_bsp.a(alt_sbrk.o)
 .comment       0x00000000       0x27 ../Lab_2_bsp/\libucosii_bsp.a(alt_write.o)
 .comment       0x00000000       0x27 ../Lab_2_bsp/\libucosii_bsp.a(alt_env_lock.o)
 .comment       0x00000000       0x27 ../Lab_2_bsp/\libucosii_bsp.a(alt_malloc_lock.o)
 .comment       0x00000000       0x27 ../Lab_2_bsp/\libucosii_bsp.a(os_core.o)
 .comment       0x00000000       0x27 ../Lab_2_bsp/\libucosii_bsp.a(os_dbg.o)
 .comment       0x00000000       0x27 ../Lab_2_bsp/\libucosii_bsp.a(os_flag.o)
 .comment       0x00000000       0x27 ../Lab_2_bsp/\libucosii_bsp.a(os_mem.o)
 .comment       0x00000000       0x27 ../Lab_2_bsp/\libucosii_bsp.a(os_q.o)
 .comment       0x00000000       0x27 ../Lab_2_bsp/\libucosii_bsp.a(os_sem.o)
 .comment       0x00000000       0x27 ../Lab_2_bsp/\libucosii_bsp.a(os_task.o)
 .comment       0x00000000       0x27 ../Lab_2_bsp/\libucosii_bsp.a(os_time.o)
 .comment       0x00000000       0x27 ../Lab_2_bsp/\libucosii_bsp.a(alt_sys_init.o)
 .comment       0x00000000       0x27 ../Lab_2_bsp/\libucosii_bsp.a(altera_avalon_epcs_flash_controller.o)
 .comment       0x00000000       0x27 ../Lab_2_bsp/\libucosii_bsp.a(altera_avalon_jtag_uart_fd.o)
 .comment       0x00000000       0x27 ../Lab_2_bsp/\libucosii_bsp.a(altera_avalon_jtag_uart_init.o)
 .comment       0x00000000       0x27 ../Lab_2_bsp/\libucosii_bsp.a(altera_avalon_jtag_uart_ioctl.o)
 .comment       0x00000000       0x27 ../Lab_2_bsp/\libucosii_bsp.a(altera_avalon_jtag_uart_read.o)
 .comment       0x00000000       0x27 ../Lab_2_bsp/\libucosii_bsp.a(altera_avalon_jtag_uart_write.o)
 .comment       0x00000000       0x27 ../Lab_2_bsp/\libucosii_bsp.a(altera_avalon_timer_sc.o)
 .comment       0x00000000       0x27 ../Lab_2_bsp/\libucosii_bsp.a(epcs_commands.o)
 .comment       0x00000000       0x27 ../Lab_2_bsp/\libucosii_bsp.a(alt_alarm_start.o)
 .comment       0x00000000       0x27 ../Lab_2_bsp/\libucosii_bsp.a(alt_dev_llist_insert.o)
 .comment       0x00000000       0x27 ../Lab_2_bsp/\libucosii_bsp.a(alt_do_ctors.o)
 .comment       0x00000000       0x27 ../Lab_2_bsp/\libucosii_bsp.a(alt_do_dtors.o)
 .comment       0x00000000       0x27 ../Lab_2_bsp/\libucosii_bsp.a(alt_flash_dev.o)
 .comment       0x00000000       0x27 ../Lab_2_bsp/\libucosii_bsp.a(alt_iic.o)
 .comment       0x00000000       0x27 ../Lab_2_bsp/\libucosii_bsp.a(alt_iic_isr_register.o)
 .comment       0x00000000       0x27 ../Lab_2_bsp/\libucosii_bsp.a(alt_io_redirect.o)
 .comment       0x00000000       0x27 ../Lab_2_bsp/\libucosii_bsp.a(alt_irq_handler.o)
 .comment       0x00000000       0x27 ../Lab_2_bsp/\libucosii_bsp.a(alt_irq_vars.o)
 .comment       0x00000000       0x27 ../Lab_2_bsp/\libucosii_bsp.a(alt_open.o)
 .comment       0x00000000       0x27 ../Lab_2_bsp/\libucosii_bsp.a(alt_tick.o)
 .comment       0x00000000       0x27 ../Lab_2_bsp/\libucosii_bsp.a(altera_nios2_irq.o)
 .comment       0x00000000       0x27 ../Lab_2_bsp/\libucosii_bsp.a(os_cpu_c.o)
 .comment       0x00000000       0x27 ../Lab_2_bsp/\libucosii_bsp.a(altera_avalon_spi.o)
 .comment       0x00000000       0x27 ../Lab_2_bsp/\libucosii_bsp.a(alt_find_dev.o)
 .comment       0x00000000       0x27 ../Lab_2_bsp/\libucosii_bsp.a(alt_find_file.o)
 .comment       0x00000000       0x27 ../Lab_2_bsp/\libucosii_bsp.a(alt_get_fd.o)
 .comment       0x00000000       0x27 c:/altera/11.0sp1/nios2eds/bin/gnu/h-i686-mingw32/bin/../lib/gcc/nios2-elf/4.1.2/../../../../nios2-elf/lib\libc.a(lib_a-atexit.o)
 .comment       0x00000000       0x27 c:/altera/11.0sp1/nios2eds/bin/gnu/h-i686-mingw32/bin/../lib/gcc/nios2-elf/4.1.2/../../../../nios2-elf/lib\libc.a(lib_a-exit.o)
 .comment       0x00000000       0x27 c:/altera/11.0sp1/nios2eds/bin/gnu/h-i686-mingw32/bin/../lib/gcc/nios2-elf/4.1.2/../../../../nios2-elf/lib\libc.a(lib_a-memcmp.o)
 .comment       0x00000000       0x27 c:/altera/11.0sp1/nios2eds/bin/gnu/h-i686-mingw32/bin/../lib/gcc/nios2-elf/4.1.2/../../../../nios2-elf/lib\libc.a(lib_a-printf.o)
 .comment       0x00000000       0x27 c:/altera/11.0sp1/nios2eds/bin/gnu/h-i686-mingw32/bin/../lib/gcc/nios2-elf/4.1.2/../../../../nios2-elf/lib\libc.a(lib_a-vfprintf.o)
 .comment       0x00000000       0x27 c:/altera/11.0sp1/nios2eds/bin/gnu/h-i686-mingw32/bin/../lib/gcc/nios2-elf/4.1.2/../../../../nios2-elf/lib\libc.a(lib_a-__atexit.o)
 .comment       0x00000000       0x27 c:/altera/11.0sp1/nios2eds/bin/gnu/h-i686-mingw32/bin/../lib/gcc/nios2-elf/4.1.2/../../../../nios2-elf/lib\libc.a(lib_a-__call_atexit.o)
 .comment       0x00000000       0x27 c:/altera/11.0sp1/nios2eds/bin/gnu/h-i686-mingw32/bin/../lib/gcc/nios2-elf/4.1.2/../../../../nios2-elf/lib\libc.a(lib_a-dtoa.o)
 .comment       0x00000000       0x27 c:/altera/11.0sp1/nios2eds/bin/gnu/h-i686-mingw32/bin/../lib/gcc/nios2-elf/4.1.2/../../../../nios2-elf/lib\libc.a(lib_a-locale.o)
 .comment       0x00000000       0x27 c:/altera/11.0sp1/nios2eds/bin/gnu/h-i686-mingw32/bin/../lib/gcc/nios2-elf/4.1.2/../../../../nios2-elf/lib\libc.a(lib_a-mprec.o)
 .comment       0x00000000       0x27 c:/altera/11.0sp1/nios2eds/bin/gnu/h-i686-mingw32/bin/../lib/gcc/nios2-elf/4.1.2/../../../../nios2-elf/lib\libc.a(lib_a-s_isinfd.o)
 .comment       0x00000000       0x27 c:/altera/11.0sp1/nios2eds/bin/gnu/h-i686-mingw32/bin/../lib/gcc/nios2-elf/4.1.2/../../../../nios2-elf/lib\libc.a(lib_a-s_isnand.o)
 .comment       0x00000000       0x27 c:/altera/11.0sp1/nios2eds/bin/gnu/h-i686-mingw32/bin/../lib/gcc/nios2-elf/4.1.2/../../../../nios2-elf/lib\libc.a(lib_a-strcmp.o)
 .comment       0x00000000       0x27 c:/altera/11.0sp1/nios2eds/bin/gnu/h-i686-mingw32/bin/../lib/gcc/nios2-elf/4.1.2/../../../../nios2-elf/lib\libc.a(lib_a-callocr.o)
 .comment       0x00000000       0x27 c:/altera/11.0sp1/nios2eds/bin/gnu/h-i686-mingw32/bin/../lib/gcc/nios2-elf/4.1.2\libgcc.a(_udivdi3.o)
 .comment       0x00000000       0x27 c:/altera/11.0sp1/nios2eds/bin/gnu/h-i686-mingw32/bin/../lib/gcc/nios2-elf/4.1.2\libgcc.a(_umoddi3.o)
 .comment       0x00000000       0x27 c:/altera/11.0sp1/nios2eds/bin/gnu/h-i686-mingw32/bin/../lib/gcc/nios2-elf/4.1.2\libgcc.a(_addsub_df.o)
 .comment       0x00000000       0x27 c:/altera/11.0sp1/nios2eds/bin/gnu/h-i686-mingw32/bin/../lib/gcc/nios2-elf/4.1.2\libgcc.a(_mul_df.o)
 .comment       0x00000000       0x27 c:/altera/11.0sp1/nios2eds/bin/gnu/h-i686-mingw32/bin/../lib/gcc/nios2-elf/4.1.2\libgcc.a(_div_df.o)
 .comment       0x00000000       0x27 c:/altera/11.0sp1/nios2eds/bin/gnu/h-i686-mingw32/bin/../lib/gcc/nios2-elf/4.1.2\libgcc.a(_eq_df.o)
 .comment       0x00000000       0x27 c:/altera/11.0sp1/nios2eds/bin/gnu/h-i686-mingw32/bin/../lib/gcc/nios2-elf/4.1.2\libgcc.a(_ne_df.o)
 .comment       0x00000000       0x27 c:/altera/11.0sp1/nios2eds/bin/gnu/h-i686-mingw32/bin/../lib/gcc/nios2-elf/4.1.2\libgcc.a(_gt_df.o)
 .comment       0x00000000       0x27 c:/altera/11.0sp1/nios2eds/bin/gnu/h-i686-mingw32/bin/../lib/gcc/nios2-elf/4.1.2\libgcc.a(_ge_df.o)
 .comment       0x00000000       0x27 c:/altera/11.0sp1/nios2eds/bin/gnu/h-i686-mingw32/bin/../lib/gcc/nios2-elf/4.1.2\libgcc.a(_lt_df.o)
 .comment       0x00000000       0x27 c:/altera/11.0sp1/nios2eds/bin/gnu/h-i686-mingw32/bin/../lib/gcc/nios2-elf/4.1.2\libgcc.a(_si_to_df.o)
 .comment       0x00000000       0x27 c:/altera/11.0sp1/nios2eds/bin/gnu/h-i686-mingw32/bin/../lib/gcc/nios2-elf/4.1.2\libgcc.a(_df_to_si.o)
 .comment       0x00000000       0x27 c:/altera/11.0sp1/nios2eds/bin/gnu/h-i686-mingw32/bin/../lib/gcc/nios2-elf/4.1.2\libgcc.a(_thenan_df.o)
 .comment       0x00000000       0x27 c:/altera/11.0sp1/nios2eds/bin/gnu/h-i686-mingw32/bin/../lib/gcc/nios2-elf/4.1.2\libgcc.a(_usi_to_df.o)
 .comment       0x00000000       0x27 c:/altera/11.0sp1/nios2eds/bin/gnu/h-i686-mingw32/bin/../lib/gcc/nios2-elf/4.1.2\libgcc.a(lib2-divmod.o)
 .comment       0x00000000       0x27 c:/altera/11.0sp1/nios2eds/bin/gnu/h-i686-mingw32/bin/../lib/gcc/nios2-elf/4.1.2\libgcc.a(_muldi3.o)
 .comment       0x00000000       0x27 c:/altera/11.0sp1/nios2eds/bin/gnu/h-i686-mingw32/bin/../lib/gcc/nios2-elf/4.1.2\libgcc.a(_clz.o)