Archive member included because of file (symbol)

c:/altera/11.0sp1/nios2eds/bin/gnu/h-i686-mingw32/bin/../lib/gcc/nios2-elf/4.1.2/../../../../nios2-elf/lib\libc.a(lib_a-puts.o)
                              obj/hello_ucosii.o (puts)
c:/altera/11.0sp1/nios2eds/bin/gnu/h-i686-mingw32/bin/../lib/gcc/nios2-elf/4.1.2/../../../../nios2-elf/lib\libc.a(lib_a-strlen.o)
                              c:/altera/11.0sp1/nios2eds/bin/gnu/h-i686-mingw32/bin/../lib/gcc/nios2-elf/4.1.2/../../../../nios2-elf/lib\libc.a(lib_a-puts.o) (strlen)
c:/altera/11.0sp1/nios2eds/bin/gnu/h-i686-mingw32/bin/../lib/gcc/nios2-elf/4.1.2/../../../../nios2-elf/lib\libc.a(lib_a-fvwrite.o)
                              c:/altera/11.0sp1/nios2eds/bin/gnu/h-i686-mingw32/bin/../lib/gcc/nios2-elf/4.1.2/../../../../nios2-elf/lib\libc.a(lib_a-puts.o) (__sfvwrite_r)
c:/altera/11.0sp1/nios2eds/bin/gnu/h-i686-mingw32/bin/../lib/gcc/nios2-elf/4.1.2/../../../../nios2-elf/lib\libc.a(lib_a-impure.o)
                              c:/altera/11.0sp1/nios2eds/bin/gnu/h-i686-mingw32/bin/../lib/gcc/nios2-elf/4.1.2/../../../../nios2-elf/lib\libc.a(lib_a-puts.o) (_impure_ptr)
c:/altera/11.0sp1/nios2eds/bin/gnu/h-i686-mingw32/bin/../lib/gcc/nios2-elf/4.1.2/../../../../nios2-elf/lib\libc.a(lib_a-mallocr.o)
                              c:/altera/11.0sp1/nios2eds/bin/gnu/h-i686-mingw32/bin/../lib/gcc/nios2-elf/4.1.2/../../../../nios2-elf/lib\libc.a(lib_a-fvwrite.o) (_malloc_r)
c:/altera/11.0sp1/nios2eds/bin/gnu/h-i686-mingw32/bin/../lib/gcc/nios2-elf/4.1.2/../../../../nios2-elf/lib\libc.a(lib_a-memchr.o)
                              c:/altera/11.0sp1/nios2eds/bin/gnu/h-i686-mingw32/bin/../lib/gcc/nios2-elf/4.1.2/../../../../nios2-elf/lib\libc.a(lib_a-fvwrite.o) (memchr)
c:/altera/11.0sp1/nios2eds/bin/gnu/h-i686-mingw32/bin/../lib/gcc/nios2-elf/4.1.2/../../../../nios2-elf/lib\libc.a(lib_a-memcpy.o)
                              c:/altera/11.0sp1/nios2eds/bin/gnu/h-i686-mingw32/bin/../lib/gcc/nios2-elf/4.1.2/../../../../nios2-elf/lib\libc.a(lib_a-fvwrite.o) (memcpy)
c:/altera/11.0sp1/nios2eds/bin/gnu/h-i686-mingw32/bin/../lib/gcc/nios2-elf/4.1.2/../../../../nios2-elf/lib\libc.a(lib_a-memmove.o)
                              c:/altera/11.0sp1/nios2eds/bin/gnu/h-i686-mingw32/bin/../lib/gcc/nios2-elf/4.1.2/../../../../nios2-elf/lib\libc.a(lib_a-fvwrite.o) (memmove)
c:/altera/11.0sp1/nios2eds/bin/gnu/h-i686-mingw32/bin/../lib/gcc/nios2-elf/4.1.2/../../../../nios2-elf/lib\libc.a(lib_a-reallocr.o)
                              c:/altera/11.0sp1/nios2eds/bin/gnu/h-i686-mingw32/bin/../lib/gcc/nios2-elf/4.1.2/../../../../nios2-elf/lib\libc.a(lib_a-fvwrite.o) (_realloc_r)
c:/altera/11.0sp1/nios2eds/bin/gnu/h-i686-mingw32/bin/../lib/gcc/nios2-elf/4.1.2/../../../../nios2-elf/lib\libc.a(lib_a-sbrkr.o)
                              c:/altera/11.0sp1/nios2eds/bin/gnu/h-i686-mingw32/bin/../lib/gcc/nios2-elf/4.1.2/../../../../nios2-elf/lib\libc.a(lib_a-mallocr.o) (_sbrk_r)
c:/altera/11.0sp1/nios2eds/bin/gnu/h-i686-mingw32/bin/../lib/gcc/nios2-elf/4.1.2/../../../../nios2-elf/lib\libc.a(lib_a-wsetup.o)
                              c:/altera/11.0sp1/nios2eds/bin/gnu/h-i686-mingw32/bin/../lib/gcc/nios2-elf/4.1.2/../../../../nios2-elf/lib\libc.a(lib_a-fvwrite.o) (__swsetup_r)
c:/altera/11.0sp1/nios2eds/bin/gnu/h-i686-mingw32/bin/../lib/gcc/nios2-elf/4.1.2/../../../../nios2-elf/lib\libc.a(lib_a-fflush.o)
                              c:/altera/11.0sp1/nios2eds/bin/gnu/h-i686-mingw32/bin/../lib/gcc/nios2-elf/4.1.2/../../../../nios2-elf/lib\libc.a(lib_a-fvwrite.o) (_fflush_r)
c:/altera/11.0sp1/nios2eds/bin/gnu/h-i686-mingw32/bin/../lib/gcc/nios2-elf/4.1.2/../../../../nios2-elf/lib\libc.a(lib_a-findfp.o)
                              c:/altera/11.0sp1/nios2eds/bin/gnu/h-i686-mingw32/bin/../lib/gcc/nios2-elf/4.1.2/../../../../nios2-elf/lib\libc.a(lib_a-wsetup.o) (__sinit)
c:/altera/11.0sp1/nios2eds/bin/gnu/h-i686-mingw32/bin/../lib/gcc/nios2-elf/4.1.2/../../../../nios2-elf/lib\libc.a(lib_a-freer.o)
                              c:/altera/11.0sp1/nios2eds/bin/gnu/h-i686-mingw32/bin/../lib/gcc/nios2-elf/4.1.2/../../../../nios2-elf/lib\libc.a(lib_a-fvwrite.o) (_free_r)
c:/altera/11.0sp1/nios2eds/bin/gnu/h-i686-mingw32/bin/../lib/gcc/nios2-elf/4.1.2/../../../../nios2-elf/lib\libc.a(lib_a-fwalk.o)
                              c:/altera/11.0sp1/nios2eds/bin/gnu/h-i686-mingw32/bin/../lib/gcc/nios2-elf/4.1.2/../../../../nios2-elf/lib\libc.a(lib_a-fflush.o) (_fwalk_reent)
c:/altera/11.0sp1/nios2eds/bin/gnu/h-i686-mingw32/bin/../lib/gcc/nios2-elf/4.1.2/../../../../nios2-elf/lib\libc.a(lib_a-int_errno.o)
                              c:/altera/11.0sp1/nios2eds/bin/gnu/h-i686-mingw32/bin/../lib/gcc/nios2-elf/4.1.2/../../../../nios2-elf/lib\libc.a(lib_a-sbrkr.o) (errno)
c:/altera/11.0sp1/nios2eds/bin/gnu/h-i686-mingw32/bin/../lib/gcc/nios2-elf/4.1.2/../../../../nios2-elf/lib\libc.a(lib_a-makebuf.o)
[...]
Memory Configuration

Name             Origin             Length             Attributes
reset            0x00000000         0x00000020
epcs             0x00000020         0x000007e0
sdram_BEFORE_EXCEPTION 0x04000000         0x00000020
sdram            0x04000020         0x01ffffe0
*default*        0x00000000         0xffffffff

Linker script and memory map

LOAD ../lab3_bsp//obj/HAL/src/crt0.o
LOAD obj/hello_ucosii.o
LOAD c:/altera/11.0sp1/nios2eds/bin/gnu/h-i686-mingw32/bin/../lib/gcc/nios2-elf/4.1.2/../../../../nios2-elf/lib\libstdc++.a
LOAD c:/altera/11.0sp1/nios2eds/bin/gnu/h-i686-mingw32/bin/../lib/gcc/nios2-elf/4.1.2/../../../../nios2-elf/lib\libm.a
LOAD c:/altera/11.0sp1/nios2eds/bin/gnu/h-i686-mingw32/bin/../lib/gcc/nios2-elf/4.1.2\libgcc.a
START GROUP
LOAD c:/altera/11.0sp1/nios2eds/bin/gnu/h-i686-mingw32/bin/../lib/gcc/nios2-elf/4.1.2/../../../../nios2-elf/lib\libc.a
LOAD c:/altera/11.0sp1/nios2eds/bin/gnu/h-i686-mingw32/bin/../lib/gcc/nios2-elf/4.1.2\libgcc.a
LOAD ../lab3_bsp/\libucosii_bsp.a
END GROUP
LOAD c:/altera/11.0sp1/nios2eds/bin/gnu/h-i686-mingw32/bin/../lib/gcc/nios2-elf/4.1.2\libgcc.a
                0x00000000                __alt_mem_epcs = 0x0
                0x04000000                __alt_mem_sdram = 0x4000000

.entry          0x00000000        0x0
 *(.entry)
 .entry         0x00000000        0x0 ../lab3_bsp//obj/HAL/src/crt0.o
                0x00000000                __reset

.exceptions     0x04000020      0x19c
                0x04000020                PROVIDE (__ram_exceptions_start, ABSOLUTE (.))
                0x04000020                . = ALIGN (0x20)
 *(.irq)
 *(.exceptions.entry.label)
 .exceptions.entry.label
                0x04000020        0x0 ../lab3_bsp/\libucosii_bsp.a(alt_irq_entry.o)
                0x04000020                alt_irq_entry
 .exceptions.entry.label
                0x04000020        0x0 ../lab3_bsp/\libucosii_bsp.a(alt_exception_entry.o)
                0x04000020                alt_exception
 *(.exceptions.entry.user)
 *(.exceptions.entry)
 .exceptions.entry
                0x04000020       0x54 ../lab3_bsp/\libucosii_bsp.a(alt_exception_entry.o)
 *(.exceptions.irqtest.user)
 *(.exceptions.irqtest)
 .exceptions.irqtest
                0x04000074       0x10 ../lab3_bsp/\libucosii_bsp.a(alt_irq_entry.o)
 *(.exceptions.irqhandler.user)
 *(.exceptions.irqhandler)
 .exceptions.irqhandler
                0x04000084        0x4 ../lab3_bsp/\libucosii_bsp.a(alt_irq_entry.o)
 *(.exceptions.irqreturn.user)
 *(.exceptions.irqreturn)
 .exceptions.irqreturn
                0x04000088        0x4 ../lab3_bsp/\libucosii_bsp.a(alt_irq_entry.o)
 *(.exceptions.notirq.label)
 .exceptions.notirq.label
                0x0400008c        0x0 ../lab3_bsp/\libucosii_bsp.a(alt_irq_entry.o)
 *(.exceptions.notirq.user)
 *(.exceptions.notirq)
 .exceptions.notirq
                0x0400008c        0x8 ../lab3_bsp/\libucosii_bsp.a(alt_exception_entry.o)
 *(.exceptions.soft.user)
 *(.exceptions.soft)
 *(.exceptions.unknown.user)
 *(.exceptions.unknown)
 .exceptions.unknown
                0x04000094        0x4 ../lab3_bsp/\libucosii_bsp.a(alt_exception_entry.o)
 *(.exceptions.exit.label)
 .exceptions.exit.label
                0x04000098        0x0 ../lab3_bsp/\libucosii_bsp.a(alt_irq_entry.o)
 .exceptions.exit.label
                0x04000098        0x0 ../lab3_bsp/\libucosii_bsp.a(alt_exception_entry.o)
 *(.exceptions.exit.user)
 *(.exceptions.exit)
 .exceptions.exit
                0x04000098       0x54 ../lab3_bsp/\libucosii_bsp.a(alt_exception_entry.o)
 *(.exceptions)
 .exceptions    0x040000ec       0xd0 ../lab3_bsp/\libucosii_bsp.a(alt_irq_handler.o)
                0x040000ec                alt_irq_handler
                0x040001bc                PROVIDE (__ram_exceptions_end, ABSOLUTE (.))
                0x04000020                PROVIDE (__flash_exceptions_start, LOADADDR (.exceptions))

.text           0x040001bc    0x17700
                0x040001bc                PROVIDE (stext, ABSOLUTE (.))
 *(.interp)
 *(.hash)
 *(.dynsym)
 *(.dynstr)
 *(.gnu.version)
 *(.gnu.version_d)
 *(.gnu.version_r)
 *(.rel.init)
 *(.rela.init)
 *(.rel.text .rel.text.* .rel.gnu.linkonce.t.*)
 *(.rela.text .rela.text.* .rela.gnu.linkonce.t.*)
 *(.rel.fini)
 *(.rela.fini)
 *(.rel.rodata .rel.rodata.* .rel.gnu.linkonce.r.*)
 *(.rela.rodata .rela.rodata.* .rela.gnu.linkonce.r.*)
 *(.rel.data .rel.data.* .rel.gnu.linkonce.d.*)
 *(.rela.data .rela.data.* .rela.gnu.linkonce.d.*)
 *(.rel.tdata .rel.tdata.* .rel.gnu.linkonce.td.*)
 *(.rela.tdata .rela.tdata.* .rela.gnu.linkonce.td.*)
 *(.rel.tbss .rel.tbss.* .rel.gnu.linkonce.tb.*)
 *(.rela.tbss .rela.tbss.* .rela.gnu.linkonce.tb.*)
 *(.rel.ctors)
 *(.rela.ctors)
 *(.rel.dtors)
 *(.rela.dtors)
 *(.rel.got)
 *(.rela.got)
 *(.rel.sdata .rel.sdata.* .rel.gnu.linkonce.s.*)
 *(.rela.sdata .rela.sdata.* .rela.gnu.linkonce.s.*)
 *(.rel.sbss .rel.sbss.* .rel.gnu.linkonce.sb.*)
 *(.rela.sbss .rela.sbss.* .rela.gnu.linkonce.sb.*)
 *(.rel.sdata2 .rel.sdata2.* .rel.gnu.linkonce.s2.*)
 *(.rela.sdata2 .rela.sdata2.* .rela.gnu.linkonce.s2.*)
 *(.rel.sbss2 .rel.sbss2.* .rel.gnu.linkonce.sb2.*)
 *(.rela.sbss2 .rela.sbss2.* .rela.gnu.linkonce.sb2.*)
 *(.rel.bss .rel.bss.* .rel.gnu.linkonce.b.*)
 *(.rela.bss .rela.bss.* .rela.gnu.linkonce.b.*)
 *(.rel.plt)
 *(.rela.plt)
 *(.rel.dyn)
 *(.init)
 *(.plt)
 *(.text .stub .text.* .gnu.linkonce.t.*)
 .text          0x040001bc       0x38 ../lab3_bsp//obj/HAL/src/crt0.o
                0x040001bc                _start
 .text          0x040001f4      0x4d8 obj/hello_ucosii.o
                0x040001f4                task1
                0x04000414                task2
                0x04000604                main
 .text          0x040006cc       0xb4 c:/altera/11.0sp1/nios2eds/bin/gnu/h-i686-mingw32/bin/../lib/gcc/nios2-elf/4.1.2/../../../../nios2-elf/lib\libc.a(lib_a-puts.o)
                0x040006cc                _puts_r
                0x0400076c                puts
 .text          0x04000780       0x74 c:/altera/11.0sp1/nios2eds/bin/gnu/h-i686-mingw32/bin/../lib/gcc/nios2-elf/4.1.2/../../../../nios2-elf/lib\libc.a(lib_a-strlen.o)
                0x04000780                strlen
 .text          0x040007f4      0x49c c:/altera/11.0sp1/nios2eds/bin/gnu/h-i686-mingw32/bin/../lib/gcc/nios2-elf/4.1.2/../../../../nios2-elf/lib\libc.a(lib_a-fvwrite.o)
                0x040007f4                __sfvwrite_r
 .text          0x04000c90        0x0 c:/altera/11.0sp1/nios2eds/bin/gnu/h-i686-mingw32/bin/../lib/gcc/nios2-elf/4.1.2/../../../../nios2-elf/lib\libc.a(lib_a-impure.o)
 .text          0x04000c90      0x740 c:/altera/11.0sp1/nios2eds/bin/gnu/h-i686-mingw32/bin/../lib/gcc/nios2-elf/4.1.2/../../../../nios2-elf/lib\libc.a(lib_a-mallocr.o)
                0x04000c90                _malloc_r
 .text          0x040013d0       0xe4 c:/altera/11.0sp1/nios2eds/bin/gnu/h-i686-mingw32/bin/../lib/gcc/nios2-elf/4.1.2/../../../../nios2-elf/lib\libc.a(lib_a-memchr.o)
                0x040013d0                memchr
 .text          0x040014b4       0xa0 c:/altera/11.0sp1/nios2eds/bin/gnu/h-i686-mingw32/bin/../lib/gcc/nios2-elf/4.1.2/../../../../nios2-elf/lib\libc.a(lib_a-memcpy.o)
                0x040014b4                memcpy
 .text          0x04001554       0xe0 c:/altera/11.0sp1/nios2eds/bin/gnu/h-i686-mingw32/bin/../lib/gcc/nios2-elf/4.1.2/../../../../nios2-elf/lib\libc.a(lib_a-memmove.o)
                0x04001554                memmove
 .text          0x04001634      0x5f4 c:/altera/11.0sp1/nios2eds/bin/gnu/h-i686-mingw32/bin/../lib/gcc/nios2-elf/4.1.2/../../../../nios2-elf/lib\libc.a(lib_a-reallocr.o)
                0x04001634                _realloc_r
 .text          0x04001c28       0x70 c:/altera/11.0sp1/nios2eds/bin/gnu/h-i686-mingw32/bin/../lib/gcc/nios2-elf/4.1.2/../../../../nios2-elf/lib\libc.a(lib_a-sbrkr.o)
                0x04001c28                _sbrk_r
 .text          0x04001c98      0x13c c:/altera/11.0sp1/nios2eds/bin/gnu/h-i686-mingw32/bin/../lib/gcc/nios2-elf/4.1.2/../../../../nios2-elf/lib\libc.a(lib_a-wsetup.o)
                0x04001c98                __swsetup_r
 .text          0x04001dd4      0x230 c:/altera/11.0sp1/nios2eds/bin/gnu/h-i686-mingw32/bin/../lib/gcc/nios2-elf/4.1.2/../../../../nios2-elf/lib\libc.a(lib_a-fflush.o)
                0x04001dd4                _fflush_r
                0x04001fd0                fflush
 .text          0x04002004      0x2c0 c:/altera/11.0sp1/nios2eds/bin/gnu/h-i686-mingw32/bin/../lib/gcc/nios2-elf/4.1.2/../../../../nios2-elf/lib\libc.a(lib_a-findfp.o)
                0x0400205c                __sfp_lock_acquire
                0x04002060                __sfp_lock_release
                0x04002064                __sinit_lock_acquire
                0x04002068                __sinit_lock_release
                0x0400206c                __sinit
                0x04002120                __fp_unlock_all
                0x04002138                __fp_lock_all
                0x04002150                _cleanup_r
                0x0400215c                _cleanup
                0x0400216c                __sfmoreglue
                0x040021d4                __sfp
 .text          0x040022c4      0x440 c:/altera/11.0sp1/nios2eds/bin/gnu/h-i686-mingw32/bin/../lib/gcc/nios2-elf/4.1.2/../../../../nios2-elf/lib\libc.a(lib_a-freer.o)
                0x040022c4                _malloc_trim_r
                0x040023f0                _free_r
 .text          0x04002704      0x180 c:/altera/11.0sp1/nios2eds/bin/gnu/h-i686-mingw32/bin/../lib/gcc/nios2-elf/4.1.2/../../../../nios2-elf/lib\libc.a(lib_a-fwalk.o)
                0x04002704                _fwalk_reent
                0x040027cc                _fwalk
 .text          0x04002884        0x0 c:/altera/11.0sp1/nios2eds/bin/gnu/h-i686-mingw32/bin/../lib/gcc/nios2-elf/4.1.2/../../../../nios2-elf/lib\libc.a(lib_a-int_errno.o)
 .text          0x04002884      0x194 c:/altera/11.0sp1/nios2eds/bin/gnu/h-i686-mingw32/bin/../lib/gcc/nios2-elf/4.1.2/../../../../nios2-elf/lib\libc.a(lib_a-makebuf.o)
                0x04002884                __smakebuf_r
 .text          0x04002a18       0x98 c:/altera/11.0sp1/nios2eds/bin/gnu/h-i686-mingw32/bin/../lib/gcc/nios2-elf/4.1.2/../../../../nios2-elf/lib\libc.a(lib_a-memset.o)
                0x04002a18                memset
 .text          0x04002ab0      0x14c c:/altera/11.0sp1/nios2eds/bin/gnu/h-i686-mingw32/bin/../lib/gcc/nios2-elf/4.1.2/../../../../nios2-elf/lib\libc.a(lib_a-stdio.o)
                0x04002ab0                __sclose
                0x04002ab8                __sseek
                0x04002b20                __swrite
                0x04002b9c                __sread
 .text          0x04002bfc       0x78 c:/altera/11.0sp1/nios2eds/bin/gnu/h-i686-mingw32/bin/../lib/gcc/nios2-elf/4.1.2/../../../../nios2-elf/lib\libc.a(lib_a-writer.o)
                0x04002bfc                _write_r
 .text          0x04002c74       0x70 c:/altera/11.0sp1/nios2eds/bin/gnu/h-i686-mingw32/bin/../lib/gcc/nios2-elf/4.1.2/../../../../nios2-elf/lib\libc.a(lib_a-closer.o)
                0x04002c74                _close_r
 .text          0x04002ce4      0x124 c:/altera/11.0sp1/nios2eds/bin/gnu/h-i686-mingw32/bin/../lib/gcc/nios2-elf/4.1.2/../../../../nios2-elf/lib\libc.a(lib_a-fclose.o)
                0x04002ce4                _fclose_r
                0x04002df4                fclose
 .text          0x04002e08       0x74 c:/altera/11.0sp1/nios2eds/bin/gnu/h-i686-mingw32/bin/../lib/gcc/nios2-elf/4.1.2/../../../../nios2-elf/lib\libc.a(lib_a-fstatr.o)
                0x04002e08                _fstat_r
 .text          0x04002e7c       0x70 c:/altera/11.0sp1/nios2eds/bin/gnu/h-i686-mingw32/bin/../lib/gcc/nios2-elf/4.1.2/../../../../nios2-elf/lib\libc.a(lib_a-isattyr.o)
                0x04002e7c                _isatty_r
 .text          0x04002eec       0x78 c:/altera/11.0sp1/nios2eds/bin/gnu/h-i686-mingw32/bin/../lib/gcc/nios2-elf/4.1.2/../../../../nios2-elf/lib\libc.a(lib_a-lseekr.o)
                0x04002eec                _lseek_r
 .text          0x04002f64       0x78 c:/altera/11.0sp1/nios2eds/bin/gnu/h-i686-mingw32/bin/../lib/gcc/nios2-elf/4.1.2/../../../../nios2-elf/lib\libc.a(lib_a-readr.o)
                0x04002f64                _read_r
 .text          0x04002fdc      0x15c ../lab3_bsp/\libucosii_bsp.a(alt_close.o)
                0x04002fdc                close
 .text          0x04003138       0x2c ../lab3_bsp/\libucosii_bsp.a(alt_dev.o)
 .text          0x04003164        0x0 ../lab3_bsp/\libucosii_bsp.a(alt_errno.o)
 .text          0x04003164      0x134 ../lab3_bsp/\libucosii_bsp.a(alt_fstat.o)
                0x04003164                fstat
 .text          0x04003298      0x120 ../lab3_bsp/\libucosii_bsp.a(alt_isatty.o)
                0x04003298                isatty
 .text          0x040033b8      0x150 ../lab3_bsp/\libucosii_bsp.a(alt_lseek.o)
                0x040033b8                lseek
 .text          0x04003508       0xc8 ../lab3_bsp/\libucosii_bsp.a(alt_main.o)
                0x04003508                alt_main
 .text          0x040035d0      0x180 ../lab3_bsp/\libucosii_bsp.a(alt_read.o)
                0x040035d0                read
 .text          0x04003750       0x60 ../lab3_bsp/\libucosii_bsp.a(alt_release_fd.o)
                0x04003750                alt_release_fd
 .text          0x040037b0       0xbc ../lab3_bsp/\libucosii_bsp.a(alt_sbrk.o)
                0x040037b0                sbrk
 .text          0x0400386c      0x180 ../lab3_bsp/\libucosii_bsp.a(alt_write.o)
                0x0400386c                write
 .text          0x040039ec      0x108 ../lab3_bsp/\libucosii_bsp.a(alt_env_lock.o)
                0x040039ec                __env_lock
                0x04003a98                __env_unlock
 .text          0x04003af4      0x1d8 ../lab3_bsp/\libucosii_bsp.a(alt_malloc_lock.o)
                0x04003af4                __malloc_lock
                0x04003bfc                __malloc_unlock
 .text          0x04003ccc     0x21b4 ../lab3_bsp/\libucosii_bsp.a(os_core.o)
                0x04003ccc                OSEventNameGet
                0x04003dfc                OSEventNameSet
                0x04003f40                OSEventPendMulti
                0x040045f4                OSInit
                0x04004648                OSIntEnter
                0x040046c4                OSIntExit
                0x040047e8                OSSchedLock
                0x04004874                OSSchedUnlock
                0x04004958                OSStart
                0x040049c8                OSStatInit
                0x04004a74                OSTimeTick
                0x04004cc8                OSVersion
                0x04004ce8                OS_Dummy
                0x04004d04                OS_EventTaskRdy
                0x04004e98                OS_EventTaskWait
                0x04004fa8                OS_EventTaskWaitMulti
                0x040050fc                OS_EventTaskRemove
                0x040051b4                OS_EventTaskRemoveMulti
                0x040052b8                OS_EventWaitListInit
                0x04005684                OS_MemClr
                0x040056d8                OS_MemCopy
                0x04005744                OS_Sched
                0x040058b0                OS_StrCopy
                0x04005930                OS_StrLen
                0x04005988                OS_TaskIdle
                0x040059e4                OS_TaskStat
                0x04005aac                OS_TaskStatStkChk
                0x04005b74                OS_TCBInit
 .text          0x04005e80      0x18c ../lab3_bsp/\libucosii_bsp.a(os_dbg.o)
                0x04005e80                OSDebugInit
 .text          0x0400600c     0x193c ../lab3_bsp/\libucosii_bsp.a(os_flag.o)
                0x0400600c                OSFlagAccept
                0x04006340                OSFlagCreate
                0x0400647c                OSFlagDel
                0x04006724                OSFlagNameGet
                0x04006868                OSFlagNameSet
                0x040069bc                OSFlagPend
                0x04007000                OSFlagPendGetFlagsRdy
                0x04007068                OSFlagPost
                0x04007410                OSFlagQuery
                0x040076a8                OS_FlagInit
                0x0400789c                OS_FlagUnlink
 .text          0x04007948      0x808 ../lab3_bsp/\libucosii_bsp.a(os_mem.o)
                0x04007948                OSMemCreate
                0x04007b64                OSMemGet
                0x04007c68                OSMemNameGet
                0x04007d74                OSMemNameSet
                0x04007e94                OSMemPut
                0x04007f84                OSMemQuery
                0x04008080                OS_MemInit
 .text          0x04008150     0x12c0 ../lab3_bsp/\libucosii_bsp.a(os_mutex.o)
                0x04008150                OSMutexAccept
                0x04008328                OSMutexCreate
                0x0400852c                OSMutexDel
                0x04008894                OSMutexPend
                0x04008e08                OSMutexPost
                0x040090a0                OSMutexQuery
 .text          0x04009410     0x1334 ../lab3_bsp/\libucosii_bsp.a(os_q.o)
                0x04009410                OSQAccept
                0x04009564                OSQCreate
                0x04009778                OSQDel
                0x04009a78                OSQFlush
                0x04009b40                OSQPend
                0x04009e60                OSQPendAbort
                0x04009fdc                OSQPost
                0x0400a15c                OSQPostFront
                0x0400a2e4                OSQPostOpt
                0x0400a518                OSQQuery
                0x0400a698                OS_QInit
 .text          0x0400a744      0xbc8 ../lab3_bsp/\libucosii_bsp.a(os_sem.o)
                0x0400a744                OSSemAccept
                0x0400a804                OSSemCreate
                0x0400a918                OSSemDel
                0x0400abb8                OSSemPend
                0x0400ae34                OSSemPendAbort
                0x0400afb0                OSSemPost
                0x0400b0d8                OSSemQuery
                0x0400b208                OSSemSet
 .text          0x0400b30c     0x1a40 ../lab3_bsp/\libucosii_bsp.a(os_task.o)
                0x0400b30c                OSTaskChangePrio
                0x0400b880                OSTaskCreate
                0x0400ba54                OSTaskCreateExt
                0x0400bc54                OSTaskDel
                0x0400c060                OSTaskDelReq
                0x0400c1d0                OSTaskNameGet
                0x0400c388                OSTaskNameSet
                0x0400c54c                OSTaskResume
                0x0400c764                OSTaskStkChk
                0x0400c960                OSTaskSuspend
                0x0400cb8c                OSTaskQuery
                0x0400ccd0                OS_TaskStkClr
 .text          0x0400cd4c      0x59c ../lab3_bsp/\libucosii_bsp.a(os_time.o)
                0x0400cd4c                OSTimeDly
                0x0400ce98                OSTimeDlyHMSM
                0x0400d010                OSTimeDlyResume
                0x0400d220                OSTimeGet
                0x0400d284                OSTimeSet
 .text          0x0400d2e8       0xd0 ../lab3_bsp/\libucosii_bsp.a(alt_sys_init.o)
                0x0400d2e8                alt_irq_init
                0x0400d31c                alt_sys_init
 .text          0x0400d3b8      0x934 ../lab3_bsp/\libucosii_bsp.a(altera_avalon_epcs_flash_controller.o)
                0x0400d3b8                alt_epcs_flash_init
                0x0400d738                alt_epcs_flash_write
                0x0400d9b8                alt_epcs_flash_get_info
                0x0400da48                alt_epcs_flash_erase_block
                0x0400db50                alt_epcs_flash_write_block
                0x0400dc60                alt_epcs_flash_read
 .text          0x0400dcec      0x148 ../lab3_bsp/\libucosii_bsp.a(altera_avalon_jtag_uart_fd.o)
                0x0400dcec                altera_avalon_jtag_uart_read_fd
                0x0400dd44                altera_avalon_jtag_uart_write_fd
                0x0400dd9c                altera_avalon_jtag_uart_close_fd
                0x0400dde4                altera_avalon_jtag_uart_ioctl_fd
 .text          0x0400de34      0x584 ../lab3_bsp/\libucosii_bsp.a(altera_avalon_jtag_uart_init.o)
                0x0400de34                altera_avalon_jtag_uart_init
                0x0400e344                altera_avalon_jtag_uart_close
 .text          0x0400e3b8       0xf4 ../lab3_bsp/\libucosii_bsp.a(altera_avalon_jtag_uart_ioctl.o)
                0x0400e3b8                altera_avalon_jtag_uart_ioctl
 .text          0x0400e4ac      0x2c0 ../lab3_bsp/\libucosii_bsp.a(altera_avalon_jtag_uart_read.o)
                0x0400e4ac                altera_avalon_jtag_uart_read
 .text          0x0400e76c      0x2dc ../lab3_bsp/\libucosii_bsp.a(altera_avalon_jtag_uart_write.o)
                0x0400e76c                altera_avalon_jtag_uart_write
 .text          0x0400ea48      0x100 ../lab3_bsp/\libucosii_bsp.a(altera_avalon_timer_sc.o)
                0x0400eab8                alt_avalon_timer_sc_init
 .text          0x0400eb48      0x460 ../lab3_bsp/\libucosii_bsp.a(epcs_commands.o)
                0x0400eb48                epcs_read_status_register
                0x0400eba8                epcs_sector_erase
                0x0400ec94                epcs_read_buffer
                0x0400ed48                epcs_write_enable
                0x0400ed98                epcs_write_status_register
                0x0400edfc                epcs_write_buffer
                0x0400eed4                epcs_read_electronic_signature
                0x0400ef40                epcs_read_device_id
 .text          0x0400efa8      0x154 ../lab3_bsp/\libucosii_bsp.a(alt_alarm_start.o)
                0x0400efa8                alt_alarm_start
 .text          0x0400f0fc      0x114 ../lab3_bsp/\libucosii_bsp.a(alt_dev_llist_insert.o)
                0x0400f0fc                alt_dev_llist_insert
 .text          0x0400f210       0x64 ../lab3_bsp/\libucosii_bsp.a(alt_do_ctors.o)
                0x0400f210                _do_ctors
 .text          0x0400f274       0x64 ../lab3_bsp/\libucosii_bsp.a(alt_do_dtors.o)
                0x0400f274                _do_dtors
 .text          0x0400f2d8       0xd0 ../lab3_bsp/\libucosii_bsp.a(alt_flash_dev.o)
                0x0400f2d8                alt_flash_open_dev
                0x0400f354                alt_flash_close_dev
 .text          0x0400f3a8      0x1d4 ../lab3_bsp/\libucosii_bsp.a(alt_iic.o)
                0x0400f3a8                alt_ic_isr_register
                0x0400f3f8                alt_ic_irq_enable
                0x0400f494                alt_ic_irq_disable
                0x0400f534                alt_ic_irq_enabled
 .text          0x0400f57c       0xf8 ../lab3_bsp/\libucosii_bsp.a(alt_iic_isr_register.o)
                0x0400f57c                alt_iic_isr_register
 .text          0x0400f674      0x13c ../lab3_bsp/\libucosii_bsp.a(alt_io_redirect.o)
                0x0400f738                alt_io_redirect
 .text          0x0400f7b0        0x0 ../lab3_bsp/\libucosii_bsp.a(alt_irq_entry.o)
 .text          0x0400f7b0        0x0 ../lab3_bsp/\libucosii_bsp.a(alt_irq_handler.o)
 .text          0x0400f7b0        0x0 ../lab3_bsp/\libucosii_bsp.a(alt_irq_vars.o)
 .text          0x0400f7b0      0x2c4 ../lab3_bsp/\libucosii_bsp.a(alt_open.o)
                0x0400f88c                open
 .text          0x0400fa74      0x1a8 ../lab3_bsp/\libucosii_bsp.a(alt_tick.o)
                0x0400fa74                alt_alarm_stop
                0x0400fb0c                alt_tick
 .text          0x0400fc1c       0x20 ../lab3_bsp/\libucosii_bsp.a(altera_nios2_irq.o)
                0x0400fc1c                altera_nios2_irq_init
 .text          0x0400fc3c       0xd0 ../lab3_bsp/\libucosii_bsp.a(os_cpu_a.o)
                0x0400fc3c                OSCtxSw
                0x0400fc3c                OSIntCtxSw
                0x0400fcc8                OSStartHighRdy
                0x0400fce8                OSStartTsk
 .text          0x0400fd0c      0x418 ../lab3_bsp/\libucosii_bsp.a(os_cpu_c.o)
                0x0400fd0c                OSTaskStkInit
                0x0401001c                OSTaskCreateHook
                0x0401003c                OSTaskDelHook
                0x0401005c                OSTaskSwHook
                0x04010078                OSTaskStatHook
                0x04010094                OSTimeTickHook
                0x040100b0                OSInitHookBegin
                0x040100cc                OSInitHookEnd
                0x040100e8                OSTaskIdleHook
                0x04010104                OSTCBInitHook
 .text          0x04010124      0x238 ../lab3_bsp/\libucosii_bsp.a(altera_avalon_spi.o)
                0x04010124                alt_avalon_spi_command
 .text          0x0401035c        0x0 ../lab3_bsp/\libucosii_bsp.a(alt_exception_entry.o)
 .text          0x0401035c       0x94 ../lab3_bsp/\libucosii_bsp.a(alt_find_dev.o)
                0x0401035c                alt_find_dev
 .text          0x040103f0      0x120 ../lab3_bsp/\libucosii_bsp.a(alt_find_file.o)
                0x040103f0                alt_find_file
 .text          0x04010510       0xf4 ../lab3_bsp/\libucosii_bsp.a(alt_get_fd.o)
                0x04010510                alt_get_fd
 .text          0x04010604       0x14 c:/altera/11.0sp1/nios2eds/bin/gnu/h-i686-mingw32/bin/../lib/gcc/nios2-elf/4.1.2/../../../../nios2-elf/lib\libc.a(lib_a-atexit.o)
                0x04010604                atexit
 .text          0x04010618       0x38 c:/altera/11.0sp1/nios2eds/bin/gnu/h-i686-mingw32/bin/../lib/gcc/nios2-elf/4.1.2/../../../../nios2-elf/lib\libc.a(lib_a-exit.o)
                0x04010618                exit
 .text          0x04010650       0x74 c:/altera/11.0sp1/nios2eds/bin/gnu/h-i686-mingw32/bin/../lib/gcc/nios2-elf/4.1.2/../../../../nios2-elf/lib\libc.a(lib_a-memcmp.o)
                0x04010650                memcmp
 .text          0x040106c4       0x78 c:/altera/11.0sp1/nios2eds/bin/gnu/h-i686-mingw32/bin/../lib/gcc/nios2-elf/4.1.2/../../../../nios2-elf/lib\libc.a(lib_a-printf.o)
                0x040106c4                printf
                0x04010708                _printf_r
 .text          0x0401073c     0x1f28 c:/altera/11.0sp1/nios2eds/bin/gnu/h-i686-mingw32/bin/../lib/gcc/nios2-elf/4.1.2/../../../../nios2-elf/lib\libc.a(lib_a-vfprintf.o)
                0x04010794                ___vfprintf_internal_r
                0x04012640                __vfprintf_internal
 .text          0x04012664      0x134 c:/altera/11.0sp1/nios2eds/bin/gnu/h-i686-mingw32/bin/../lib/gcc/nios2-elf/4.1.2/../../../../nios2-elf/lib\libc.a(lib_a-__atexit.o)
                0x04012664                __register_exitproc
 .text          0x04012798      0x1b4 c:/altera/11.0sp1/nios2eds/bin/gnu/h-i686-mingw32/bin/../lib/gcc/nios2-elf/4.1.2/../../../../nios2-elf/lib\libc.a(lib_a-__call_atexit.o)
                0x0401279c                __call_exitprocs
 .text          0x0401294c     0x17cc c:/altera/11.0sp1/nios2eds/bin/gnu/h-i686-mingw32/bin/../lib/gcc/nios2-elf/4.1.2/../../../../nios2-elf/lib\libc.a(lib_a-dtoa.o)
                0x04012b64                _dtoa_r
 .text          0x04014118       0xc4 c:/altera/11.0sp1/nios2eds/bin/gnu/h-i686-mingw32/bin/../lib/gcc/nios2-elf/4.1.2/../../../../nios2-elf/lib\libc.a(lib_a-locale.o)
                0x04014118                __locale_charset
                0x04014120                _localeconv_r
                0x0401412c                localeconv
                0x0401413c                _setlocale_r
                0x040141c0                setlocale
 .text          0x040141dc      0xff4 c:/altera/11.0sp1/nios2eds/bin/gnu/h-i686-mingw32/bin/../lib/gcc/nios2-elf/4.1.2/../../../../nios2-elf/lib\libc.a(lib_a-mprec.o)
                0x040141dc                _Bfree
                0x04014204                __hi0bits
                0x04014274                __lo0bits
                0x04014338                __mcmp
                0x04014398                __ulp
                0x04014418                __b2d
                0x04014538                __ratio
                0x040145e8                _mprec_log10
                0x0401467c                __copybits
                0x040146d4                __any_on
                0x0401475c                _Balloc
                0x04014818                __d2b
                0x04014994                __mdiff
                0x04014b20                __lshift
                0x04014c6c                __multiply
                0x04014e54                __i2b
                0x04014e90                __multadd
                0x04014f90                __pow5mult
                0x040150b0                __s2b
 .text          0x040151d0       0x40 c:/altera/11.0sp1/nios2eds/bin/gnu/h-i686-mingw32/bin/../lib/gcc/nios2-elf/4.1.2/../../../../nios2-elf/lib\libc.a(lib_a-s_isinfd.o)
                0x040151d0                __isinfd
 .text          0x04015210       0x30 c:/altera/11.0sp1/nios2eds/bin/gnu/h-i686-mingw32/bin/../lib/gcc/nios2-elf/4.1.2/../../../../nios2-elf/lib\libc.a(lib_a-s_isnand.o)
                0x04015210                __isnand
 .text          0x04015240       0xbc c:/altera/11.0sp1/nios2eds/bin/gnu/h-i686-mingw32/bin/../lib/gcc/nios2-elf/4.1.2/../../../../nios2-elf/lib\libc.a(lib_a-strcmp.o)
                0x04015240                strcmp
 .text          0x040152fc       0xb4 c:/altera/11.0sp1/nios2eds/bin/gnu/h-i686-mingw32/bin/../lib/gcc/nios2-elf/4.1.2/../../../../nios2-elf/lib\libc.a(lib_a-callocr.o)
                0x040152fc                _calloc_r
 .text          0x040153b0      0x5dc c:/altera/11.0sp1/nios2eds/bin/gnu/h-i686-mingw32/bin/../lib/gcc/nios2-elf/4.1.2\libgcc.a(_udivdi3.o)
                0x040153b0                __udivdi3
 .text          0x0401598c      0x5b0 c:/altera/11.0sp1/nios2eds/bin/gnu/h-i686-mingw32/bin/../lib/gcc/nios2-elf/4.1.2\libgcc.a(_umoddi3.o)
                0x0401598c                __umoddi3
 .text          0x04015f3c      0x504 c:/altera/11.0sp1/nios2eds/bin/gnu/h-i686-mingw32/bin/../lib/gcc/nios2-elf/4.1.2\libgcc.a(_addsub_df.o)
                0x0401634c                __subdf3
                0x040163cc                __adddf3
 .text          0x04016440      0x3c4 c:/altera/11.0sp1/nios2eds/bin/gnu/h-i686-mingw32/bin/../lib/gcc/nios2-elf/4.1.2\libgcc.a(_mul_df.o)
                0x04016440                __muldf3
 .text          0x04016804      0x258 c:/altera/11.0sp1/nios2eds/bin/gnu/h-i686-mingw32/bin/../lib/gcc/nios2-elf/4.1.2\libgcc.a(_div_df.o)
                0x04016804                __divdf3
 .text          0x04016a5c       0x88 c:/altera/11.0sp1/nios2eds/bin/gnu/h-i686-mingw32/bin/../lib/gcc/nios2-elf/4.1.2\libgcc.a(_eq_df.o)
                0x04016a5c                __eqdf2
 .text          0x04016ae4       0x88 c:/altera/11.0sp1/nios2eds/bin/gnu/h-i686-mingw32/bin/../lib/gcc/nios2-elf/4.1.2\libgcc.a(_ne_df.o)
                0x04016ae4                __nedf2
 .text          0x04016b6c       0x88 c:/altera/11.0sp1/nios2eds/bin/gnu/h-i686-mingw32/bin/../lib/gcc/nios2-elf/4.1.2\libgcc.a(_gt_df.o)
                0x04016b6c                __gtdf2
 .text          0x04016bf4       0x88 c:/altera/11.0sp1/nios2eds/bin/gnu/h-i686-mingw32/bin/../lib/gcc/nios2-elf/4.1.2\libgcc.a(_ge_df.o)
                0x04016bf4                __gedf2
 .text          0x04016c7c       0x88 c:/altera/11.0sp1/nios2eds/bin/gnu/h-i686-mingw32/bin/../lib/gcc/nios2-elf/4.1.2\libgcc.a(_lt_df.o)
                0x04016c7c                __ltdf2
 .text          0x04016d04       0xf8 c:/altera/11.0sp1/nios2eds/bin/gnu/h-i686-mingw32/bin/../lib/gcc/nios2-elf/4.1.2\libgcc.a(_si_to_df.o)
                0x04016d04                __floatsidf
 .text          0x04016dfc       0xd8 c:/altera/11.0sp1/nios2eds/bin/gnu/h-i686-mingw32/bin/../lib/gcc/nios2-elf/4.1.2\libgcc.a(_df_to_si.o)
                0x04016dfc                __fixdfsi
 .text          0x04016ed4        0x0 c:/altera/11.0sp1/nios2eds/bin/gnu/h-i686-mingw32/bin/../lib/gcc/nios2-elf/4.1.2\libgcc.a(_thenan_df.o)
 .text          0x04016ed4      0x194 c:/altera/11.0sp1/nios2eds/bin/gnu/h-i686-mingw32/bin/../lib/gcc/nios2-elf/4.1.2\libgcc.a(_usi_to_df.o)
                0x04016ed4                __floatunsidf
 .text          0x04017068      0x14c c:/altera/11.0sp1/nios2eds/bin/gnu/h-i686-mingw32/bin/../lib/gcc/nios2-elf/4.1.2\libgcc.a(lib2-divmod.o)
                0x040170e4                __divsi3
                0x04017144                __modsi3
                0x040171a4                __udivsi3
                0x040171ac                __umodsi3
 .text          0x040171b4       0x98 c:/altera/11.0sp1/nios2eds/bin/gnu/h-i686-mingw32/bin/../lib/gcc/nios2-elf/4.1.2\libgcc.a(_muldi3.o)
                0x040171b4                __muldi3
 .text          0x0401724c        0x0 c:/altera/11.0sp1/nios2eds/bin/gnu/h-i686-mingw32/bin/../lib/gcc/nios2-elf/4.1.2\libgcc.a(_clz.o)
 .text          0x0401724c       0x80 c:/altera/11.0sp1/nios2eds/bin/gnu/h-i686-mingw32/bin/../lib/gcc/nios2-elf/4.1.2\libgcc.a(_clzsi2.o)
                0x0401724c                __clzsi2
 .text          0x040172cc      0x314 c:/altera/11.0sp1/nios2eds/bin/gnu/h-i686-mingw32/bin/../lib/gcc/nios2-elf/4.1.2\libgcc.a(_pack_df.o)
                0x040172cc                __pack_d
 .text          0x040175e0      0x138 c:/altera/11.0sp1/nios2eds/bin/gnu/h-i686-mingw32/bin/../lib/gcc/nios2-elf/4.1.2\libgcc.a(_unpack_df.o)
                0x040175e0                __unpack_d
 .text          0x04017718       0xc8 c:/altera/11.0sp1/nios2eds/bin/gnu/h-i686-mingw32/bin/../lib/gcc/nios2-elf/4.1.2\libgcc.a(_fpcmp_parts_df.o)
                0x04017718                __fpcmp_parts_d
 .text          0x040177e0       0x6c ../lab3_bsp/\libucosii_bsp.a(alt_exit.o)
                0x04017820                _exit
 *(.gnu.warning.*)
 *(.fini)
                0x0401784c                PROVIDE (__etext, ABSOLUTE (.))
                0x0401784c                PROVIDE (_etext, ABSOLUTE (.))
                0x0401784c                PROVIDE (etext, ABSOLUTE (.))
 *(.eh_frame_hdr)
                0x0401784c                . = ALIGN (0x4)
                0x0401784c                PROVIDE (__preinit_array_start, ABSOLUTE (.))
 *(.preinit_array)
                0x0401784c                PROVIDE (__preinit_array_end, ABSOLUTE (.))
                0x0401784c                PROVIDE (__init_array_start, ABSOLUTE (.))
 *(.init_array)
                0x0401784c                PROVIDE (__init_array_end, ABSOLUTE (.))
                0x0401784c                PROVIDE (__fini_array_start, ABSOLUTE (.))
 *(.fini_array)
                0x0401784c                PROVIDE (__fini_array_end, ABSOLUTE (.))
 *(.eh_frame)
 .eh_frame      0x0401784c       0x40 c:/altera/11.0sp1/nios2eds/bin/gnu/h-i686-mingw32/bin/../lib/gcc/nios2-elf/4.1.2\libgcc.a(_udivdi3.o)
 .eh_frame      0x0401788c       0x2c c:/altera/11.0sp1/nios2eds/bin/gnu/h-i686-mingw32/bin/../lib/gcc/nios2-elf/4.1.2\libgcc.a(_umoddi3.o)
                                 0x40 (size before relaxing)
 *(.gcc_except_table)
 *(.dynamic)
                0x040178b8                PROVIDE (__CTOR_LIST__, ABSOLUTE (.))
 *(.ctors)
 *(SORT(.ctors.*))
 .ctors.65535   0x040178b8        0x4 c:/altera/11.0sp1/nios2eds/bin/gnu/h-i686-mingw32/bin/../lib/gcc/nios2-elf/4.1.2/../../../../nios2-elf/lib\libc.a(lib_a-__call_atexit.o)
                0x040178bc                PROVIDE (__CTOR_END__, ABSOLUTE (.))
                0x040178bc                PROVIDE (__DTOR_LIST__, ABSOLUTE (.))
 *(.dtors)
 *(SORT(.dtors.*))
                0x040178bc                PROVIDE (__DTOR_END__, ABSOLUTE (.))
 *(.jcr)
                0x040178bc                . = ALIGN (0x4)

.rodata         0x040178bc      0x508
                0x040178bc                PROVIDE (__ram_rodata_start, ABSOLUTE (.))
                0x040178bc                . = ALIGN (0x4)
 *(.rodata .rodata.* .gnu.linkonce.r.*)
 .rodata        0x040178bc       0x20 obj/hello_ucosii.o
 .rodata.str1.4
                0x040178dc        0x2 c:/altera/11.0sp1/nios2eds/bin/gnu/h-i686-mingw32/bin/../lib/gcc/nios2-elf/4.1.2/../../../../nios2-elf/lib\libc.a(lib_a-puts.o)
                                  0x4 (size before relaxing)
 *fill*         0x040178de        0x2 00
 .rodata.str1.4
                0x040178e0        0x2 c:/altera/11.0sp1/nios2eds/bin/gnu/h-i686-mingw32/bin/../lib/gcc/nios2-elf/4.1.2/../../../../nios2-elf/lib\libc.a(lib_a-impure.o)
                                  0x4 (size before relaxing)
 *fill*         0x040178e2        0x2 00
 .rodata        0x040178e4        0xc ../lab3_bsp/\libucosii_bsp.a(alt_dev.o)
 .rodata        0x040178f0       0x10 ../lab3_bsp/\libucosii_bsp.a(alt_main.o)
 .rodata        0x04017900      0x148 ../lab3_bsp/\libucosii_bsp.a(os_core.o)
                0x04017900                OSUnMapTbl
 .rodata        0x04017a48       0x54 ../lab3_bsp/\libucosii_bsp.a(os_mutex.o)
 .rodata        0x04017a9c       0x1c ../lab3_bsp/\libucosii_bsp.a(alt_sys_init.o)
 .rodata        0x04017ab8        0x4 ../lab3_bsp/\libucosii_bsp.a(os_cpu_c.o)
 .rodata.str1.4
                0x04017abc       0x5e c:/altera/11.0sp1/nios2eds/bin/gnu/h-i686-mingw32/bin/../lib/gcc/nios2-elf/4.1.2/../../../../nios2-elf/lib\libc.a(lib_a-vfprintf.o)
                                 0x60 (size before relaxing)
 .rodata        0x04017b1a       0x20 c:/altera/11.0sp1/nios2eds/bin/gnu/h-i686-mingw32/bin/../lib/gcc/nios2-elf/4.1.2/../../../../nios2-elf/lib\libc.a(lib_a-vfprintf.o)
 *fill*         0x04017b3a        0x2 00
 .rodata.str1.4
                0x04017b3c       0x10 c:/altera/11.0sp1/nios2eds/bin/gnu/h-i686-mingw32/bin/../lib/gcc/nios2-elf/4.1.2/../../../../nios2-elf/lib\libc.a(lib_a-dtoa.o)
                                 0x14 (size before relaxing)
 .rodata.str1.4
                0x04017b4c       0x10 c:/altera/11.0sp1/nios2eds/bin/gnu/h-i686-mingw32/bin/../lib/gcc/nios2-elf/4.1.2/../../../../nios2-elf/lib\libc.a(lib_a-locale.o)
                                 0x18 (size before relaxing)
 .rodata        0x04017b5c       0x30 c:/altera/11.0sp1/nios2eds/bin/gnu/h-i686-mingw32/bin/../lib/gcc/nios2-elf/4.1.2/../../../../nios2-elf/lib\libc.a(lib_a-locale.o)
 .rodata        0x04017b8c      0x124 c:/altera/11.0sp1/nios2eds/bin/gnu/h-i686-mingw32/bin/../lib/gcc/nios2-elf/4.1.2/../../../../nios2-elf/lib\libc.a(lib_a-mprec.o)
                0x04017b8c                __mprec_tens
                0x04017c54                __mprec_bigtens
                0x04017c7c                __mprec_tinytens
 .rodata        0x04017cb0       0x14 c:/altera/11.0sp1/nios2eds/bin/gnu/h-i686-mingw32/bin/../lib/gcc/nios2-elf/4.1.2\libgcc.a(_thenan_df.o)
                0x04017cb0                __thenan_df
 .rodata        0x04017cc4      0x100 c:/altera/11.0sp1/nios2eds/bin/gnu/h-i686-mingw32/bin/../lib/gcc/nios2-elf/4.1.2\libgcc.a(_clz.o)
                0x04017cc4                __clz_tab
 *(.rodata1)
                0x04017dc4                . = ALIGN (0x4)
                0x04017dc4                PROVIDE (__ram_rodata_end, ABSOLUTE (.))
                0x040178bc                PROVIDE (__flash_rodata_start, LOADADDR (.rodata))

.rwdata         0x04017dc4     0x1bd0
                0x04017dc4                PROVIDE (__ram_rwdata_start, ABSOLUTE (.))
                0x04017dc4                . = ALIGN (0x4)
 *(.got.plt)
 *(.got)
 *(.data1)
 *(.data .data.* .gnu.linkonce.d.*)
 .data          0x04017dc4        0x0 ../lab3_bsp//obj/HAL/src/crt0.o
 .data          0x04017dc4       0x20 obj/hello_ucosii.o
                0x04017dc4                limits
 .data          0x04017de4        0x0 c:/altera/11.0sp1/nios2eds/bin/gnu/h-i686-mingw32/bin/../lib/gcc/nios2-elf/4.1.2/../../../../nios2-elf/lib\libc.a(lib_a-puts.o)
 .data          0x04017de4        0x0 c:/altera/11.0sp1/nios2eds/bin/gnu/h-i686-mingw32/bin/../lib/gcc/nios2-elf/4.1.2/../../../../nios2-elf/lib\libc.a(lib_a-strlen.o)
 .data          0x04017de4        0x0 c:/altera/11.0sp1/nios2eds/bin/gnu/h-i686-mingw32/bin/../lib/gcc/nios2-elf/4.1.2/../../../../nios2-elf/lib\libc.a(lib_a-fvwrite.o)
 .data          0x04017de4      0x400 c:/altera/11.0sp1/nios2eds/bin/gnu/h-i686-mingw32/bin/../lib/gcc/nios2-elf/4.1.2/../../../../nios2-elf/lib\libc.a(lib_a-impure.o)
 .data          0x040181e4      0x408 c:/altera/11.0sp1/nios2eds/bin/gnu/h-i686-mingw32/bin/../lib/gcc/nios2-elf/4.1.2/../../../../nios2-elf/lib\libc.a(lib_a-mallocr.o)
                0x040181e4                __malloc_av_
 .data          0x040185ec        0x0 c:/altera/11.0sp1/nios2eds/bin/gnu/h-i686-mingw32/bin/../lib/gcc/nios2-elf/4.1.2/../../../../nios2-elf/lib\libc.a(lib_a-memchr.o)
 .data          0x040185ec        0x0 c:/altera/11.0sp1/nios2eds/bin/gnu/h-i686-mingw32/bin/../lib/gcc/nios2-elf/4.1.2/../../../../nios2-elf/lib\libc.a(lib_a-memcpy.o)
 .data          0x040185ec        0x0 c:/altera/11.0sp1/nios2eds/bin/gnu/h-i686-mingw32/bin/../lib/gcc/nios2-elf/4.1.2/../../../../nios2-elf/lib\libc.a(lib_a-memmove.o)
 .data          0x040185ec        0x0 c:/altera/11.0sp1/nios2eds/bin/gnu/h-i686-mingw32/bin/../lib/gcc/nios2-elf/4.1.2/../../../../nios2-elf/lib\libc.a(lib_a-reallocr.o)
 .data          0x040185ec        0x0 c:/altera/11.0sp1/nios2eds/bin/gnu/h-i686-mingw32/bin/../lib/gcc/nios2-elf/4.1.2/../../../../nios2-elf/lib\libc.a(lib_a-sbrkr.o)
 .data          0x040185ec        0x0 c:/altera/11.0sp1/nios2eds/bin/gnu/h-i686-mingw32/bin/../lib/gcc/nios2-elf/4.1.2/../../../../nios2-elf/lib\libc.a(lib_a-wsetup.o)
 .data          0x040185ec        0x0 c:/altera/11.0sp1/nios2eds/bin/gnu/h-i686-mingw32/bin/../lib/gcc/nios2-elf/4.1.2/../../../../nios2-elf/lib\libc.a(lib_a-fflush.o)
 .data          0x040185ec        0x0 c:/altera/11.0sp1/nios2eds/bin/gnu/h-i686-mingw32/bin/../lib/gcc/nios2-elf/4.1.2/../../../../nios2-elf/lib\libc.a(lib_a-findfp.o)
 .data          0x040185ec        0x0 c:/altera/11.0sp1/nios2eds/bin/gnu/h-i686-mingw32/bin/../lib/gcc/nios2-elf/4.1.2/../../../../nios2-elf/lib\libc.a(lib_a-freer.o)
 .data          0x040185ec        0x0 c:/altera/11.0sp1/nios2eds/bin/gnu/h-i686-mingw32/bin/../lib/gcc/nios2-elf/4.1.2/../../../../nios2-elf/lib\libc.a(lib_a-fwalk.o)
 .data          0x040185ec        0x0 c:/altera/11.0sp1/nios2eds/bin/gnu/h-i686-mingw32/bin/../lib/gcc/nios2-elf/4.1.2/../../../../nios2-elf/lib\libc.a(lib_a-int_errno.o)
 .data          0x040185ec        0x0 c:/altera/11.0sp1/nios2eds/bin/gnu/h-i686-mingw32/bin/../lib/gcc/nios2-elf/4.1.2/../../../../nios2-elf/lib\libc.a(lib_a-makebuf.o)
 .data          0x040185ec        0x0 c:/altera/11.0sp1/nios2eds/bin/gnu/h-i686-mingw32/bin/../lib/gcc/nios2-elf/4.1.2/../../../../nios2-elf/lib\libc.a(lib_a-memset.o)
 .data          0x040185ec        0x0 c:/altera/11.0sp1/nios2eds/bin/gnu/h-i686-mingw32/bin/../lib/gcc/nios2-elf/4.1.2/../../../../nios2-elf/lib\libc.a(lib_a-stdio.o)
 .data          0x040185ec        0x0 c:/altera/11.0sp1/nios2eds/bin/gnu/h-i686-mingw32/bin/../lib/gcc/nios2-elf/4.1.2/../../../../nios2-elf/lib\libc.a(lib_a-writer.o)
 .data          0x040185ec        0x0 c:/altera/11.0sp1/nios2eds/bin/gnu/h-i686-mingw32/bin/../lib/gcc/nios2-elf/4.1.2/../../../../nios2-elf/lib\libc.a(lib_a-closer.o)
 .data          0x040185ec        0x0 c:/altera/11.0sp1/nios2eds/bin/gnu/h-i686-mingw32/bin/../lib/gcc/nios2-elf/4.1.2/../../../../nios2-elf/lib\libc.a(lib_a-fclose.o)
 .data          0x040185ec        0x0 c:/altera/11.0sp1/nios2eds/bin/gnu/h-i686-mingw32/bin/../lib/gcc/nios2-elf/4.1.2/../../../../nios2-elf/lib\libc.a(lib_a-fstatr.o)
 .data          0x040185ec        0x0 c:/altera/11.0sp1/nios2eds/bin/gnu/h-i686-mingw32/bin/../lib/gcc/nios2-elf/4.1.2/../../../../nios2-elf/lib\libc.a(lib_a-isattyr.o)
 .data          0x040185ec        0x0 c:/altera/11.0sp1/nios2eds/bin/gnu/h-i686-mingw32/bin/../lib/gcc/nios2-elf/4.1.2/../../../../nios2-elf/lib\libc.a(lib_a-lseekr.o)
 .data          0x040185ec        0x0 c:/altera/11.0sp1/nios2eds/bin/gnu/h-i686-mingw32/bin/../lib/gcc/nios2-elf/4.1.2/../../../../nios2-elf/lib\libc.a(lib_a-readr.o)
 .data          0x040185ec        0x0 ../lab3_bsp/\libucosii_bsp.a(alt_close.o)
 .data          0x040185ec      0x1a8 ../lab3_bsp/\libucosii_bsp.a(alt_dev.o)
                0x040185ec                alt_dev_null
                0x04018614                alt_fd_list
 .data          0x04018794        0x0 ../lab3_bsp/\libucosii_bsp.a(alt_errno.o)
 .data          0x04018794        0x0 ../lab3_bsp/\libucosii_bsp.a(alt_fstat.o)
 .data          0x04018794        0x0 ../lab3_bsp/\libucosii_bsp.a(alt_isatty.o)
 .data          0x04018794        0x0 ../lab3_bsp/\libucosii_bsp.a(alt_lseek.o)
 .data          0x04018794        0x0 ../lab3_bsp/\libucosii_bsp.a(alt_main.o)
 .data          0x04018794        0x0 ../lab3_bsp/\libucosii_bsp.a(alt_read.o)
 .data          0x04018794        0x0 ../lab3_bsp/\libucosii_bsp.a(alt_release_fd.o)
 .data          0x04018794        0x0 ../lab3_bsp/\libucosii_bsp.a(alt_sbrk.o)
 .data          0x04018794        0x0 ../lab3_bsp/\libucosii_bsp.a(alt_write.o)
 .data          0x04018794        0x0 ../lab3_bsp/\libucosii_bsp.a(alt_env_lock.o)
 .data          0x04018794        0x0 ../lab3_bsp/\libucosii_bsp.a(alt_malloc_lock.o)
 .data          0x04018794        0x0 ../lab3_bsp/\libucosii_bsp.a(os_core.o)
 .data          0x04018794        0x0 ../lab3_bsp/\libucosii_bsp.a(os_dbg.o)
 .data          0x04018794        0x0 ../lab3_bsp/\libucosii_bsp.a(os_flag.o)
 .data          0x04018794        0x0 ../lab3_bsp/\libucosii_bsp.a(os_mem.o)
 .data          0x04018794        0x0 ../lab3_bsp/\libucosii_bsp.a(os_mutex.o)
 .data          0x04018794        0x0 ../lab3_bsp/\libucosii_bsp.a(os_q.o)
 .data          0x04018794        0x0 ../lab3_bsp/\libucosii_bsp.a(os_sem.o)
 .data          0x04018794        0x0 ../lab3_bsp/\libucosii_bsp.a(os_task.o)
 .data          0x04018794        0x0 ../lab3_bsp/\libucosii_bsp.a(os_time.o)
 .data          0x04018794     0x1130 ../lab3_bsp/\libucosii_bsp.a(alt_sys_init.o)
 .data          0x040198c4        0x0 ../lab3_bsp/\libucosii_bsp.a(altera_avalon_epcs_flash_controller.o)
 .data          0x040198c4        0x0 ../lab3_bsp/\libucosii_bsp.a(altera_avalon_jtag_uart_fd.o)
 .data          0x040198c4        0x0 ../lab3_bsp/\libucosii_bsp.a(altera_avalon_jtag_uart_init.o)
 .data          0x040198c4        0x0 ../lab3_bsp/\libucosii_bsp.a(altera_avalon_jtag_uart_ioctl.o)
 .data          0x040198c4        0x0 ../lab3_bsp/\libucosii_bsp.a(altera_avalon_jtag_uart_read.o)
 .data          0x040198c4        0x0 ../lab3_bsp/\libucosii_bsp.a(altera_avalon_jtag_uart_write.o)
 .data          0x040198c4        0x0 ../lab3_bsp/\libucosii_bsp.a(altera_avalon_timer_sc.o)
 .data          0x040198c4        0x0 ../lab3_bsp/\libucosii_bsp.a(epcs_commands.o)
 .data          0x040198c4        0x0 ../lab3_bsp/\libucosii_bsp.a(alt_alarm_start.o)
 .data          0x040198c4        0x0 ../lab3_bsp/\libucosii_bsp.a(alt_dev_llist_insert.o)
 .data          0x040198c4        0x0 ../lab3_bsp/\libucosii_bsp.a(alt_do_ctors.o)
 .data          0x040198c4        0x0 ../lab3_bsp/\libucosii_bsp.a(alt_do_dtors.o)
 .data          0x040198c4        0x0 ../lab3_bsp/\libucosii_bsp.a(alt_flash_dev.o)
 .data          0x040198c4        0x0 ../lab3_bsp/\libucosii_bsp.a(alt_iic.o)
 .data          0x040198c4        0x0 ../lab3_bsp/\libucosii_bsp.a(alt_iic_isr_register.o)
 .data          0x040198c4        0x0 ../lab3_bsp/\libucosii_bsp.a(alt_io_redirect.o)
 .data          0x040198c4        0x0 ../lab3_bsp/\libucosii_bsp.a(alt_irq_entry.o)
 .data          0x040198c4        0x0 ../lab3_bsp/\libucosii_bsp.a(alt_irq_handler.o)
 .data          0x040198c4        0x0 ../lab3_bsp/\libucosii_bsp.a(alt_irq_vars.o)
 .data          0x040198c4        0x0 ../lab3_bsp/\libucosii_bsp.a(alt_open.o)
 .data          0x040198c4        0x0 ../lab3_bsp/\libucosii_bsp.a(alt_tick.o)
 .data          0x040198c4        0x0 ../lab3_bsp/\libucosii_bsp.a(altera_nios2_irq.o)
 .data          0x040198c4        0x0 ../lab3_bsp/\libucosii_bsp.a(os_cpu_a.o)
 .data          0x040198c4        0x0 ../lab3_bsp/\libucosii_bsp.a(os_cpu_c.o)
 .data          0x040198c4        0x0 ../lab3_bsp/\libucosii_bsp.a(altera_avalon_spi.o)
 .data          0x040198c4        0x0 ../lab3_bsp/\libucosii_bsp.a(alt_exception_entry.o)
 .data          0x040198c4        0x0 ../lab3_bsp/\libucosii_bsp.a(alt_find_dev.o)
 .data          0x040198c4        0x0 ../lab3_bsp/\libucosii_bsp.a(alt_find_file.o)
 .data          0x040198c4        0x0 ../lab3_bsp/\libucosii_bsp.a(alt_get_fd.o)
 .data          0x040198c4        0x0 c:/altera/11.0sp1/nios2eds/bin/gnu/h-i686-mingw32/bin/../lib/gcc/nios2-elf/4.1.2/../../../../nios2-elf/lib\libc.a(lib_a-atexit.o)
 .data          0x040198c4        0x0 c:/altera/11.0sp1/nios2eds/bin/gnu/h-i686-mingw32/bin/../lib/gcc/nios2-elf/4.1.2/../../../../nios2-elf/lib\libc.a(lib_a-exit.o)
 .data          0x040198c4        0x0 c:/altera/11.0sp1/nios2eds/bin/gnu/h-i686-mingw32/bin/../lib/gcc/nios2-elf/4.1.2/../../../../nios2-elf/lib\libc.a(lib_a-memcmp.o)
 .data          0x040198c4        0x0 c:/altera/11.0sp1/nios2eds/bin/gnu/h-i686-mingw32/bin/../lib/gcc/nios2-elf/4.1.2/../../../../nios2-elf/lib\libc.a(lib_a-printf.o)
 .data          0x040198c4        0x0 c:/altera/11.0sp1/nios2eds/bin/gnu/h-i686-mingw32/bin/../lib/gcc/nios2-elf/4.1.2/../../../../nios2-elf/lib\libc.a(lib_a-vfprintf.o)
 .data          0x040198c4        0x0 c:/altera/11.0sp1/nios2eds/bin/gnu/h-i686-mingw32/bin/../lib/gcc/nios2-elf/4.1.2/../../../../nios2-elf/lib\libc.a(lib_a-__atexit.o)
 .data          0x040198c4        0x0 c:/altera/11.0sp1/nios2eds/bin/gnu/h-i686-mingw32/bin/../lib/gcc/nios2-elf/4.1.2/../../../../nios2-elf/lib\libc.a(lib_a-__call_atexit.o)
 .data          0x040198c4        0x0 c:/altera/11.0sp1/nios2eds/bin/gnu/h-i686-mingw32/bin/../lib/gcc/nios2-elf/4.1.2/../../../../nios2-elf/lib\libc.a(lib_a-dtoa.o)
 .data          0x040198c4        0xc c:/altera/11.0sp1/nios2eds/bin/gnu/h-i686-mingw32/bin/../lib/gcc/nios2-elf/4.1.2/../../../../nios2-elf/lib\libc.a(lib_a-locale.o)
                0x040198c4                __lc_ctype
 .data          0x040198d0        0x0 c:/altera/11.0sp1/nios2eds/bin/gnu/h-i686-mingw32/bin/../lib/gcc/nios2-elf/4.1.2/../../../../nios2-elf/lib\libc.a(lib_a-mprec.o)
 .data          0x040198d0        0x0 c:/altera/11.0sp1/nios2eds/bin/gnu/h-i686-mingw32/bin/../lib/gcc/nios2-elf/4.1.2/../../../../nios2-elf/lib\libc.a(lib_a-s_isinfd.o)
 .data          0x040198d0        0x0 c:/altera/11.0sp1/nios2eds/bin/gnu/h-i686-mingw32/bin/../lib/gcc/nios2-elf/4.1.2/../../../../nios2-elf/lib\libc.a(lib_a-s_isnand.o)
 .data          0x040198d0        0x0 c:/altera/11.0sp1/nios2eds/bin/gnu/h-i686-mingw32/bin/../lib/gcc/nios2-elf/4.1.2/../../../../nios2-elf/lib\libc.a(lib_a-strcmp.o)
 .data          0x040198d0        0x0 c:/altera/11.0sp1/nios2eds/bin/gnu/h-i686-mingw32/bin/../lib/gcc/nios2-elf/4.1.2/../../../../nios2-elf/lib\libc.a(lib_a-callocr.o)
 .data          0x040198d0        0x0 c:/altera/11.0sp1/nios2eds/bin/gnu/h-i686-mingw32/bin/../lib/gcc/nios2-elf/4.1.2\libgcc.a(_udivdi3.o)
 .data          0x040198d0        0x0 c:/altera/11.0sp1/nios2eds/bin/gnu/h-i686-mingw32/bin/../lib/gcc/nios2-elf/4.1.2\libgcc.a(_umoddi3.o)
 .data          0x040198d0        0x0 c:/altera/11.0sp1/nios2eds/bin/gnu/h-i686-mingw32/bin/../lib/gcc/nios2-elf/4.1.2\libgcc.a(_addsub_df.o)
 .data          0x040198d0        0x0 c:/altera/11.0sp1/nios2eds/bin/gnu/h-i686-mingw32/bin/../lib/gcc/nios2-elf/4.1.2\libgcc.a(_mul_df.o)
 .data          0x040198d0        0x0 c:/altera/11.0sp1/nios2eds/bin/gnu/h-i686-mingw32/bin/../lib/gcc/nios2-elf/4.1.2\libgcc.a(_div_df.o)
 .data          0x040198d0        0x0 c:/altera/11.0sp1/nios2eds/bin/gnu/h-i686-mingw32/bin/../lib/gcc/nios2-elf/4.1.2\libgcc.a(_eq_df.o)
 .data          0x040198d0        0x0 c:/altera/11.0sp1/nios2eds/bin/gnu/h-i686-mingw32/bin/../lib/gcc/nios2-elf/4.1.2\libgcc.a(_ne_df.o)
 .data          0x040198d0        0x0 c:/altera/11.0sp1/nios2eds/bin/gnu/h-i686-mingw32/bin/../lib/gcc/nios2-elf/4.1.2\libgcc.a(_gt_df.o)
 .data          0x040198d0        0x0 c:/altera/11.0sp1/nios2eds/bin/gnu/h-i686-mingw32/bin/../lib/gcc/nios2-elf/4.1.2\libgcc.a(_ge_df.o)
 .data          0x040198d0        0x0 c:/altera/11.0sp1/nios2eds/bin/gnu/h-i686-mingw32/bin/../lib/gcc/nios2-elf/4.1.2\libgcc.a(_lt_df.o)
 .data          0x040198d0        0x0 c:/altera/11.0sp1/nios2eds/bin/gnu/h-i686-mingw32/bin/../lib/gcc/nios2-elf/4.1.2\libgcc.a(_si_to_df.o)
 .data          0x040198d0        0x0 c:/altera/11.0sp1/nios2eds/bin/gnu/h-i686-mingw32/bin/../lib/gcc/nios2-elf/4.1.2\libgcc.a(_df_to_si.o)
 .data          0x040198d0        0x0 c:/altera/11.0sp1/nios2eds/bin/gnu/h-i686-mingw32/bin/../lib/gcc/nios2-elf/4.1.2\libgcc.a(_thenan_df.o)
 .data          0x040198d0        0x0 c:/altera/11.0sp1/nios2eds/bin/gnu/h-i686-mingw32/bin/../lib/gcc/nios2-elf/4.1.2\libgcc.a(_usi_to_df.o)
 .data          0x040198d0        0x0 c:/altera/11.0sp1/nios2eds/bin/gnu/h-i686-mingw32/bin/../lib/gcc/nios2-elf/4.1.2\libgcc.a(lib2-divmod.o)
 .data          0x040198d0        0x0 c:/altera/11.0sp1/nios2eds/bin/gnu/h-i686-mingw32/bin/../lib/gcc/nios2-elf/4.1.2\libgcc.a(_muldi3.o)
 .data          0x040198d0        0x0 c:/altera/11.0sp1/nios2eds/bin/gnu/h-i686-mingw32/bin/../lib/gcc/nios2-elf/4.1.2\libgcc.a(_clz.o)
 .data          0x040198d0        0x0 c:/altera/11.0sp1/nios2eds/bin/gnu/h-i686-mingw32/bin/../lib/gcc/nios2-elf/4.1.2\libgcc.a(_clzsi2.o)
 .data          0x040198d0        0x0 c:/altera/11.0sp1/nios2eds/bin/gnu/h-i686-mingw32/bin/../lib/gcc/nios2-elf/4.1.2\libgcc.a(_pack_df.o)
 .data          0x040198d0        0x0 c:/altera/11.0sp1/nios2eds/bin/gnu/h-i686-mingw32/bin/../lib/gcc/nios2-elf/4.1.2\libgcc.a(_unpack_df.o)
 .data          0x040198d0        0x0 c:/altera/11.0sp1/nios2eds/bin/gnu/h-i686-mingw32/bin/../lib/gcc/nios2-elf/4.1.2\libgcc.a(_fpcmp_parts_df.o)
 .data          0x040198d0        0x0 ../lab3_bsp/\libucosii_bsp.a(alt_exit.o)
                0x040218d0                _gp = ABSOLUTE ((. + 0x8000))
                0x040218d0                PROVIDE (gp, _gp)
 *(.rwdata .rwdata.*)
 *(.sdata .sdata.* .gnu.linkonce.s.*)
 .sdata         0x040198d0        0x8 c:/altera/11.0sp1/nios2eds/bin/gnu/h-i686-mingw32/bin/../lib/gcc/nios2-elf/4.1.2/../../../../nios2-elf/lib\libc.a(lib_a-impure.o)
                0x040198d0                _impure_ptr
                0x040198d4                _global_impure_ptr
 .sdata         0x040198d8        0x8 c:/altera/11.0sp1/nios2eds/bin/gnu/h-i686-mingw32/bin/../lib/gcc/nios2-elf/4.1.2/../../../../nios2-elf/lib\libc.a(lib_a-mallocr.o)
                0x040198d8                __malloc_trim_threshold
                0x040198dc                __malloc_sbrk_base
 .sdata         0x040198e0       0x14 ../lab3_bsp/\libucosii_bsp.a(alt_dev.o)
                0x040198e0                alt_fs_list
                0x040198e8                alt_dev_list
                0x040198f0                alt_max_fd
 .sdata         0x040198f4        0x4 ../lab3_bsp/\libucosii_bsp.a(alt_errno.o)
                0x040198f4                alt_errno
 .sdata         0x040198f8        0x4 ../lab3_bsp/\libucosii_bsp.a(alt_sbrk.o)
 .sdata         0x040198fc        0x4 ../lab3_bsp/\libucosii_bsp.a(alt_env_lock.o)
 .sdata         0x04019900        0x4 ../lab3_bsp/\libucosii_bsp.a(alt_malloc_lock.o)
 .sdata         0x04019904       0x74 ../lab3_bsp/\libucosii_bsp.a(os_dbg.o)
                0x04019904                OSDebugEn
                0x04019908                OSEndiannessTest
                0x0401990c                OSEventEn
                0x0401990e                OSEventMax
                0x04019910                OSEventNameSize
                0x04019912                OSEventSize
                0x04019914                OSEventTblSize
                0x04019916                OSEventMultiEn
                0x04019918                OSFlagEn
                0x0401991a                OSFlagGrpSize
                0x0401991c                OSFlagNodeSize
                0x0401991e                OSFlagWidth
                0x04019920                OSFlagMax
                0x04019922                OSFlagNameSize
                0x04019924                OSLowestPrio
                0x04019926                OSMboxEn
                0x04019928                OSMemEn
                0x0401992a                OSMemMax
                0x0401992c                OSMemNameSize
                0x0401992e                OSMemSize
                0x04019930                OSMemTblSize
                0x04019932                OSMutexEn
                0x04019934                OSPtrSize
                0x04019936                OSQEn
                0x04019938                OSQMax
                0x0401993a                OSQSize
                0x0401993c                OSRdyTblSize
                0x0401993e                OSSemEn
                0x04019940                OSStkWidth
                0x04019942                OSTaskCreateEn
                0x04019944                OSTaskCreateExtEn
                0x04019946                OSTaskDelEn
                0x04019948                OSTaskIdleStkSize
                0x0401994a                OSTaskProfileEn
                0x0401994c                OSTaskMax
                0x0401994e                OSTaskNameSize
                0x04019950                OSTaskStatEn
                0x04019952                OSTaskStatStkSize
                0x04019954                OSTaskStatStkChkEn
                0x04019956                OSTaskSwHookEn
                0x04019958                OSTCBPrioTblMax
                0x0401995a                OSTCBSize
                0x0401995c                OSTicksPerSec
                0x0401995e                OSTimeTickHookEn
                0x04019960                OSVersionNbr
                0x04019962                OSTmrEn
                0x04019964                OSTmrCfgMax
                0x04019966                OSTmrCfgNameSize
                0x04019968                OSTmrCfgWheelSize
                0x0401996a                OSTmrCfgTicksPerSec
                0x0401996c                OSTmrSize
                0x0401996e                OSTmrTblSize
                0x04019970                OSTmrWheelSize
                0x04019972                OSTmrWheelTblSize
                0x04019974                OSDataSize
 .sdata         0x04019978        0x8 ../lab3_bsp/\libucosii_bsp.a(alt_flash_dev.o)
                0x04019978                alt_flash_dev_list
 .sdata         0x04019980        0x4 ../lab3_bsp/\libucosii_bsp.a(alt_irq_vars.o)
                0x04019980                alt_priority_mask
 .sdata         0x04019984        0x8 ../lab3_bsp/\libucosii_bsp.a(alt_tick.o)
                0x04019984                alt_alarm_list
 .sdata         0x0401998c        0x8 c:/altera/11.0sp1/nios2eds/bin/gnu/h-i686-mingw32/bin/../lib/gcc/nios2-elf/4.1.2/../../../../nios2-elf/lib\libc.a(lib_a-locale.o)
                0x0401998c                __mb_cur_max
 *(.sdata2 .sdata2.* .gnu.linkonce.s2.*)
                0x04019994                . = ALIGN (0x4)
                0x04019994                _edata = ABSOLUTE (.)
                0x04019994                PROVIDE (edata, ABSOLUTE (.))
                0x04019994                PROVIDE (__ram_rwdata_end, ABSOLUTE (.))
                0x04017dc4                PROVIDE (__flash_rwdata_start, LOADADDR (.rwdata))

.bss            0x04019994     0x95ac
                0x04019994                __bss_start = ABSOLUTE (.)
                0x04019994                PROVIDE (__sbss_start, ABSOLUTE (.))
                0x04019994                PROVIDE (___sbss_start, ABSOLUTE (.))
 *(.dynsbss)
 *(.sbss .sbss.* .gnu.linkonce.sb.*)
 .sbss          0x04019994        0x8 obj/hello_ucosii.o
                0x04019994                resource2
                0x04019998                resource1
 .sbss          0x0401999c        0xc c:/altera/11.0sp1/nios2eds/bin/gnu/h-i686-mingw32/bin/../lib/gcc/nios2-elf/4.1.2/../../../../nios2-elf/lib\libc.a(lib_a-mallocr.o)
                0x0401999c                __malloc_top_pad
                0x040199a0                __malloc_max_sbrked_mem
                0x040199a4                __malloc_max_total_mem
 .sbss          0x040199a8        0x4 c:/altera/11.0sp1/nios2eds/bin/gnu/h-i686-mingw32/bin/../lib/gcc/nios2-elf/4.1.2/../../../../nios2-elf/lib\libc.a(lib_a-int_errno.o)
                0x040199a8                errno
 .sbss          0x040199ac        0x4 ../lab3_bsp/\libucosii_bsp.a(alt_dev.o)
                0x040199ac                alt_fd_list_lock
 .sbss          0x040199b0        0xc ../lab3_bsp/\libucosii_bsp.a(alt_main.o)
                0x040199b0                alt_argc
                0x040199b4                alt_argv
                0x040199b8                alt_envp
 .sbss          0x040199bc        0x8 ../lab3_bsp/\libucosii_bsp.a(alt_env_lock.o)
                0x040199c0                alt_envsem
 .sbss          0x040199c4        0x8 ../lab3_bsp/\libucosii_bsp.a(alt_malloc_lock.o)
                0x040199c8                alt_heapsem
 .sbss          0x040199cc       0x50 ../lab3_bsp/\libucosii_bsp.a(os_core.o)
                0x040199cc                OSLockNesting
                0x040199cd                OSRunning
                0x040199d0                OSIdleCtr
                0x040199d4                OSPrioHighRdy
                0x040199d5                OSPrioCur
                0x040199d8                OSTCBList
                0x040199dc                OSTickStepState
                0x040199e0                OSCtxSwCtr
                0x040199e4                OSIdleCtrMax
                0x040199e8                OSTCBFreeList
                0x040199ec                OSCPUUsage
                0x040199ed                OSTaskCtr
                0x040199f0                OSMemFreeList
                0x040199f4                OSTCBHighRdy
                0x040199f8                OSQFreeList
                0x040199fc                OSRdyGrp
                0x040199fd                OSRdyTbl
                0x04019a00                OSEventFreeList
                0x04019a04                OSIntNesting
                0x04019a08                OSTCBCur
                0x04019a0c                OSTime
                0x04019a10                OSFlagFreeList
                0x04019a14                OSStatRdy
                0x04019a18                OSIdleCtrRun
 .sbss          0x04019a1c        0x4 ../lab3_bsp/\libucosii_bsp.a(alt_irq_vars.o)
                0x04019a1c                alt_irq_active
 .sbss          0x04019a20        0x8 ../lab3_bsp/\libucosii_bsp.a(alt_tick.o)
                0x04019a20                _alt_tick_rate
                0x04019a24                _alt_nticks
 .sbss          0x04019a28        0xc c:/altera/11.0sp1/nios2eds/bin/gnu/h-i686-mingw32/bin/../lib/gcc/nios2-elf/4.1.2/../../../../nios2-elf/lib\libc.a(lib_a-locale.o)
                0x04019a28                __nlocale_changed
                0x04019a2c                __mlocale_changed
                0x04019a30                _PathLocale
 *(.sbss2 .sbss2.* .gnu.linkonce.sb2.*)
 *(.scommon)
                0x04019a34                PROVIDE (__sbss_end, ABSOLUTE (.))
                0x04019a34                PROVIDE (___sbss_end, ABSOLUTE (.))
 *(.dynbss)
 *(.bss .bss.* .gnu.linkonce.b.*)
 .bss           0x04019a34        0x0 ../lab3_bsp//obj/HAL/src/crt0.o
 .bss           0x04019a34        0x0 obj/hello_ucosii.o
 .bss           0x04019a34        0x0 c:/altera/11.0sp1/nios2eds/bin/gnu/h-i686-mingw32/bin/../lib/gcc/nios2-elf/4.1.2/../../../../nios2-elf/lib\libc.a(lib_a-puts.o)
 .bss           0x04019a34        0x0 c:/altera/11.0sp1/nios2eds/bin/gnu/h-i686-mingw32/bin/../lib/gcc/nios2-elf/4.1.2/../../../../nios2-elf/lib\libc.a(lib_a-strlen.o)
 .bss           0x04019a34        0x0 c:/altera/11.0sp1/nios2eds/bin/gnu/h-i686-mingw32/bin/../lib/gcc/nios2-elf/4.1.2/../../../../nios2-elf/lib\libc.a(lib_a-fvwrite.o)
 .bss           0x04019a34        0x0 c:/altera/11.0sp1/nios2eds/bin/gnu/h-i686-mingw32/bin/../lib/gcc/nios2-elf/4.1.2/../../../../nios2-elf/lib\libc.a(lib_a-impure.o)
 .bss           0x04019a34       0x28 c:/altera/11.0sp1/nios2eds/bin/gnu/h-i686-mingw32/bin/../lib/gcc/nios2-elf/4.1.2/../../../../nios2-elf/lib\libc.a(lib_a-mallocr.o)
                0x04019a34                __malloc_current_mallinfo
 .bss           0x04019a5c        0x0 c:/altera/11.0sp1/nios2eds/bin/gnu/h-i686-mingw32/bin/../lib/gcc/nios2-elf/4.1.2/../../../../nios2-elf/lib\libc.a(lib_a-memchr.o)
 .bss           0x04019a5c        0x0 c:/altera/11.0sp1/nios2eds/bin/gnu/h-i686-mingw32/bin/../lib/gcc/nios2-elf/4.1.2/../../../../nios2-elf/lib\libc.a(lib_a-memcpy.o)
 .bss           0x04019a5c        0x0 c:/altera/11.0sp1/nios2eds/bin/gnu/h-i686-mingw32/bin/../lib/gcc/nios2-elf/4.1.2/../../../../nios2-elf/lib\libc.a(lib_a-memmove.o)
 .bss           0x04019a5c        0x0 c:/altera/11.0sp1/nios2eds/bin/gnu/h-i686-mingw32/bin/../lib/gcc/nios2-elf/4.1.2/../../../../nios2-elf/lib\libc.a(lib_a-reallocr.o)
 .bss           0x04019a5c        0x0 c:/altera/11.0sp1/nios2eds/bin/gnu/h-i686-mingw32/bin/../lib/gcc/nios2-elf/4.1.2/../../../../nios2-elf/lib\libc.a(lib_a-sbrkr.o)
 .bss           0x04019a5c        0x0 c:/altera/11.0sp1/nios2eds/bin/gnu/h-i686-mingw32/bin/../lib/gcc/nios2-elf/4.1.2/../../../../nios2-elf/lib\libc.a(lib_a-wsetup.o)
 .bss           0x04019a5c        0x0 c:/altera/11.0sp1/nios2eds/bin/gnu/h-i686-mingw32/bin/../lib/gcc/nios2-elf/4.1.2/../../../../nios2-elf/lib\libc.a(lib_a-fflush.o)
 .bss           0x04019a5c        0x0 c:/altera/11.0sp1/nios2eds/bin/gnu/h-i686-mingw32/bin/../lib/gcc/nios2-elf/4.1.2/../../../../nios2-elf/lib\libc.a(lib_a-findfp.o)
 .bss           0x04019a5c        0x0 c:/altera/11.0sp1/nios2eds/bin/gnu/h-i686-mingw32/bin/../lib/gcc/nios2-elf/4.1.2/../../../../nios2-elf/lib\libc.a(lib_a-freer.o)
 .bss           0x04019a5c        0x0 c:/altera/11.0sp1/nios2eds/bin/gnu/h-i686-mingw32/bin/../lib/gcc/nios2-elf/4.1.2/../../../../nios2-elf/lib\libc.a(lib_a-fwalk.o)
 .bss           0x04019a5c        0x0 c:/altera/11.0sp1/nios2eds/bin/gnu/h-i686-mingw32/bin/../lib/gcc/nios2-elf/4.1.2/../../../../nios2-elf/lib\libc.a(lib_a-int_errno.o)
 .bss           0x04019a5c        0x0 c:/altera/11.0sp1/nios2eds/bin/gnu/h-i686-mingw32/bin/../lib/gcc/nios2-elf/4.1.2/../../../../nios2-elf/lib\libc.a(lib_a-makebuf.o)
 .bss           0x04019a5c        0x0 c:/altera/11.0sp1/nios2eds/bin/gnu/h-i686-mingw32/bin/../lib/gcc/nios2-elf/4.1.2/../../../../nios2-elf/lib\libc.a(lib_a-memset.o)
 .bss           0x04019a5c        0x0 c:/altera/11.0sp1/nios2eds/bin/gnu/h-i686-mingw32/bin/../lib/gcc/nios2-elf/4.1.2/../../../../nios2-elf/lib\libc.a(lib_a-stdio.o)
 .bss           0x04019a5c        0x0 c:/altera/11.0sp1/nios2eds/bin/gnu/h-i686-mingw32/bin/../lib/gcc/nios2-elf/4.1.2/../../../../nios2-elf/lib\libc.a(lib_a-writer.o)
 .bss           0x04019a5c        0x0 c:/altera/11.0sp1/nios2eds/bin/gnu/h-i686-mingw32/bin/../lib/gcc/nios2-elf/4.1.2/../../../../nios2-elf/lib\libc.a(lib_a-closer.o)
 .bss           0x04019a5c        0x0 c:/altera/11.0sp1/nios2eds/bin/gnu/h-i686-mingw32/bin/../lib/gcc/nios2-elf/4.1.2/../../../../nios2-elf/lib\libc.a(lib_a-fclose.o)
 .bss           0x04019a5c        0x0 c:/altera/11.0sp1/nios2eds/bin/gnu/h-i686-mingw32/bin/../lib/gcc/nios2-elf/4.1.2/../../../../nios2-elf/lib\libc.a(lib_a-fstatr.o)
 .bss           0x04019a5c        0x0 c:/altera/11.0sp1/nios2eds/bin/gnu/h-i686-mingw32/bin/../lib/gcc/nios2-elf/4.1.2/../../../../nios2-elf/lib\libc.a(lib_a-isattyr.o)
 .bss           0x04019a5c        0x0 c:/altera/11.0sp1/nios2eds/bin/gnu/h-i686-mingw32/bin/../lib/gcc/nios2-elf/4.1.2/../../../../nios2-elf/lib\libc.a(lib_a-lseekr.o)
 .bss           0x04019a5c        0x0 c:/altera/11.0sp1/nios2eds/bin/gnu/h-i686-mingw32/bin/../lib/gcc/nios2-elf/4.1.2/../../../../nios2-elf/lib\libc.a(lib_a-readr.o)
 .bss           0x04019a5c        0x0 ../lab3_bsp/\libucosii_bsp.a(alt_close.o)
 .bss           0x04019a5c        0x0 ../lab3_bsp/\libucosii_bsp.a(alt_dev.o)
 .bss           0x04019a5c        0x0 ../lab3_bsp/\libucosii_bsp.a(alt_errno.o)
 .bss           0x04019a5c        0x0 ../lab3_bsp/\libucosii_bsp.a(alt_fstat.o)
 .bss           0x04019a5c        0x0 ../lab3_bsp/\libucosii_bsp.a(alt_isatty.o)
 .bss           0x04019a5c        0x0 ../lab3_bsp/\libucosii_bsp.a(alt_lseek.o)
 .bss           0x04019a5c        0x0 ../lab3_bsp/\libucosii_bsp.a(alt_main.o)
 .bss           0x04019a5c        0x0 ../lab3_bsp/\libucosii_bsp.a(alt_read.o)
 .bss           0x04019a5c        0x0 ../lab3_bsp/\libucosii_bsp.a(alt_release_fd.o)
 .bss           0x04019a5c        0x0 ../lab3_bsp/\libucosii_bsp.a(alt_sbrk.o)
 .bss           0x04019a5c        0x0 ../lab3_bsp/\libucosii_bsp.a(alt_write.o)
 .bss           0x04019a5c        0x0 ../lab3_bsp/\libucosii_bsp.a(alt_env_lock.o)
 .bss           0x04019a5c        0x0 ../lab3_bsp/\libucosii_bsp.a(alt_malloc_lock.o)
 .bss           0x04019a5c        0x0 ../lab3_bsp/\libucosii_bsp.a(os_core.o)
 .bss           0x04019a5c        0x0 ../lab3_bsp/\libucosii_bsp.a(os_dbg.o)
 .bss           0x04019a5c        0x0 ../lab3_bsp/\libucosii_bsp.a(os_flag.o)
 .bss           0x04019a5c        0x0 ../lab3_bsp/\libucosii_bsp.a(os_mem.o)
 .bss           0x04019a5c        0x0 ../lab3_bsp/\libucosii_bsp.a(os_mutex.o)
 .bss           0x04019a5c        0x0 ../lab3_bsp/\libucosii_bsp.a(os_q.o)
 .bss           0x04019a5c        0x0 ../lab3_bsp/\libucosii_bsp.a(os_sem.o)
 .bss           0x04019a5c        0x0 ../lab3_bsp/\libucosii_bsp.a(os_task.o)
 .bss           0x04019a5c        0x0 ../lab3_bsp/\libucosii_bsp.a(os_time.o)
 .bss           0x04019a5c        0x0 ../lab3_bsp/\libucosii_bsp.a(alt_sys_init.o)
 .bss           0x04019a5c        0x0 ../lab3_bsp/\libucosii_bsp.a(altera_avalon_epcs_flash_controller.o)
 .bss           0x04019a5c        0x0 ../lab3_bsp/\libucosii_bsp.a(altera_avalon_jtag_uart_fd.o)
 .bss           0x04019a5c        0x0 ../lab3_bsp/\libucosii_bsp.a(altera_avalon_jtag_uart_init.o)
 .bss           0x04019a5c        0x0 ../lab3_bsp/\libucosii_bsp.a(altera_avalon_jtag_uart_ioctl.o)
 .bss           0x04019a5c        0x0 ../lab3_bsp/\libucosii_bsp.a(altera_avalon_jtag_uart_read.o)
 .bss           0x04019a5c        0x0 ../lab3_bsp/\libucosii_bsp.a(altera_avalon_jtag_uart_write.o)
 .bss           0x04019a5c        0x0 ../lab3_bsp/\libucosii_bsp.a(altera_avalon_timer_sc.o)
 .bss           0x04019a5c        0x0 ../lab3_bsp/\libucosii_bsp.a(epcs_commands.o)
 .bss           0x04019a5c        0x0 ../lab3_bsp/\libucosii_bsp.a(alt_alarm_start.o)
 .bss           0x04019a5c        0x0 ../lab3_bsp/\libucosii_bsp.a(alt_dev_llist_insert.o)
 .bss           0x04019a5c        0x0 ../lab3_bsp/\libucosii_bsp.a(alt_do_ctors.o)
 .bss           0x04019a5c        0x0 ../lab3_bsp/\libucosii_bsp.a(alt_do_dtors.o)
 .bss           0x04019a5c        0x0 ../lab3_bsp/\libucosii_bsp.a(alt_flash_dev.o)
 .bss           0x04019a5c        0x0 ../lab3_bsp/\libucosii_bsp.a(alt_iic.o)
 .bss           0x04019a5c        0x0 ../lab3_bsp/\libucosii_bsp.a(alt_iic_isr_register.o)
 .bss           0x04019a5c        0x0 ../lab3_bsp/\libucosii_bsp.a(alt_io_redirect.o)
 .bss           0x04019a5c        0x0 ../lab3_bsp/\libucosii_bsp.a(alt_irq_entry.o)
 .bss           0x04019a5c        0x0 ../lab3_bsp/\libucosii_bsp.a(alt_irq_handler.o)
 .bss           0x04019a5c        0x0 ../lab3_bsp/\libucosii_bsp.a(alt_irq_vars.o)
 .bss           0x04019a5c        0x0 ../lab3_bsp/\libucosii_bsp.a(alt_open.o)
 .bss           0x04019a5c        0x0 ../lab3_bsp/\libucosii_bsp.a(alt_tick.o)
 .bss           0x04019a5c        0x0 ../lab3_bsp/\libucosii_bsp.a(altera_nios2_irq.o)
 .bss           0x04019a5c        0x0 ../lab3_bsp/\libucosii_bsp.a(os_cpu_a.o)
 .bss           0x04019a5c        0x0 ../lab3_bsp/\libucosii_bsp.a(os_cpu_c.o)
 .bss           0x04019a5c        0x0 ../lab3_bsp/\libucosii_bsp.a(altera_avalon_spi.o)
 .bss           0x04019a5c        0x0 ../lab3_bsp/\libucosii_bsp.a(alt_exception_entry.o)
 .bss           0x04019a5c        0x0 ../lab3_bsp/\libucosii_bsp.a(alt_find_dev.o)
 .bss           0x04019a5c        0x0 ../lab3_bsp/\libucosii_bsp.a(alt_find_file.o)
 .bss           0x04019a5c        0x0 ../lab3_bsp/\libucosii_bsp.a(alt_get_fd.o)
 .bss           0x04019a5c        0x0 c:/altera/11.0sp1/nios2eds/bin/gnu/h-i686-mingw32/bin/../lib/gcc/nios2-elf/4.1.2/../../../../nios2-elf/lib\libc.a(lib_a-atexit.o)
 .bss           0x04019a5c        0x0 c:/altera/11.0sp1/nios2eds/bin/gnu/h-i686-mingw32/bin/../lib/gcc/nios2-elf/4.1.2/../../../../nios2-elf/lib\libc.a(lib_a-exit.o)
 .bss           0x04019a5c        0x0 c:/altera/11.0sp1/nios2eds/bin/gnu/h-i686-mingw32/bin/../lib/gcc/nios2-elf/4.1.2/../../../../nios2-elf/lib\libc.a(lib_a-memcmp.o)
 .bss           0x04019a5c        0x0 c:/altera/11.0sp1/nios2eds/bin/gnu/h-i686-mingw32/bin/../lib/gcc/nios2-elf/4.1.2/../../../../nios2-elf/lib\libc.a(lib_a-printf.o)
 .bss           0x04019a5c        0x0 c:/altera/11.0sp1/nios2eds/bin/gnu/h-i686-mingw32/bin/../lib/gcc/nios2-elf/4.1.2/../../../../nios2-elf/lib\libc.a(lib_a-vfprintf.o)
 .bss           0x04019a5c        0x0 c:/altera/11.0sp1/nios2eds/bin/gnu/h-i686-mingw32/bin/../lib/gcc/nios2-elf/4.1.2/../../../../nios2-elf/lib\libc.a(lib_a-__atexit.o)
 .bss           0x04019a5c        0x0 c:/altera/11.0sp1/nios2eds/bin/gnu/h-i686-mingw32/bin/../lib/gcc/nios2-elf/4.1.2/../../../../nios2-elf/lib\libc.a(lib_a-__call_atexit.o)
 .bss           0x04019a5c        0x0 c:/altera/11.0sp1/nios2eds/bin/gnu/h-i686-mingw32/bin/../lib/gcc/nios2-elf/4.1.2/../../../../nios2-elf/lib\libc.a(lib_a-dtoa.o)
 .bss           0x04019a5c        0x0 c:/altera/11.0sp1/nios2eds/bin/gnu/h-i686-mingw32/bin/../lib/gcc/nios2-elf/4.1.2/../../../../nios2-elf/lib\libc.a(lib_a-locale.o)
 .bss           0x04019a5c        0x0 c:/altera/11.0sp1/nios2eds/bin/gnu/h-i686-mingw32/bin/../lib/gcc/nios2-elf/4.1.2/../../../../nios2-elf/lib\libc.a(lib_a-mprec.o)
 .bss           0x04019a5c        0x0 c:/altera/11.0sp1/nios2eds/bin/gnu/h-i686-mingw32/bin/../lib/gcc/nios2-elf/4.1.2/../../../../nios2-elf/lib\libc.a(lib_a-s_isinfd.o)
 .bss           0x04019a5c        0x0 c:/altera/11.0sp1/nios2eds/bin/gnu/h-i686-mingw32/bin/../lib/gcc/nios2-elf/4.1.2/../../../../nios2-elf/lib\libc.a(lib_a-s_isnand.o)
 .bss           0x04019a5c        0x0 c:/altera/11.0sp1/nios2eds/bin/gnu/h-i686-mingw32/bin/../lib/gcc/nios2-elf/4.1.2/../../../../nios2-elf/lib\libc.a(lib_a-strcmp.o)
 .bss           0x04019a5c        0x0 c:/altera/11.0sp1/nios2eds/bin/gnu/h-i686-mingw32/bin/../lib/gcc/nios2-elf/4.1.2/../../../../nios2-elf/lib\libc.a(lib_a-callocr.o)
 .bss           0x04019a5c        0x0 c:/altera/11.0sp1/nios2eds/bin/gnu/h-i686-mingw32/bin/../lib/gcc/nios2-elf/4.1.2\libgcc.a(_udivdi3.o)
 .bss           0x04019a5c        0x0 c:/altera/11.0sp1/nios2eds/bin/gnu/h-i686-mingw32/bin/../lib/gcc/nios2-elf/4.1.2\libgcc.a(_umoddi3.o)
 .bss           0x04019a5c        0x0 c:/altera/11.0sp1/nios2eds/bin/gnu/h-i686-mingw32/bin/../lib/gcc/nios2-elf/4.1.2\libgcc.a(_addsub_df.o)
 .bss           0x04019a5c        0x0 c:/altera/11.0sp1/nios2eds/bin/gnu/h-i686-mingw32/bin/../lib/gcc/nios2-elf/4.1.2\libgcc.a(_mul_df.o)
 .bss           0x04019a5c        0x0 c:/altera/11.0sp1/nios2eds/bin/gnu/h-i686-mingw32/bin/../lib/gcc/nios2-elf/4.1.2\libgcc.a(_div_df.o)
 .bss           0x04019a5c        0x0 c:/altera/11.0sp1/nios2eds/bin/gnu/h-i686-mingw32/bin/../lib/gcc/nios2-elf/4.1.2\libgcc.a(_eq_df.o)
 .bss           0x04019a5c        0x0 c:/altera/11.0sp1/nios2eds/bin/gnu/h-i686-mingw32/bin/../lib/gcc/nios2-elf/4.1.2\libgcc.a(_ne_df.o)
 .bss           0x04019a5c        0x0 c:/altera/11.0sp1/nios2eds/bin/gnu/h-i686-mingw32/bin/../lib/gcc/nios2-elf/4.1.2\libgcc.a(_gt_df.o)
 .bss           0x04019a5c        0x0 c:/altera/11.0sp1/nios2eds/bin/gnu/h-i686-mingw32/bin/../lib/gcc/nios2-elf/4.1.2\libgcc.a(_ge_df.o)
 .bss           0x04019a5c        0x0 c:/altera/11.0sp1/nios2eds/bin/gnu/h-i686-mingw32/bin/../lib/gcc/nios2-elf/4.1.2\libgcc.a(_lt_df.o)
 .bss           0x04019a5c        0x0 c:/altera/11.0sp1/nios2eds/bin/gnu/h-i686-mingw32/bin/../lib/gcc/nios2-elf/4.1.2\libgcc.a(_si_to_df.o)
 .bss           0x04019a5c        0x0 c:/altera/11.0sp1/nios2eds/bin/gnu/h-i686-mingw32/bin/../lib/gcc/nios2-elf/4.1.2\libgcc.a(_df_to_si.o)
 .bss           0x04019a5c        0x0 c:/altera/11.0sp1/nios2eds/bin/gnu/h-i686-mingw32/bin/../lib/gcc/nios2-elf/4.1.2\libgcc.a(_thenan_df.o)
 .bss           0x04019a5c        0x0 c:/altera/11.0sp1/nios2eds/bin/gnu/h-i686-mingw32/bin/../lib/gcc/nios2-elf/4.1.2\libgcc.a(_usi_to_df.o)
 .bss           0x04019a5c        0x0 c:/altera/11.0sp1/nios2eds/bin/gnu/h-i686-mingw32/bin/../lib/gcc/nios2-elf/4.1.2\libgcc.a(lib2-divmod.o)
 .bss           0x04019a5c        0x0 c:/altera/11.0sp1/nios2eds/bin/gnu/h-i686-mingw32/bin/../lib/gcc/nios2-elf/4.1.2\libgcc.a(_muldi3.o)
 .bss           0x04019a5c        0x0 c:/altera/11.0sp1/nios2eds/bin/gnu/h-i686-mingw32/bin/../lib/gcc/nios2-elf/4.1.2\libgcc.a(_clz.o)
 .bss           0x04019a5c        0x0 c:/altera/11.0sp1/nios2eds/bin/gnu/h-i686-mingw32/bin/../lib/gcc/nios2-elf/4.1.2\libgcc.a(_clzsi2.o)
 .bss           0x04019a5c        0x0 c:/altera/11.0sp1/nios2eds/bin/gnu/h-i686-mingw32/bin/../lib/gcc/nios2-elf/4.1.2\libgcc.a(_pack_df.o)
 .bss           0x04019a5c        0x0 c:/altera/11.0sp1/nios2eds/bin/gnu/h-i686-mingw32/bin/../lib/gcc/nios2-elf/4.1.2\libgcc.a(_unpack_df.o)
 .bss           0x04019a5c        0x0 c:/altera/11.0sp1/nios2eds/bin/gnu/h-i686-mingw32/bin/../lib/gcc/nios2-elf/4.1.2\libgcc.a(_fpcmp_parts_df.o)
 .bss           0x04019a5c        0x0 ../lab3_bsp/\libucosii_bsp.a(alt_exit.o)
 *(COMMON)
 COMMON         0x04019a5c     0x6000 obj/hello_ucosii.o
                0x04019a5c                task1_stk
                0x0401ba5c                task2_stk
                0x0401da5c                task3_stk
 COMMON         0x0401fa5c     0x3254 ../lab3_bsp/\libucosii_bsp.a(os_core.o)
                0x0401fa5c                OSFlagTbl
                0x0401fdcc                OSMemTbl
                0x040209fc                OSTaskStatStk
                0x040211fc                OSQTbl
                0x040213dc                OSTaskIdleStk
                0x04021bdc                OSEventTbl
                0x0402271c                OSTCBTbl
                0x04022c5c                OSTCBPrioTbl
 COMMON         0x04022cb0      0x100 ../lab3_bsp/\libucosii_bsp.a(alt_irq_handler.o)
                0x04022cb0                alt_irq
 COMMON         0x04022db0      0x190 c:/altera/11.0sp1/nios2eds/bin/gnu/h-i686-mingw32/bin/../lib/gcc/nios2-elf/4.1.2/../../../../nios2-elf/lib\libc.a(lib_a-atexit.o)
                0x04022db0                _atexit0
                0x04022f40                . = ALIGN (0x4)
                0x04022f40                __bss_end = ABSOLUTE (.)

.epcs           0x00000020        0x0
                0x00000020                PROVIDE (_alt_partition_epcs_start, ABSOLUTE (.))
 *(.epcs. epcs.*)
                0x00000020                . = ALIGN (0x4)
                0x00000020                PROVIDE (_alt_partition_epcs_end, ABSOLUTE (.))
                0x00000020                PROVIDE (_alt_partition_epcs_load_addr, LOADADDR (.epcs))

.sdram          0x04022f40        0x0
                0x04022f40                PROVIDE (_alt_partition_sdram_start, ABSOLUTE (.))
 *(.sdram. sdram.*)
                0x04022f40                . = ALIGN (0x4)
                0x04022f40                PROVIDE (_alt_partition_sdram_end, ABSOLUTE (.))
                0x04022f40                _end = ABSOLUTE (.)
                0x04022f40                end = ABSOLUTE (.)
                0x04022f40                __alt_stack_base = ABSOLUTE (.)
                0x04022f40                PROVIDE (_alt_partition_sdram_load_addr, LOADADDR (.sdram))

.stab
 *(.stab)

.stabstr
 *(.stabstr)

.stab.excl
 *(.stab.excl)

.stab.exclstr
 *(.stab.exclstr)

.stab.index
 *(.stab.index)

.stab.indexstr
 *(.stab.indexstr)

.comment        0x00000000       0x26
 *(.comment)
 .comment       0x00000000       0x26 obj/hello_ucosii.o
                                 0x27 (size before relaxing)
 .comment       0x00000000       0x27 c:/altera/11.0sp1/nios2eds/bin/gnu/h-i686-mingw32/bin/../lib/gcc/nios2-elf/4.1.2/../../../../nios2-elf/lib\libc.a(lib_a-puts.o)
 .comment       0x00000000       0x27 c:/altera/11.0sp1/nios2eds/bin/gnu/h-i686-mingw32/bin/../lib/gcc/nios2-elf/4.1.2/../../../../nios2-elf/lib\libc.a(lib_a-strlen.o)
 .comment       0x00000000       0x27 c:/altera/11.0sp1/nios2eds/bin/gnu/h-i686-mingw32/bin/../lib/gcc/nios2-elf/4.1.2/../../../../nios2-elf/lib\libc.a(lib_a-fvwrite.o)
 .comment       0x00000000       0x27 c:/altera/11.0sp1/nios2eds/bin/gnu/h-i686-mingw32/bin/../lib/gcc/nios2-elf/4.1.2/../../../../nios2-elf/lib\libc.a(lib_a-impure.o)
 .comment       0x00000000       0x27 c:/altera/11.0sp1/nios2eds/bin/gnu/h-i686-mingw32/bin/../lib/gcc/nios2-elf/4.1.2/../../../../nios2-elf/lib\libc.a(lib_a-mallocr.o)
 .comment       0x00000000       0x27 c:/altera/11.0sp1/nios2eds/bin/gnu/h-i686-mingw32/bin/../lib/gcc/nios2-elf/4.1.2/../../../../nios2-elf/lib\libc.a(lib_a-memchr.o)
 .comment       0x00000000       0x27 c:/altera/11.0sp1/nios2eds/bin/gnu/h-i686-mingw32/bin/../lib/gcc/nios2-elf/4.1.2/../../../../nios2-elf/lib\libc.a(lib_a-memcpy.o)
 .comment       0x00000000       0x27 c:/altera/11.0sp1/nios2eds/bin/gnu/h-i686-mingw32/bin/../lib/gcc/nios2-elf/4.1.2/../../../../nios2-elf/lib\libc.a(lib_a-memmove.o)
 .comment       0x00000000       0x27 c:/altera/11.0sp1/nios2eds/bin/gnu/h-i686-mingw32/bin/../lib/gcc/nios2-elf/4.1.2/../../../../nios2-elf/lib\libc.a(lib_a-reallocr.o)
 .comment       0x00000000       0x27 c:/altera/11.0sp1/nios2eds/bin/gnu/h-i686-mingw32/bin/../lib/gcc/nios2-elf/4.1.2/../../../../nios2-elf/lib\libc.a(lib_a-sbrkr.o)
 .comment       0x00000000       0x27 c:/altera/11.0sp1/nios2eds/bin/gnu/h-i686-mingw32/bin/../lib/gcc/nios2-elf/4.1.2/../../../../nios2-elf/lib\libc.a(lib_a-wsetup.o)
 .comment       0x00000000       0x27 c:/altera/11.0sp1/nios2eds/bin/gnu/h-i686-mingw32/bin/../lib/gcc/nios2-elf/4.1.2/../../../../nios2-elf/lib\libc.a(lib_a-fflush.o)
 .comment       0x00000000       0x27 c:/altera/11.0sp1/nios2eds/bin/gnu/h-i686-mingw32/bin/../lib/gcc/nios2-elf/4.1.2/../../../../nios2-elf/lib\libc.a(lib_a-findfp.o)
 .comment       0x00000000       0x27 c:/altera/11.0sp1/nios2eds/bin/gnu/h-i686-mingw32/bin/../lib/gcc/nios2-elf/4.1.2/../../../../nios2-elf/lib\libc.a(lib_a-freer.o)
 .comment       0x00000000       0x27 c:/altera/11.0sp1/nios2eds/bin/gnu/h-i686-mingw32/bin/../lib/gcc/nios2-elf/4.1.2/../../../../nios2-elf/lib\libc.a(lib_a-fwalk.o)
 .comment       0x00000000       0x27 c:/altera/11.0sp1/nios2eds/bin/gnu/h-i686-mingw32/bin/../lib/gcc/nios2-elf/4.1.2/../../../../nios2-elf/lib\libc.a(lib_a-int_errno.o)
 .comment       0x00000000       0x27 c:/altera/11.0sp1/nios2eds/bin/gnu/h-i686-mingw32/bin/../lib/gcc/nios2-elf/4.1.2/../../../../nios2-elf/lib\libc.a(lib_a-makebuf.o)
 .comment       0x00000000       0x27 c:/altera/11.0sp1/nios2eds/bin/gnu/h-i686-mingw32/bin/../lib/gcc/nios2-elf/4.1.2/../../../../nios2-elf/lib\libc.a(lib_a-memset.o)
 .comment       0x00000000       0x27 c:/altera/11.0sp1/nios2eds/bin/gnu/h-i686-mingw32/bin/../lib/gcc/nios2-elf/4.1.2/../../../../nios2-elf/lib\libc.a(lib_a-stdio.o)
 .comment       0x00000000       0x27 c:/altera/11.0sp1/nios2eds/bin/gnu/h-i686-mingw32/bin/../lib/gcc/nios2-elf/4.1.2/../../../../nios2-elf/lib\libc.a(lib_a-writer.o)
 .comment       0x00000000       0x27 c:/altera/11.0sp1/nios2eds/bin/gnu/h-i686-mingw32/bin/../lib/gcc/nios2-elf/4.1.2/../../../../nios2-elf/lib\libc.a(lib_a-closer.o)
 .comment       0x00000000       0x27 c:/altera/11.0sp1/nios2eds/bin/gnu/h-i686-mingw32/bin/../lib/gcc/nios2-elf/4.1.2/../../../../nios2-elf/lib\libc.a(lib_a-fclose.o)
 .comment       0x00000000       0x27 c:/altera/11.0sp1/nios2eds/bin/gnu/h-i686-mingw32/bin/../lib/gcc/nios2-elf/4.1.2/../../../../nios2-elf/lib\libc.a(lib_a-fstatr.o)
 .comment       0x00000000       0x27 c:/altera/11.0sp1/nios2eds/bin/gnu/h-i686-mingw32/bin/../lib/gcc/nios2-elf/4.1.2/../../../../nios2-elf/lib\libc.a(lib_a-isattyr.o)
 .comment       0x00000000       0x27 c:/altera/11.0sp1/nios2eds/bin/gnu/h-i686-mingw32/bin/../lib/gcc/nios2-elf/4.1.2/../../../../nios2-elf/lib\libc.a(lib_a-lseekr.o)
 .comment       0x00000000       0x27 c:/altera/11.0sp1/nios2eds/bin/gnu/h-i686-mingw32/bin/../lib/gcc/nios2-elf/4.1.2/../../../../nios2-elf/lib\libc.a(lib_a-readr.o)
 .comment       0x00000000       0x27 ../lab3_bsp/\libucosii_bsp.a(alt_close.o)
 .comment       0x00000000       0x27 ../lab3_bsp/\libucosii_bsp.a(alt_dev.o)
 .comment       0x00000000       0x27 ../lab3_bsp/\libucosii_bsp.a(alt_errno.o)
 .comment       0x00000000       0x27 ../lab3_bsp/\libucosii_bsp.a(alt_fstat.o)
 .comment       0x00000000       0x27 ../lab3_bsp/\libucosii_bsp.a(alt_isatty.o)
 .comment       0x00000000       0x27 ../lab3_bsp/\libucosii_bsp.a(alt_lseek.o)
 .comment       0x00000000       0x27 ../lab3_bsp/\libucosii_bsp.a(alt_main.o)
 .comment       0x00000000       0x27 ../lab3_bsp/\libucosii_bsp.a(alt_read.o)
 .comment       0x00000000       0x27 ../lab3_bsp/\libucosii_bsp.a(alt_release_fd.o)
 .comment       0x00000000       0x27 ../lab3_bsp/\libucosii_bsp.a(alt_sbrk.o)
 .comment       0x00000000       0x27 ../lab3_bsp/\libucosii_bsp.a(alt_write.o)
 .comment       0x00000000       0x27 ../lab3_bsp/\libucosii_bsp.a(alt_env_lock.o)
 .comment       0x00000000       0x27 ../lab3_bsp/\libucosii_bsp.a(alt_malloc_lock.o)
 .comment       0x00000000       0x27 ../lab3_bsp/\libucosii_bsp.a(os_core.o)
 .comment       0x00000000       0x27 ../lab3_bsp/\libucosii_bsp.a(os_dbg.o)
 .comment       0x00000000       0x27 ../lab3_bsp/\libucosii_bsp.a(os_flag.o)
 .comment       0x00000000       0x27 ../lab3_bsp/\libucosii_bsp.a(os_mem.o)
 .comment       0x00000000       0x27 ../lab3_bsp/\libucosii_bsp.a(os_mutex.o)
 .comment       0x00000000       0x27 ../lab3_bsp/\libucosii_bsp.a(os_q.o)
 .comment       0x00000000       0x27 ../lab3_bsp/\libucosii_bsp.a(os_sem.o)
 .comment       0x00000000       0x27 ../lab3_bsp/\libucosii_bsp.a(os_task.o)
 .comment       0x00000000       0x27 ../lab3_bsp/\libucosii_bsp.a(os_time.o)
 .comment       0x00000000       0x27 ../lab3_bsp/\libucosii_bsp.a(alt_sys_init.o)
 .comment       0x00000000       0x27 ../lab3_bsp/\libucosii_bsp.a(altera_avalon_epcs_flash_controller.o)
 .comment       0x00000000       0x27 ../lab3_bsp/\libucosii_bsp.a(altera_avalon_jtag_uart_fd.o)
 .comment       0x00000000       0x27 ../lab3_bsp/\libucosii_bsp.a(altera_avalon_jtag_uart_init.o)
 .comment       0x00000000       0x27 ../lab3_bsp/\libucosii_bsp.a(altera_avalon_jtag_uart_ioctl.o)
 .comment       0x00000000       0x27 ../lab3_bsp/\libucosii_bsp.a(altera_avalon_jtag_uart_read.o)
 .comment       0x00000000       0x27 ../lab3_bsp/\libucosii_bsp.a(altera_avalon_jtag_uart_write.o)
 .comment       0x00000000       0x27 ../lab3_bsp/\libucosii_bsp.a(altera_avalon_timer_sc.o)
 .comment       0x00000000       0x27 ../lab3_bsp/\libucosii_bsp.a(epcs_commands.o)
 .comment       0x00000000       0x27 ../lab3_bsp/\libucosii_bsp.a(alt_alarm_start.o)
 .comment       0x00000000       0x27 ../lab3_bsp/\libucosii_bsp.a(alt_dev_llist_insert.o)
 .comment       0x00000000       0x27 ../lab3_bsp/\libucosii_bsp.a(alt_do_ctors.o)
 .comment       0x00000000       0x27 ../lab3_bsp/\libucosii_bsp.a(alt_do_dtors.o)
 .comment       0x00000000       0x27 ../lab3_bsp/\libucosii_bsp.a(alt_flash_dev.o)
 .comment       0x00000000       0x27 ../lab3_bsp/\libucosii_bsp.a(alt_iic.o)
 .comment       0x00000000       0x27 ../lab3_bsp/\libucosii_bsp.a(alt_iic_isr_register.o)
 .comment       0x00000000       0x27 ../lab3_bsp/\libucosii_bsp.a(alt_io_redirect.o)
 .comment       0x00000000       0x27 ../lab3_bsp/\libucosii_bsp.a(alt_irq_handler.o)
 .comment       0x00000000       0x27 ../lab3_bsp/\libucosii_bsp.a(alt_irq_vars.o)
 .comment       0x00000000       0x27 ../lab3_bsp/\libucosii_bsp.a(alt_open.o)
 .comment       0x00000000       0x27 ../lab3_bsp/\libucosii_bsp.a(alt_tick.o)
 .comment       0x00000000       0x27 ../lab3_bsp/\libucosii_bsp.a(altera_nios2_irq.o)
 .comment       0x00000000       0x27 ../lab3_bsp/\libucosii_bsp.a(os_cpu_c.o)
 .comment       0x00000000       0x27 ../lab3_bsp/\libucosii_bsp.a(altera_avalon_spi.o)
 .comment       0x00000000       0x27 ../lab3_bsp/\libucosii_bsp.a(alt_find_dev.o)
 .comment       0x00000000       0x27 ../lab3_bsp/\libucosii_bsp.a(alt_find_file.o)
 .comment       0x00000000       0x27 ../lab3_bsp/\libucosii_bsp.a(alt_get_fd.o)
 .comment       0x00000000       0x27 c:/altera/11.0sp1/nios2eds/bin/gnu/h-i686-mingw32/bin/../lib/gcc/nios2-elf/4.1.2/../../../../nios2-elf/lib\libc.a(lib_a-atexit.o)
 .comment       0x00000000       0x27 c:/altera/11.0sp1/nios2eds/bin/gnu/h-i686-mingw32/bin/../lib/gcc/nios2-elf/4.1.2/../../../../nios2-elf/lib\libc.a(lib_a-exit.o)
 .comment       0x00000000       0x27 c:/altera/11.0sp1/nios2eds/bin/gnu/h-i686-mingw32/bin/../lib/gcc/nios2-elf/4.1.2/../../../../nios2-elf/lib\libc.a(lib_a-memcmp.o)
 .comment       0x00000000       0x27 c:/altera/11.0sp1/nios2eds/bin/gnu/h-i686-mingw32/bin/../lib/gcc/nios2-elf/4.1.2/../../../../nios2-elf/lib\libc.a(lib_a-printf.o)
 .comment       0x00000000       0x27 c:/altera/11.0sp1/nios2eds/bin/gnu/h-i686-mingw32/bin/../lib/gcc/nios2-elf/4.1.2/../../../../nios2-elf/lib\libc.a(lib_a-vfprintf.o)
 .comment       0x00000000       0x27 c:/altera/11.0sp1/nios2eds/bin/gnu/h-i686-mingw32/bin/../lib/gcc/nios2-elf/4.1.2/../../../../nios2-elf/lib\libc.a(lib_a-__atexit.o)
 .comment       0x00000000       0x27 c:/altera/11.0sp1/nios2eds/bin/gnu/h-i686-mingw32/bin/../lib/gcc/nios2-elf/4.1.2/../../../../nios2-elf/lib\libc.a(lib_a-__call_atexit.o)
 .comment       0x00000000       0x27 c:/altera/11.0sp1/nios2eds/bin/gnu/h-i686-mingw32/bin/../lib/gcc/nios2-elf/4.1.2/../../../../nios2-elf/lib\libc.a(lib_a-dtoa.o)
 .comment       0x00000000       0x27 c:/altera/11.0sp1/nios2eds/bin/gnu/h-i686-mingw32/bin/../lib/gcc/nios2-elf/4.1.2/../../../../nios2-elf/lib\libc.a(lib_a-locale.o)
 .comment       0x00000000       0x27 c:/altera/11.0sp1/nios2eds/bin/gnu/h-i686-mingw32/bin/../lib/gcc/nios2-elf/4.1.2/../../../../nios2-elf/lib\libc.a(lib_a-mprec.o)
 .comment       0x00000000       0x27 c:/altera/11.0sp1/nios2eds/bin/gnu/h-i686-mingw32/bin/../lib/gcc/nios2-elf/4.1.2/../../../../nios2-elf/lib\libc.a(lib_a-s_isinfd.o)
 .comment       0x00000000       0x27 c:/altera/11.0sp1/nios2eds/bin/gnu/h-i686-mingw32/bin/../lib/gcc/nios2-elf/4.1.2/../../../../nios2-elf/lib\libc.a(lib_a-s_isnand.o)
 .comment       0x00000000       0x27 c:/altera/11.0sp1/nios2eds/bin/gnu/h-i686-mingw32/bin/../lib/gcc/nios2-elf/4.1.2/../../../../nios2-elf/lib\libc.a(lib_a-strcmp.o)
 .comment       0x00000000       0x27 c:/altera/11.0sp1/nios2eds/bin/gnu/h-i686-mingw32/bin/../lib/gcc/nios2-elf/4.1.2/../../../../nios2-elf/lib\libc.a(lib_a-callocr.o)
 .comment       0x00000000       0x27 c:/altera/11.0sp1/nios2eds/bin/gnu/h-i686-mingw32/bin/../lib/gcc/nios2-elf/4.1.2\libgcc.a(_udivdi3.o)
 .comment       0x00000000       0x27 c:/altera/11.0sp1/nios2eds/bin/gnu/h-i686-mingw32/bin/../lib/gcc/nios2-elf/4.1.2\libgcc.a(_umoddi3.o)
 .comment       0x00000000       0x27 c:/altera/11.0sp1/nios2eds/bin/gnu/h-i686-mingw32/bin/../lib/gcc/nios2-elf/4.1.2\libgcc.a(_addsub_df.o)
 .comment       0x00000000       0x27 c:/altera/11.0sp1/nios2eds/bin/gnu/h-i686-mingw32/bin/../lib/gcc/nios2-elf/4.1.2\libgcc.a(_mul_df.o)
 .comment       0x00000000       0x27 c:/altera/11.0sp1/nios2eds/bin/gnu/h-i686-mingw32/bin/../lib/gcc/nios2-elf/4.1.2\libgcc.a(_div_df.o)
 .comment       0x00000000       0x27 c:/altera/11.0sp1/nios2eds/bin/gnu/h-i686-mingw32/bin/../lib/gcc/nios2-elf/4.1.2\libgcc.a(_eq_df.o)
 .comment       0x00000000       0x27 c:/altera/11.0sp1/nios2eds/bin/gnu/h-i686-mingw32/bin/../lib/gcc/nios2-elf/4.1.2\libgcc.a(_ne_df.o)
 .comment       0x00000000       0x27 c:/altera/11.0sp1/nios2eds/bin/gnu/h-i686-mingw32/bin/../lib/gcc/nios2-elf/4.1.2\libgcc.a(_gt_df.o)
 .comment       0x00000000       0x27 c:/altera/11.0sp1/nios2eds/bin/gnu/h-i686-mingw32/bin/../lib/gcc/nios2-elf/4.1.2\libgcc.a(_ge_df.o)
 .comment       0x00000000       0x27 c:/altera/11.0sp1/nios2eds/bin/gnu/h-i686-mingw32/bin/../lib/gcc/nios2-elf/4.1.2\libgcc.a(_lt_df.o)
 .comment       0x00000000       0x27 c:/altera/11.0sp1/nios2eds/bin/gnu/h-i686-mingw32/bin/../lib/gcc/nios2-elf/4.1.2\libgcc.a(_si_to_df.o)
 .comment       0x00000000       0x27 c:/altera/11.0sp1/nios2eds/bin/gnu/h-i686-mingw32/bin/../lib/gcc/nios2-elf/4.1.2\libgcc.a(_df_to_si.o)
 .comment       0x00000000       0x27 c:/altera/11.0sp1/nios2eds/bin/gnu/h-i686-mingw32/bin/../lib/gcc/nios2-elf/4.1.2\libgcc.a(_thenan_df.o)
 .comment       0x00000000       0x27 c:/altera/11.0sp1/nios2eds/bin/gnu/h-i686-mingw32/bin/../lib/gcc/nios2-elf/4.1.2\libgcc.a(_usi_to_df.o)