
 Start  Stop   Length Name               Class

 00000H 02519H 0251AH _TEXT              CODE
 0251AH 0281EH 00305H TEST_TEXT          CODE
 02820H 028F5H 000D6H OS_CPU_A_TEXT      CODE
 028F6H 02AB6H 001C1H OS_CPU_C_TEXT      CODE
 02AB7H 02E33H 0037DH PC_TEXT            CODE
 02E34H 05038H 02205H UCOS_II_TEXT       CODE
 05040H 05040H 00000H _FARDATA           FAR_DATA
 05040H 05040H 00000H _FARBSS            FAR_BSS
 05040H 05040H 00000H _OVERLAY_          OVRINFO
 05040H 05040H 00000H _1STUB_            STUBSEG
 05040H 0558DH 0054EH _DATA              DATA
 0558EH 0558FH 00002H _CVTSEG            DATA
 05590H 05595H 00006H _SCNSEG            DATA
 05596H 05596H 00000H _CONST             CONST
 05596H 055A1H 0000CH _INIT_             INITDATA
 055A2H 055A2H 00000H _INITEND_          INITDATA
 055A2H 055A2H 00000H _EXIT_             EXITDATA
 055A2H 055A2H 00000H _EXITEND_          EXITDATA
 055A2H 0A75BH 051BAH _BSS               BSS
 0A75CH 0A75CH 00000H _BSSEND            BSSEND
 0A760H 0A7DFH 00080H _STACK             STACK


Detailed map of segments

 0000:0000 0295 C=CODE   S=_TEXT          G=(none)  M=c0.ASM     ACBP=28
 0000:0295 002D C=CODE   S=_TEXT          G=(none)  M=ATEXIT     ACBP=28
 0000:02C2 0093 C=CODE   S=_TEXT          G=(none)  M=EXIT       ACBP=28
 0000:0355 0000 C=CODE   S=_TEXT          G=(none)  M=FILES      ACBP=28
 0000:0355 0000 C=CODE   S=_TEXT          G=(none)  M=FILES2     ACBP=28
 0000:0355 0017 C=CODE   S=_TEXT          G=(none)  M=F_LXMUL    ACBP=28
 0000:036C 0026 C=CODE   S=_TEXT          G=(none)  M=GETDATE    ACBP=28
 0000:0392 00AE C=CODE   S=_TEXT          G=(none)  M=H_LDIV     ACBP=28
 0000:0440 0021 C=CODE   S=_TEXT          G=(none)  M=H_LLSH     ACBP=28
 0000:0461 0021 C=CODE   S=_TEXT          G=(none)  M=H_LURSH    ACBP=28
 0000:0482 0060 C=CODE   S=_TEXT          G=(none)  M=H_PADD     ACBP=28
 0000:04E2 004B C=CODE   S=_TEXT          G=(none)  M=IOERROR    ACBP=28
 0000:052D 0011 C=CODE   S=_TEXT          G=(none)  M=ISATTY     ACBP=28
 0000:053E 00A2 C=CODE   S=_TEXT          G=(none)  M=LONGTOA    ACBP=28
 0000:05E0 0029 C=CODE   S=_TEXT          G=(none)  M=LSEEK      ACBP=28
 0000:0609 0021 C=CODE   S=_TEXT          G=(none)  M=N_PCMP     ACBP=28
 0000:062A 00BA C=CODE   S=_TEXT          G=(none)  M=SETUPIO    ACBP=28
 0000:06E4 0000 C=CODE   S=_TEXT          G=(none)  M=STKLEN     ACBP=28
 0000:06E4 04DB C=CODE   S=_TEXT          G=(none)  M=VPRINTER   ACBP=28
 0000:0BBF 009F C=CODE   S=_TEXT          G=(none)  M=VRAM       ACBP=28
 0000:0C5E 0000 C=CODE   S=_TEXT          G=(none)  M=WSCROLL    ACBP=28
 0000:0C5E 014E C=CODE   S=_TEXT          G=(none)  M=CPRINTF    ACBP=28
 0000:0DAC 01A5 C=CODE   S=_TEXT          G=(none)  M=CRTINIT    ACBP=28
 0000:0F51 001F C=CODE   S=_TEXT          G=(none)  M=CVTFAK     ACBP=28
 0000:0F70 0432 C=CODE   S=_TEXT          G=(none)  M=FARHEAP    ACBP=28
 0000:13A2 0140 C=CODE   S=_TEXT          G=(none)  M=FBRK       ACBP=28
 0000:14E2 005E C=CODE   S=_TEXT          G=(none)  M=GETCH      ACBP=28
 0000:1540 00AC C=CODE   S=_TEXT          G=(none)  M=GPTEXT     ACBP=28
 0000:15EC 0012 C=CODE   S=_TEXT          G=(none)  M=KBHIT      ACBP=28
 0000:15FE 009D C=CODE   S=_TEXT          G=(none)  M=MOVETEXT   ACBP=28
 0000:169B 0017 C=CODE   S=_TEXT          G=(none)  M=PUTCH      ACBP=28
 0000:16B2 0004 C=CODE   S=_TEXT          G=(none)  M=REALCVT    ACBP=28
 0000:16B6 01C7 C=CODE   S=_TEXT          G=(none)  M=SCREEN     ACBP=28
 0000:187D 018E C=CODE   S=_TEXT          G=(none)  M=SCROLL     ACBP=28
 0000:1A0B 001C C=CODE   S=_TEXT          G=(none)  M=SETBLOCK   ACBP=28
 0000:1A27 006A C=CODE   S=_TEXT          G=(none)  M=SETJMP     ACBP=28
 0000:1A91 002C C=CODE   S=_TEXT          G=(none)  M=WHEREXY    ACBP=28
 0000:1ABD 00CD C=CODE   S=_TEXT          G=(none)  M=FFLUSH     ACBP=28
 0000:1B8A 0042 C=CODE   S=_TEXT          G=(none)  M=FLUSHALL   ACBP=28
 0000:1BCC 01E2 C=CODE   S=_TEXT          G=(none)  M=FSEEK      ACBP=28
 0000:1DAE 0024 C=CODE   S=_TEXT          G=(none)  M=MEMCPY     ACBP=28
 0000:1DD2 001B C=CODE   S=_TEXT          G=(none)  M=PRINTF     ACBP=28
 0000:1DED 03C8 C=CODE   S=_TEXT          G=(none)  M=PUTC       ACBP=28
 0000:21B5 011D C=CODE   S=_TEXT          G=(none)  M=SETVBUF    ACBP=28
 0000:22D2 0083 C=CODE   S=_TEXT          G=(none)  M=SPRINTF    ACBP=28
 0000:2355 0151 C=CODE   S=_TEXT          G=(none)  M=WRITE      ACBP=28
 0000:24A6 003C C=CODE   S=_TEXT          G=(none)  M=WRITEA     ACBP=28
 0000:24E2 0038 C=CODE   S=_TEXT          G=(none)  M=XFFLUSH    ACBP=28
 0251:000A 0305 C=CODE   S=TEST_TEXT      G=(none)  M=test.c     ACBP=28
 0282:0000 00D6 C=CODE   S=OS_CPU_A_TEXT  G=(none)  M=\SOFTWARE\uCOS-II\Ix86L\BC45\OS_CPU_A.ASM ACBP=48
 028F:0006 01C1 C=CODE   S=OS_CPU_C_TEXT  G=(none)  M=os_cpu_c.c ACBP=28
 02AB:0007 037D C=CODE   S=PC_TEXT        G=(none)  M=pc.c       ACBP=28
 02E3:0004 2205 C=CODE   S=UCOS_II_TEXT   G=(none)  M=ucos_ii.c  ACBP=28
 0504:0000 0000 C=FAR_DATA S=_FARDATA       G=(none)  M=c0.ASM     ACBP=68
 0504:0000 0000 C=FAR_BSS S=_FARBSS        G=(none)  M=c0.ASM     ACBP=68
 0504:0000 0000 C=OVRINFO S=_OVERLAY_      G=(none)  M=c0.ASM     ACBP=68
 0504:0000 0000 C=STUBSEG S=_1STUB_        G=(none)  M=c0.ASM     ACBP=68
 0504:0000 0093 C=DATA   S=_DATA          G=DGROUP  M=c0.ASM     ACBP=68
 0504:0094 004A C=DATA   S=_DATA          G=DGROUP  M=test.c     ACBP=48
 0504:00DE 0000 C=DATA   S=_DATA          G=DGROUP  M=\SOFTWARE\uCOS-II\Ix86L\BC45\OS_CPU_A.ASM ACBP=48
 0504:00DE 0000 C=DATA   S=_DATA          G=DGROUP  M=os_cpu_c.c ACBP=48
 0504:00DE 001F C=DATA   S=_DATA          G=DGROUP  M=pc.c       ACBP=48
 0504:00FE 016B C=DATA   S=_DATA          G=DGROUP  M=ucos_ii.c  ACBP=48
 0504:026A 0002 C=DATA   S=_DATA          G=DGROUP  M=ATEXIT     ACBP=48
 0504:026C 000C C=DATA   S=_DATA          G=DGROUP  M=EXIT       ACBP=48
 0504:0278 0190 C=DATA   S=_DATA          G=DGROUP  M=FILES      ACBP=48
 0504:0408 002A C=DATA   S=_DATA          G=DGROUP  M=FILES2     ACBP=48
 0504:0432 0000 C=DATA   S=_DATA          G=DGROUP  M=F_LXMUL    ACBP=48
 0504:0432 0000 C=DATA   S=_DATA          G=DGROUP  M=GETDATE    ACBP=48
 0504:0432 0000 C=DATA   S=_DATA          G=DGROUP  M=H_LDIV     ACBP=48
 0504:0432 0000 C=DATA   S=_DATA          G=DGROUP  M=H_LLSH     ACBP=48
 0504:0432 0000 C=DATA   S=_DATA          G=DGROUP  M=H_LURSH    ACBP=48
 0504:0432 0000 C=DATA   S=_DATA          G=DGROUP  M=H_PADD     ACBP=48
 0504:0432 005B C=DATA   S=_DATA          G=DGROUP  M=IOERROR    ACBP=48
 0504:048E 0000 C=DATA   S=_DATA          G=DGROUP  M=ISATTY     ACBP=48
 0504:048E 0000 C=DATA   S=_DATA          G=DGROUP  M=LONGTOA    ACBP=48
 0504:048E 0000 C=DATA   S=_DATA          G=DGROUP  M=LSEEK      ACBP=48
 0504:048E 0000 C=DATA   S=_DATA          G=DGROUP  M=N_PCMP     ACBP=48
 0504:048E 0000 C=DATA   S=_DATA          G=DGROUP  M=SETUPIO    ACBP=48
 0504:048E 0002 C=DATA   S=_DATA          G=DGROUP  M=STKLEN     ACBP=48
 0504:0490 0067 C=DATA   S=_DATA          G=DGROUP  M=VPRINTER   ACBP=48
 0504:04F8 0000 C=DATA   S=_DATA          G=DGROUP  M=VRAM       ACBP=48
 0504:04F8 0002 C=DATA   S=_DATA          G=DGROUP  M=WSCROLL    ACBP=48
 0504:04FA 0000 C=DATA   S=_DATA          G=DGROUP  M=CPRINTF    ACBP=48
 0504:04FA 0018 C=DATA   S=_DATA          G=DGROUP  M=CRTINIT    ACBP=48
 0504:0512 0031 C=DATA   S=_DATA          G=DGROUP  M=CVTFAK     ACBP=48
 0504:0544 0000 C=DATA   S=_DATA          G=DGROUP  M=FARHEAP    ACBP=48
 0504:0544 0002 C=DATA   S=_DATA          G=DGROUP  M=FBRK       ACBP=48
 0504:0546 0000 C=DATA   S=_DATA          G=DGROUP  M=GETCH      ACBP=48
 0504:0546 0000 C=DATA   S=_DATA          G=DGROUP  M=GPTEXT     ACBP=48
 0504:0546 0002 C=DATA   S=_DATA          G=DGROUP  M=KBHIT      ACBP=48
 0504:0548 0000 C=DATA   S=_DATA          G=DGROUP  M=MOVETEXT   ACBP=48
 0504:0548 0000 C=DATA   S=_DATA          G=DGROUP  M=PUTCH      ACBP=48
 0504:0548 0000 C=DATA   S=_DATA          G=DGROUP  M=REALCVT    ACBP=48
 0504:0548 0000 C=DATA   S=_DATA          G=DGROUP  M=SCREEN     ACBP=48
 0504:0548 0000 C=DATA   S=_DATA          G=DGROUP  M=SCROLL     ACBP=48
 0504:0548 0000 C=DATA   S=_DATA          G=DGROUP  M=SETBLOCK   ACBP=48
 0504:0548 0000 C=DATA   S=_DATA          G=DGROUP  M=SETJMP     ACBP=48
 0504:0548 0000 C=DATA   S=_DATA          G=DGROUP  M=WHEREXY    ACBP=48
 0504:0548 0000 C=DATA   S=_DATA          G=DGROUP  M=FFLUSH     ACBP=48
 0504:0548 0000 C=DATA   S=_DATA          G=DGROUP  M=FLUSHALL   ACBP=48
 0504:0548 0000 C=DATA   S=_DATA          G=DGROUP  M=FSEEK      ACBP=48
 0504:0548 0000 C=DATA   S=_DATA          G=DGROUP  M=MEMCPY     ACBP=48
 0504:0548 0000 C=DATA   S=_DATA          G=DGROUP  M=PRINTF     ACBP=48
 0504:0548 0001 C=DATA   S=_DATA          G=DGROUP  M=PUTC       ACBP=48
 0504:054A 0004 C=DATA   S=_DATA          G=DGROUP  M=SETVBUF    ACBP=48
 0504:054E 0000 C=DATA   S=_DATA          G=DGROUP  M=SPRINTF    ACBP=48
 0504:054E 0000 C=DATA   S=_DATA          G=DGROUP  M=WRITE      ACBP=48
 0504:054E 0000 C=DATA   S=_DATA          G=DGROUP  M=WRITEA     ACBP=48
 0504:054E 0000 C=DATA   S=_DATA          G=DGROUP  M=XFFLUSH    ACBP=48
 0504:054E 0000 C=DATA   S=_CVTSEG        G=DGROUP  M=c0.ASM     ACBP=48
 0504:054E 0002 C=DATA   S=_CVTSEG        G=DGROUP  M=CVTFAK     ACBP=48
 0504:0550 0000 C=DATA   S=_CVTSEG        G=DGROUP  M=REALCVT    ACBP=48
 0504:0550 0000 C=DATA   S=_SCNSEG        G=DGROUP  M=c0.ASM     ACBP=48
 0504:0550 0006 C=DATA   S=_SCNSEG        G=DGROUP  M=CVTFAK     ACBP=48
 0504:0556 0000 C=CONST  S=_CONST         G=DGROUP  M=c0.ASM     ACBP=48
 0504:0556 0000 C=INITDATA S=_INIT_         G=DGROUP  M=c0.ASM     ACBP=48
 0504:0556 0006 C=INITDATA S=_INIT_         G=DGROUP  M=SETUPIO    ACBP=48
 0504:055C 0006 C=INITDATA S=_INIT_         G=DGROUP  M=CRTINIT    ACBP=48
 0504:0562 0000 C=INITDATA S=_INITEND_      G=DGROUP  M=c0.ASM     ACBP=28
 0504:0562 0000 C=EXITDATA S=_EXIT_         G=DGROUP  M=c0.ASM     ACBP=48
 0504:0562 0000 C=EXITDATA S=_EXITEND_      G=DGROUP  M=c0.ASM     ACBP=28
 0504:0562 0000 C=BSS    S=_BSS           G=DGROUP  M=c0.ASM     ACBP=48
 0504:0562 4008 C=BSS    S=_BSS           G=DGROUP  M=test.c     ACBP=48
 0504:456A 0001 C=BSS    S=_BSS           G=DGROUP  M=os_cpu_c.c ACBP=48
 0504:456C 001B C=BSS    S=_BSS           G=DGROUP  M=pc.c       ACBP=48
 0504:4588 1112 C=BSS    S=_BSS           G=DGROUP  M=ucos_ii.c  ACBP=48
 0504:569A 0080 C=BSS    S=_BSS           G=DGROUP  M=ATEXIT     ACBP=48
 0504:571A 0000 C=BSS    S=_BSS           G=DGROUP  M=IOERROR    ACBP=48
 0504:571A 0000 C=BSS    S=_BSS           G=DGROUP  M=ISATTY     ACBP=48
 0504:571A 0000 C=BSS    S=_BSS           G=DGROUP  M=LONGTOA    ACBP=48
 0504:571A 0000 C=BSS    S=_BSS           G=DGROUP  M=LSEEK      ACBP=48
 0504:571A 0000 C=BSS    S=_BSS           G=DGROUP  M=SETUPIO    ACBP=48
 0504:571A 0000 C=BSS    S=_BSS           G=DGROUP  M=VPRINTER   ACBP=48
 0504:571A 0000 C=BSS    S=_BSS           G=DGROUP  M=VRAM       ACBP=48
 0504:571A 0000 C=BSS    S=_BSS           G=DGROUP  M=CRTINIT    ACBP=48
 0504:571A 0000 C=BSS    S=_BSS           G=DGROUP  M=GETCH      ACBP=48
 0504:571A 0000 C=BSS    S=_BSS           G=DGROUP  M=KBHIT      ACBP=48
 0504:571A 0000 C=BSS    S=_BSS           G=DGROUP  M=SETBLOCK   ACBP=48
 0504:571A 0000 C=BSS    S=_BSS           G=DGROUP  M=SETJMP     ACBP=48
 0504:571A 0000 C=BSS    S=_BSS           G=DGROUP  M=MEMCPY     ACBP=48
 0504:571A 0001 C=BSS    S=_BSS           G=DGROUP  M=PUTC       ACBP=48
 0504:571C 0000 C=BSS    S=_BSS           G=DGROUP  M=WRITEA     ACBP=48
 0504:571C 0000 C=BSSEND S=_BSSEND        G=DGROUP  M=c0.ASM     ACBP=28
 0A76:0000 0080 C=STACK  S=_STACK         G=(none)  M=c0.ASM     ACBP=74

  Address         Publics by Name

 0504:0000 idle  DATASEG@
 0000:0291 idle  DGROUP@
 0000:0395 idle  F_LDIV@
 0000:03A4 idle  F_LMOD@
 0000:039C       F_LUDIV@
 0000:03AC idle  F_LUMOD@
 0000:0443       F_LXLSH@
 0000:0355       F_LXMUL@
 0000:0464       F_LXURSH@
 0000:0485 idle  F_PADD@
 0000:04B4 idle  F_PSUB@
 0000:0395 idle  LDIV@
 0000:03A4 idle  LMOD@
 0000:039C idle  LUDIV@
 0000:03AC idle  LUMOD@
 0000:0443 idle  LXLSH@
 0000:0355 idle  LXMUL@
 0000:0464 idle  LXURSH@
 0000:0392 idle  N_LDIV@
 0000:03A1 idle  N_LMOD@
 0000:0399 idle  N_LUDIV@
 0000:03A9 idle  N_LUMOD@
 0000:0440       N_LXLSH@
 0000:0461 idle  N_LXURSH@
 0000:0482       N_PADD@
 0000:0609       N_PCMP@
 0000:04B1 idle  N_PSUB@
 0000:0485 idle  PADD@
 0000:04B4 idle  PSUB@
 0000:027A       _abort
 0000:0295 idle  _atexit
 0000:0D90 idle  _cprintf
 0504:0509       _directvideo
 0504:007F       _errno
 0000:031A       _exit
 0000:10B0 idle  _farfree
 0000:11C4 idle  _farmalloc
 0000:1328 idle  _farrealloc
 0000:1ABD       _fflush
 0000:1B8A       _flushall
 0000:1E09 idle  _fputc
 0000:1F9E idle  _fputchar
 0000:10B0       _free
 0000:1C4E       _fseek
 0000:1CCE idle  _ftell
 0000:14E2       _getch
 0000:14FE idle  _getche
 0000:036C       _getdate
 0000:1540       _gettext
 0000:037F       _gettime
 0000:052D       _isatty
 0000:15EC       _kbhit
 0504:0094 idle  _limits
 0000:1A5D       _longjmp
 0000:05E0       _lseek
 0251:000A       _main
 0000:11BA       _malloc
 0000:1DAE       _memcpy
 0000:15FE       _movetext
 0504:5551 idle  _OSCPUUsage
 0282:001E       _OSCtxSw
 0504:5696 idle  _OSCtxSwCtr
 0504:5692 idle  _OSEventFreeList
 0504:5552 idle  _OSEventTbl
 0504:5134 idle  _OSIdleCtr
 0504:554D idle  _OSIdleCtrMax
 0504:5549 idle  _OSIdleCtrRun
 02E3:0004       _OSInit
 0251:02FA       _OSInitHookBegin
 0251:02FB       _OSInitHookEnd
 0282:0059       _OSIntCtxSw
 02E3:0032 idle  _OSIntEnter
 02E3:0045       _OSIntExit
 0504:5146 idle  _OSIntExitY
 0504:5147       _OSIntNesting
 0504:5145 idle  _OSLockNesting
 0504:00FE idle  _OSMapTbl
 02E3:091C idle  _OSMboxAccept
 02E3:0967 idle  _OSMboxCreate
 02E3:09DC idle  _OSMboxDel
 02E3:0AFA idle  _OSMboxPend
 02E3:0BFC idle  _OSMboxPost
 02E3:0C74 idle  _OSMboxPostOpt
 02E3:0D17 idle  _OSMboxQuery
 02E3:0E0B idle  _OSMutexAccept
 02E3:0E96       _OSMutexCreate
 02E3:0F7C idle  _OSMutexDel
 02E3:10D6       _OSMutexPend
 02E3:12C6       _OSMutexPost
 02E3:147E idle  _OSMutexQuery
 0504:5144       _OSPrioCur
 0504:5143       _OSPrioHighRdy
 02E3:1599 idle  _OSQAccept
 02E3:1639 idle  _OSQCreate
 02E3:175C idle  _OSQDel
 02E3:18D9 idle  _OSQFlush
 0504:4604 idle  _OSQFreeList
 02E3:1931 idle  _OSQPend
 02E3:1A77 idle  _OSQPost
 02E3:1B3F idle  _OSQPostFront
 02E3:1C01 idle  _OSQPostOpt
 02E3:1D3F idle  _OSQQuery
 0504:458C idle  _OSQTbl
 0504:5142 idle  _OSRdyGrp
 0504:513A idle  _OSRdyTbl
 0504:5139       _OSRunning
 02E3:00C0 idle  _OSSchedLock
 02E3:00D6 idle  _OSSchedUnlock
 02E3:0103       _OSStart
 0282:0000       _OSStartHighRdy
 02E3:0162 idle  _OSStatInit
 0504:5548 idle  _OSStatRdy
 02E3:1ECA       _OSTaskCreateExt
 0251:02FC       _OSTaskCreateHook
 0504:5138 idle  _OSTaskCtr
 0251:0301 idle  _OSTaskDelHook
 0251:0306       _OSTaskIdleHook
 0504:4D34 idle  _OSTaskIdleStk
 0251:0307       _OSTaskStatHook
 0504:5148 idle  _OSTaskStatStk
 02E3:1FBA idle  _OSTaskStkChk
 028F:0006       _OSTaskStkInit
 028F:00EC idle  _OSTaskStkInit_FPE_x86
 0251:0308       _OSTaskSwHook
 0504:4D30       _OSTCBCur
 0504:4D2C idle  _OSTCBFreeList
 0504:4D28       _OSTCBHighRdy
 0251:0309       _OSTCBInitHook
 0504:4D24 idle  _OSTCBList
 0504:4C24 idle  _OSTCBPrioTbl
 0504:4608 idle  _OSTCBTbl
 0504:456A       _OSTickDOSCtr
 0282:0086       _OSTickISR
 0504:4588 idle  _OSTime
 02E3:209F       _OSTimeDly
 02E3:20E6 idle  _OSTimeDlyHMSM
 02E3:21D5 idle  _OSTimeGet
 02E3:21F4       _OSTimeSet
 02E3:019C       _OSTimeTick
 0251:030E       _OSTimeTickHook
 0504:0106 idle  _OSUnMapTbl
 02E3:023C idle  _OSVersion
 02E3:0240 idle  _OS_EventTaskRdy
 02E3:030A idle  _OS_EventTaskWait
 02E3:0377 idle  _OS_EventTO
 02E3:03CB idle  _OS_EventWaitListInit
 02E3:1E7A idle  _OS_QInit
 02E3:0601 idle  _OS_Sched
 02E3:0691 idle  _OS_TaskIdle
 02E3:06B6 idle  _OS_TaskStat
 02E3:0780 idle  _OS_TCBInit
 02AB:0007 idle  _PC_DispChar
 02AB:0045 idle  _PC_DispClrCol
 02AB:008B idle  _PC_DispClrRow
 02AB:00C4 idle  _PC_DispClrScr
 02AB:00F5 idle  _PC_DispStr
 02AB:0144       _PC_DOSReturn
 02AB:0158       _PC_DOSSaveReturn
 02AB:01C6 idle  _PC_ElapsedInit
 02AB:01DA idle  _PC_ElapsedStart
 02AB:0200 idle  _PC_ElapsedStop
 02AB:0251 idle  _PC_GetDateTime
 02AB:02A4 idle  _PC_GetKey
 02AB:02CB       _PC_SetTickRate
 0504:456C idle  _PC_TickISR
 02AB:0318 idle  _PC_VectGet
 02AB:034F       _PC_VectSet
 0000:1DD2       _printf
 0000:169B       _putch
 0000:1596       _puttext
 0000:1321 idle  _realloc
 0504:0566 idle  _resource1
 0504:0562 idle  _resource2
 0000:1A0B       _setblock
 0000:1A27       _setjmp
 0000:21B5       _setvbuf
 0000:2312       _sprintf
 0504:256A idle  _task1_stk
 0504:156A idle  _task2_stk
 0504:056A idle  _task3_stk
 0000:1522 idle  _ungetch
 0000:2334 idle  _vsprintf
 0000:1A9B idle  _wherex
 0000:1AAA idle  _wherey
 0504:356A idle  _worker_stk
 0000:1000 idle  __AHINCR
 0000:000C idle  __AHSHIFT
 0504:026A       __atexitcnt
 0504:569A       __atexittbl
 0000:1418       __brk
 0504:008B       __brklvl
 0504:006B idle  __C0argc
 0504:006D idle  __C0argv
 0000:0E72 idle  __c0crtinit
 0504:0071 idle  __C0environ
 0504:0547       __cChar
 0000:033B idle  __cexit
 0504:0546       __cFlag
 0000:016A       __checknull
 0000:0157       __cleanup
 0000:0C5E       __CPUTN
 0000:0E8F idle  __crtinit
 0000:0000  Abs  __cvtfak
 0000:0349 idle  __c_exit
 0504:0432 idle  __doserrno
 0000:051B idle  __DOSERROR
 0504:0434 idle  __dosErrorToSV
 0504:0075 idle  __envLng
 0504:0077 idle  __envseg
 0504:0079 idle  __envSize
 0000:0329       __exit
 0504:026C       __exitbuf
 0504:0270 idle  __exitfopen
 0504:0274 idle  __exitopen
 0000:1DED idle  __fputc
 0000:1FB2       __FPUTN
 0504:0087       __heapbase
 0504:008F       __heaptop
 0504:005B idle  __Int0Vector
 0504:005F idle  __Int4Vector
 0504:0063 idle  __Int5Vector
 0504:0067 idle  __Int6Vector
 0000:04E2       __IOERROR
 0000:053E       __LONGTOA
 0000:0293 idle  __MMODEL
 0504:0408       __nfile
 0000:14FB idle  __Ngetche
 0000:151F idle  __Nungetch
 0504:040A       __openfd
 0504:007D idle  __osmajor
 0504:007E idle  __osminor
 0504:007D idle  __osversion
 0504:007B       __psp
 0000:16B2       __REALCVT
 0504:054E       __RealCvtVector
 0000:01C0       __restorezero
 0000:1457       __sbrk
 0504:0550 idle  __ScanTodVector
 0000:17EC       __SCREENIO
 0000:189F       __SCROLL
 0000:062A       __setupio
 0504:0081 idle  __StartTime
 0504:048E       __stklen
 0504:0278       __streams
 0000:016B       __terminate
 0000:0000 idle  __turboCrt
 0000:05C0 idle  __UTOA
 0000:1828       __VALIDATEXY
 0504:007D idle  __version
 0504:04FA       __video
 0000:0DE7       __VideoInt
 0000:06FC       __VPRINTER
 0000:0BBF       __VPTR
 0000:0BE4       __VRAM
 0000:1A91       __wherexy
 0000:24A6       __write
 0504:04F8       __wscroll
 0000:24E2       __xfflush
 0504:0085 idle  ___brklvl
 0000:0F70 idle  ___first
 0000:0F72 idle  ___last
 0000:0F74 idle  ___rover
 0000:2355       ___write

  Address         Publics by Value

 0000:0000 idle  __turboCrt
 0000:0000  Abs  __cvtfak
 0000:000C idle  __AHSHIFT
 0000:0157       __cleanup
 0000:016A       __checknull
 0000:016B       __terminate
 0000:01C0       __restorezero
 0000:027A       _abort
 0000:0291 idle  DGROUP@
 0000:0293 idle  __MMODEL
 0000:0295 idle  _atexit
 0000:031A       _exit
 0000:0329       __exit
 0000:033B idle  __cexit
 0000:0349 idle  __c_exit
 0000:0355       F_LXMUL@
 0000:0355 idle  LXMUL@
 0000:036C       _getdate
 0000:037F       _gettime
 0000:0392 idle  N_LDIV@
 0000:0395 idle  LDIV@
 0000:0395 idle  F_LDIV@
 0000:0399 idle  N_LUDIV@
 0000:039C       F_LUDIV@
 0000:039C idle  LUDIV@
 0000:03A1 idle  N_LMOD@
 0000:03A4 idle  F_LMOD@
 0000:03A4 idle  LMOD@
 0000:03A9 idle  N_LUMOD@
 0000:03AC idle  LUMOD@
 0000:03AC idle  F_LUMOD@
 0000:0440       N_LXLSH@
 0000:0443       F_LXLSH@
 0000:0443 idle  LXLSH@
 0000:0461 idle  N_LXURSH@
 0000:0464       F_LXURSH@
 0000:0464 idle  LXURSH@
 0000:0482       N_PADD@
 0000:0485 idle  F_PADD@
 0000:0485 idle  PADD@
 0000:04B1 idle  N_PSUB@
 0000:04B4 idle  F_PSUB@
 0000:04B4 idle  PSUB@
 0000:04E2       __IOERROR
 0000:051B idle  __DOSERROR
 0000:052D       _isatty
 0000:053E       __LONGTOA
 0000:05C0 idle  __UTOA
 0000:05E0       _lseek
 0000:0609       N_PCMP@
 0000:062A       __setupio
 0000:06FC       __VPRINTER
 0000:0BBF       __VPTR
 0000:0BE4       __VRAM
 0000:0C5E       __CPUTN
 0000:0D90 idle  _cprintf
 0000:0DE7       __VideoInt
 0000:0E72 idle  __c0crtinit
 0000:0E8F idle  __crtinit
 0000:0F70 idle  ___first
 0000:0F72 idle  ___last
 0000:0F74 idle  ___rover
 0000:1000 idle  __AHINCR
 0000:10B0       _free
 0000:10B0 idle  _farfree
 0000:11BA       _malloc
 0000:11C4 idle  _farmalloc
 0000:1321 idle  _realloc
 0000:1328 idle  _farrealloc
 0000:1418       __brk
 0000:1457       __sbrk
 0000:14E2       _getch
 0000:14FB idle  __Ngetche
 0000:14FE idle  _getche
 0000:151F idle  __Nungetch
 0000:1522 idle  _ungetch
 0000:1540       _gettext
 0000:1596       _puttext
 0000:15EC       _kbhit
 0000:15FE       _movetext
 0000:169B       _putch
 0000:16B2       __REALCVT
 0000:17EC       __SCREENIO
 0000:1828       __VALIDATEXY
 0000:189F       __SCROLL
 0000:1A0B       _setblock
 0000:1A27       _setjmp
 0000:1A5D       _longjmp
 0000:1A91       __wherexy
 0000:1A9B idle  _wherex
 0000:1AAA idle  _wherey
 0000:1ABD       _fflush
 0000:1B8A       _flushall
 0000:1C4E       _fseek
 0000:1CCE idle  _ftell
 0000:1DAE       _memcpy
 0000:1DD2       _printf
 0000:1DED idle  __fputc
 0000:1E09 idle  _fputc
 0000:1F9E idle  _fputchar
 0000:1FB2       __FPUTN
 0000:21B5       _setvbuf
 0000:2312       _sprintf
 0000:2334 idle  _vsprintf
 0000:2355       ___write
 0000:24A6       __write
 0000:24E2       __xfflush
 0251:000A       _main
 0251:02FA       _OSInitHookBegin
 0251:02FB       _OSInitHookEnd
 0251:02FC       _OSTaskCreateHook
 0251:0301 idle  _OSTaskDelHook
 0251:0306       _OSTaskIdleHook
 0251:0307       _OSTaskStatHook
 0251:0308       _OSTaskSwHook
 0251:0309       _OSTCBInitHook
 0251:030E       _OSTimeTickHook
 0282:0000       _OSStartHighRdy
 0282:001E       _OSCtxSw
 0282:0059       _OSIntCtxSw
 0282:0086       _OSTickISR
 028F:0006       _OSTaskStkInit
 028F:00EC idle  _OSTaskStkInit_FPE_x86
 02AB:0007 idle  _PC_DispChar
 02AB:0045 idle  _PC_DispClrCol
 02AB:008B idle  _PC_DispClrRow
 02AB:00C4 idle  _PC_DispClrScr
 02AB:00F5 idle  _PC_DispStr
 02AB:0144       _PC_DOSReturn
 02AB:0158       _PC_DOSSaveReturn
 02AB:01C6 idle  _PC_ElapsedInit
 02AB:01DA idle  _PC_ElapsedStart
 02AB:0200 idle  _PC_ElapsedStop
 02AB:0251 idle  _PC_GetDateTime
 02AB:02A4 idle  _PC_GetKey
 02AB:02CB       _PC_SetTickRate
 02AB:0318 idle  _PC_VectGet
 02AB:034F       _PC_VectSet
 02E3:0004       _OSInit
 02E3:0032 idle  _OSIntEnter
 02E3:0045       _OSIntExit
 02E3:00C0 idle  _OSSchedLock
 02E3:00D6 idle  _OSSchedUnlock
 02E3:0103       _OSStart
 02E3:0162 idle  _OSStatInit
 02E3:019C       _OSTimeTick
 02E3:023C idle  _OSVersion
 02E3:0240 idle  _OS_EventTaskRdy
 02E3:030A idle  _OS_EventTaskWait
 02E3:0377 idle  _OS_EventTO
 02E3:03CB idle  _OS_EventWaitListInit
 02E3:0601 idle  _OS_Sched
 02E3:0691 idle  _OS_TaskIdle
 02E3:06B6 idle  _OS_TaskStat
 02E3:0780 idle  _OS_TCBInit
 02E3:091C idle  _OSMboxAccept
 02E3:0967 idle  _OSMboxCreate
 02E3:09DC idle  _OSMboxDel
 02E3:0AFA idle  _OSMboxPend
 02E3:0BFC idle  _OSMboxPost
 02E3:0C74 idle  _OSMboxPostOpt
 02E3:0D17 idle  _OSMboxQuery
 02E3:0E0B idle  _OSMutexAccept
 02E3:0E96       _OSMutexCreate
 02E3:0F7C idle  _OSMutexDel
 02E3:10D6       _OSMutexPend
 02E3:12C6       _OSMutexPost
 02E3:147E idle  _OSMutexQuery
 02E3:1599 idle  _OSQAccept
 02E3:1639 idle  _OSQCreate
 02E3:175C idle  _OSQDel
 02E3:18D9 idle  _OSQFlush
 02E3:1931 idle  _OSQPend
 02E3:1A77 idle  _OSQPost
 02E3:1B3F idle  _OSQPostFront
 02E3:1C01 idle  _OSQPostOpt
 02E3:1D3F idle  _OSQQuery
 02E3:1E7A idle  _OS_QInit
 02E3:1ECA       _OSTaskCreateExt
 02E3:1FBA idle  _OSTaskStkChk
 02E3:209F       _OSTimeDly
 02E3:20E6 idle  _OSTimeDlyHMSM
 02E3:21D5 idle  _OSTimeGet
 02E3:21F4       _OSTimeSet
 0504:0000 idle  DATASEG@
 0504:005B idle  __Int0Vector
 0504:005F idle  __Int4Vector
 0504:0063 idle  __Int5Vector
 0504:0067 idle  __Int6Vector
 0504:006B idle  __C0argc
 0504:006D idle  __C0argv
 0504:0071 idle  __C0environ
 0504:0075 idle  __envLng
 0504:0077 idle  __envseg
 0504:0079 idle  __envSize
 0504:007B       __psp
 0504:007D idle  __osversion
 0504:007D idle  __osmajor
 0504:007D idle  __version
 0504:007E idle  __osminor
 0504:007F       _errno
 0504:0081 idle  __StartTime
 0504:0085 idle  ___brklvl
 0504:0087       __heapbase
 0504:008B       __brklvl
 0504:008F       __heaptop
 0504:0094 idle  _limits
 0504:00FE idle  _OSMapTbl
 0504:0106 idle  _OSUnMapTbl
 0504:026A       __atexitcnt
 0504:026C       __exitbuf
 0504:0270 idle  __exitfopen
 0504:0274 idle  __exitopen
 0504:0278       __streams
 0504:0408       __nfile
 0504:040A       __openfd
 0504:0432 idle  __doserrno
 0504:0434 idle  __dosErrorToSV
 0504:048E       __stklen
 0504:04F8       __wscroll
 0504:04FA       __video
 0504:0509       _directvideo
 0504:0546       __cFlag
 0504:0547       __cChar
 0504:054E       __RealCvtVector
 0504:0550 idle  __ScanTodVector
 0504:0562 idle  _resource2
 0504:0566 idle  _resource1
 0504:056A idle  _task3_stk
 0504:156A idle  _task2_stk
 0504:256A idle  _task1_stk
 0504:356A idle  _worker_stk
 0504:456A       _OSTickDOSCtr
 0504:456C idle  _PC_TickISR
 0504:4588 idle  _OSTime
 0504:458C idle  _OSQTbl
 0504:4604 idle  _OSQFreeList
 0504:4608 idle  _OSTCBTbl
 0504:4C24 idle  _OSTCBPrioTbl
 0504:4D24 idle  _OSTCBList
 0504:4D28       _OSTCBHighRdy
 0504:4D2C idle  _OSTCBFreeList
 0504:4D30       _OSTCBCur
 0504:4D34 idle  _OSTaskIdleStk
 0504:5134 idle  _OSIdleCtr
 0504:5138 idle  _OSTaskCtr
 0504:5139       _OSRunning
 0504:513A idle  _OSRdyTbl
 0504:5142 idle  _OSRdyGrp
 0504:5143       _OSPrioHighRdy
 0504:5144       _OSPrioCur
 0504:5145 idle  _OSLockNesting
 0504:5146 idle  _OSIntExitY
 0504:5147       _OSIntNesting
 0504:5148 idle  _OSTaskStatStk
 0504:5548 idle  _OSStatRdy
 0504:5549 idle  _OSIdleCtrRun
 0504:554D idle  _OSIdleCtrMax
 0504:5551 idle  _OSCPUUsage
 0504:5552 idle  _OSEventTbl
 0504:5692 idle  _OSEventFreeList
 0504:5696 idle  _OSCtxSwCtr
 0504:569A       __atexittbl

Program entry point at 0000:0000

